Archive member included to satisfy reference by file (symbol)

/Applications/STM32CubeIDE.app/Contents/Eclipse/plugins/com.st.stm32cube.ide.mcu.externaltools.gnu-tools-for-stm32.12.3.rel1.macos64_1.0.200.202406191456/tools/bin/../lib/gcc/arm-none-eabi/12.3.1/../../../../arm-none-eabi/lib/thumb/v7e-m+fp/hard/librdimon_nano.a(arm_librdimon_a-syscalls.o)
                              /Applications/STM32CubeIDE.app/Contents/Eclipse/plugins/com.st.stm32cube.ide.mcu.externaltools.gnu-tools-for-stm32.12.3.rel1.macos64_1.0.200.202406191456/tools/bin/../lib/gcc/arm-none-eabi/12.3.1/../../../../arm-none-eabi/lib/thumb/v7e-m+fp/hard/rdimon-crt0.o (__heap_limit)
/Applications/STM32CubeIDE.app/Contents/Eclipse/plugins/com.st.stm32cube.ide.mcu.externaltools.gnu-tools-for-stm32.12.3.rel1.macos64_1.0.200.202406191456/tools/bin/../lib/gcc/arm-none-eabi/12.3.1/../../../../arm-none-eabi/lib/thumb/v7e-m+fp/hard/libc_nano.a(libc_a-exit.o)
                              /Applications/STM32CubeIDE.app/Contents/Eclipse/plugins/com.st.stm32cube.ide.mcu.externaltools.gnu-tools-for-stm32.12.3.rel1.macos64_1.0.200.202406191456/tools/bin/../lib/gcc/arm-none-eabi/12.3.1/../../../../arm-none-eabi/lib/thumb/v7e-m+fp/hard/rdimon-crt0.o (exit)
/Applications/STM32CubeIDE.app/Contents/Eclipse/plugins/com.st.stm32cube.ide.mcu.externaltools.gnu-tools-for-stm32.12.3.rel1.macos64_1.0.200.202406191456/tools/bin/../lib/gcc/arm-none-eabi/12.3.1/../../../../arm-none-eabi/lib/thumb/v7e-m+fp/hard/libc_nano.a(libc_a-findfp.o)
                              /Applications/STM32CubeIDE.app/Contents/Eclipse/plugins/com.st.stm32cube.ide.mcu.externaltools.gnu-tools-for-stm32.12.3.rel1.macos64_1.0.200.202406191456/tools/bin/../lib/gcc/arm-none-eabi/12.3.1/../../../../arm-none-eabi/lib/thumb/v7e-m+fp/hard/libc_nano.a(libc_a-exit.o) (__stdio_exit_handler)
/Applications/STM32CubeIDE.app/Contents/Eclipse/plugins/com.st.stm32cube.ide.mcu.externaltools.gnu-tools-for-stm32.12.3.rel1.macos64_1.0.200.202406191456/tools/bin/../lib/gcc/arm-none-eabi/12.3.1/../../../../arm-none-eabi/lib/thumb/v7e-m+fp/hard/libc_nano.a(libc_a-fwalk.o)
                              /Applications/STM32CubeIDE.app/Contents/Eclipse/plugins/com.st.stm32cube.ide.mcu.externaltools.gnu-tools-for-stm32.12.3.rel1.macos64_1.0.200.202406191456/tools/bin/../lib/gcc/arm-none-eabi/12.3.1/../../../../arm-none-eabi/lib/thumb/v7e-m+fp/hard/libc_nano.a(libc_a-findfp.o) (_fwalk_sglue)
/Applications/STM32CubeIDE.app/Contents/Eclipse/plugins/com.st.stm32cube.ide.mcu.externaltools.gnu-tools-for-stm32.12.3.rel1.macos64_1.0.200.202406191456/tools/bin/../lib/gcc/arm-none-eabi/12.3.1/../../../../arm-none-eabi/lib/thumb/v7e-m+fp/hard/libc_nano.a(libc_a-memset.o)
                              /Applications/STM32CubeIDE.app/Contents/Eclipse/plugins/com.st.stm32cube.ide.mcu.externaltools.gnu-tools-for-stm32.12.3.rel1.macos64_1.0.200.202406191456/tools/bin/../lib/gcc/arm-none-eabi/12.3.1/../../../../arm-none-eabi/lib/thumb/v7e-m+fp/hard/rdimon-crt0.o (memset)
/Applications/STM32CubeIDE.app/Contents/Eclipse/plugins/com.st.stm32cube.ide.mcu.externaltools.gnu-tools-for-stm32.12.3.rel1.macos64_1.0.200.202406191456/tools/bin/../lib/gcc/arm-none-eabi/12.3.1/../../../../arm-none-eabi/lib/thumb/v7e-m+fp/hard/libc_nano.a(libc_a-impure.o)
                              /Applications/STM32CubeIDE.app/Contents/Eclipse/plugins/com.st.stm32cube.ide.mcu.externaltools.gnu-tools-for-stm32.12.3.rel1.macos64_1.0.200.202406191456/tools/bin/../lib/gcc/arm-none-eabi/12.3.1/../../../../arm-none-eabi/lib/thumb/v7e-m+fp/hard/librdimon_nano.a(arm_librdimon_a-syscalls.o) (_impure_ptr)
/Applications/STM32CubeIDE.app/Contents/Eclipse/plugins/com.st.stm32cube.ide.mcu.externaltools.gnu-tools-for-stm32.12.3.rel1.macos64_1.0.200.202406191456/tools/bin/../lib/gcc/arm-none-eabi/12.3.1/../../../../arm-none-eabi/lib/thumb/v7e-m+fp/hard/libc_nano.a(libc_a-errno.o)
                              ./Core/Src/sysmem.o (__errno)
/Applications/STM32CubeIDE.app/Contents/Eclipse/plugins/com.st.stm32cube.ide.mcu.externaltools.gnu-tools-for-stm32.12.3.rel1.macos64_1.0.200.202406191456/tools/bin/../lib/gcc/arm-none-eabi/12.3.1/../../../../arm-none-eabi/lib/thumb/v7e-m+fp/hard/libc_nano.a(libc_a-init.o)
                              /Applications/STM32CubeIDE.app/Contents/Eclipse/plugins/com.st.stm32cube.ide.mcu.externaltools.gnu-tools-for-stm32.12.3.rel1.macos64_1.0.200.202406191456/tools/bin/../lib/gcc/arm-none-eabi/12.3.1/../../../../arm-none-eabi/lib/thumb/v7e-m+fp/hard/rdimon-crt0.o (__libc_init_array)
/Applications/STM32CubeIDE.app/Contents/Eclipse/plugins/com.st.stm32cube.ide.mcu.externaltools.gnu-tools-for-stm32.12.3.rel1.macos64_1.0.200.202406191456/tools/bin/../lib/gcc/arm-none-eabi/12.3.1/../../../../arm-none-eabi/lib/thumb/v7e-m+fp/hard/libc_nano.a(libc_a-lock.o)
[...]
Memory Configuration

Name             Origin             Length             Attributes
CCMRAM           0x10000000         0x00010000         xrw
RAM              0x20000000         0x00030000         xrw
FLASH            0x08000000         0x00200000         xr
*default*        0x00000000         0xffffffff

Linker script and memory map

LOAD /Applications/STM32CubeIDE.app/Contents/Eclipse/plugins/com.st.stm32cube.ide.mcu.externaltools.gnu-tools-for-stm32.12.3.rel1.macos64_1.0.200.202406191456/tools/bin/../lib/gcc/arm-none-eabi/12.3.1/thumb/v7e-m+fp/hard/crti.o
LOAD /Applications/STM32CubeIDE.app/Contents/Eclipse/plugins/com.st.stm32cube.ide.mcu.externaltools.gnu-tools-for-stm32.12.3.rel1.macos64_1.0.200.202406191456/tools/bin/../lib/gcc/arm-none-eabi/12.3.1/thumb/v7e-m+fp/hard/crtbegin.o
LOAD /Applications/STM32CubeIDE.app/Contents/Eclipse/plugins/com.st.stm32cube.ide.mcu.externaltools.gnu-tools-for-stm32.12.3.rel1.macos64_1.0.200.202406191456/tools/bin/../lib/gcc/arm-none-eabi/12.3.1/../../../../arm-none-eabi/lib/thumb/v7e-m+fp/hard/rdimon-crt0.o
LOAD ./Core/Src/ApplicationCode.o
LOAD ./Core/Src/Button_Driver.o
LOAD ./Core/Src/InterruptControl.o
LOAD ./Core/Src/LCD_Driver.o
LOAD ./Core/Src/RNG.o
LOAD ./Core/Src/Scheduler.o
LOAD ./Core/Src/Tetris.o
LOAD ./Core/Src/Timer.o
LOAD ./Core/Src/fonts.o
LOAD ./Core/Src/ili9341.o
LOAD ./Core/Src/main.o
LOAD ./Core/Src/stm32f4xx_hal_msp.o
LOAD ./Core/Src/stm32f4xx_it.o
LOAD ./Core/Src/stmpe811.o
LOAD ./Core/Src/sysmem.o
LOAD ./Core/Src/system_stm32f4xx.o
LOAD ./Core/Startup/startup_stm32f429zitx.o
LOAD ./Drivers/STM32F4xx_HAL_Driver/Src/stm32f4xx_hal.o
LOAD ./Drivers/STM32F4xx_HAL_Driver/Src/stm32f4xx_hal_cortex.o
LOAD ./Drivers/STM32F4xx_HAL_Driver/Src/stm32f4xx_hal_dma.o
LOAD ./Drivers/STM32F4xx_HAL_Driver/Src/stm32f4xx_hal_dma_ex.o
LOAD ./Drivers/STM32F4xx_HAL_Driver/Src/stm32f4xx_hal_dsi.o
LOAD ./Drivers/STM32F4xx_HAL_Driver/Src/stm32f4xx_hal_exti.o
LOAD ./Drivers/STM32F4xx_HAL_Driver/Src/stm32f4xx_hal_flash.o
LOAD ./Drivers/STM32F4xx_HAL_Driver/Src/stm32f4xx_hal_flash_ex.o
LOAD ./Drivers/STM32F4xx_HAL_Driver/Src/stm32f4xx_hal_flash_ramfunc.o
LOAD ./Drivers/STM32F4xx_HAL_Driver/Src/stm32f4xx_hal_gpio.o
LOAD ./Drivers/STM32F4xx_HAL_Driver/Src/stm32f4xx_hal_i2c.o
LOAD ./Drivers/STM32F4xx_HAL_Driver/Src/stm32f4xx_hal_i2c_ex.o
LOAD ./Drivers/STM32F4xx_HAL_Driver/Src/stm32f4xx_hal_ltdc.o
LOAD ./Drivers/STM32F4xx_HAL_Driver/Src/stm32f4xx_hal_ltdc_ex.o
LOAD ./Drivers/STM32F4xx_HAL_Driver/Src/stm32f4xx_hal_pwr.o
LOAD ./Drivers/STM32F4xx_HAL_Driver/Src/stm32f4xx_hal_pwr_ex.o
LOAD ./Drivers/STM32F4xx_HAL_Driver/Src/stm32f4xx_hal_rcc.o
LOAD ./Drivers/STM32F4xx_HAL_Driver/Src/stm32f4xx_hal_rcc_ex.o
LOAD ./Drivers/STM32F4xx_HAL_Driver/Src/stm32f4xx_hal_rng.o
LOAD ./Drivers/STM32F4xx_HAL_Driver/Src/stm32f4xx_hal_spi.o
LOAD ./Drivers/STM32F4xx_HAL_Driver/Src/stm32f4xx_hal_tim.o
LOAD ./Drivers/STM32F4xx_HAL_Driver/Src/stm32f4xx_hal_tim_ex.o
LOAD /Applications/STM32CubeIDE.app/Contents/Eclipse/plugins/com.st.stm32cube.ide.mcu.externaltools.gnu-tools-for-stm32.12.3.rel1.macos64_1.0.200.202406191456/tools/bin/../lib/gcc/arm-none-eabi/12.3.1/../../../../arm-none-eabi/lib/thumb/v7e-m+fp/hard/librdimon_nano.a
START GROUP
LOAD /Applications/STM32CubeIDE.app/Contents/Eclipse/plugins/com.st.stm32cube.ide.mcu.externaltools.gnu-tools-for-stm32.12.3.rel1.macos64_1.0.200.202406191456/tools/bin/../lib/gcc/arm-none-eabi/12.3.1/../../../../arm-none-eabi/lib/thumb/v7e-m+fp/hard/libc_nano.a
LOAD /Applications/STM32CubeIDE.app/Contents/Eclipse/plugins/com.st.stm32cube.ide.mcu.externaltools.gnu-tools-for-stm32.12.3.rel1.macos64_1.0.200.202406191456/tools/bin/../lib/gcc/arm-none-eabi/12.3.1/../../../../arm-none-eabi/lib/thumb/v7e-m+fp/hard/libm.a
END GROUP
START GROUP
LOAD /Applications/STM32CubeIDE.app/Contents/Eclipse/plugins/com.st.stm32cube.ide.mcu.externaltools.gnu-tools-for-stm32.12.3.rel1.macos64_1.0.200.202406191456/tools/bin/../lib/gcc/arm-none-eabi/12.3.1/thumb/v7e-m+fp/hard/libgcc.a
LOAD /Applications/STM32CubeIDE.app/Contents/Eclipse/plugins/com.st.stm32cube.ide.mcu.externaltools.gnu-tools-for-stm32.12.3.rel1.macos64_1.0.200.202406191456/tools/bin/../lib/gcc/arm-none-eabi/12.3.1/../../../../arm-none-eabi/lib/thumb/v7e-m+fp/hard/libc_nano.a
END GROUP
START GROUP
LOAD /Applications/STM32CubeIDE.app/Contents/Eclipse/plugins/com.st.stm32cube.ide.mcu.externaltools.gnu-tools-for-stm32.12.3.rel1.macos64_1.0.200.202406191456/tools/bin/../lib/gcc/arm-none-eabi/12.3.1/thumb/v7e-m+fp/hard/libgcc.a
LOAD /Applications/STM32CubeIDE.app/Contents/Eclipse/plugins/com.st.stm32cube.ide.mcu.externaltools.gnu-tools-for-stm32.12.3.rel1.macos64_1.0.200.202406191456/tools/bin/../lib/gcc/arm-none-eabi/12.3.1/../../../../arm-none-eabi/lib/thumb/v7e-m+fp/hard/libc_nano.a
LOAD /Applications/STM32CubeIDE.app/Contents/Eclipse/plugins/com.st.stm32cube.ide.mcu.externaltools.gnu-tools-for-stm32.12.3.rel1.macos64_1.0.200.202406191456/tools/bin/../lib/gcc/arm-none-eabi/12.3.1/../../../../arm-none-eabi/lib/thumb/v7e-m+fp/hard/libnosys.a
END GROUP
START GROUP
LOAD /Applications/STM32CubeIDE.app/Contents/Eclipse/plugins/com.st.stm32cube.ide.mcu.externaltools.gnu-tools-for-stm32.12.3.rel1.macos64_1.0.200.202406191456/tools/bin/../lib/gcc/arm-none-eabi/12.3.1/thumb/v7e-m+fp/hard/libgcc.a
LOAD /Applications/STM32CubeIDE.app/Contents/Eclipse/plugins/com.st.stm32cube.ide.mcu.externaltools.gnu-tools-for-stm32.12.3.rel1.macos64_1.0.200.202406191456/tools/bin/../lib/gcc/arm-none-eabi/12.3.1/../../../../arm-none-eabi/lib/thumb/v7e-m+fp/hard/libc_nano.a
LOAD /Applications/STM32CubeIDE.app/Contents/Eclipse/plugins/com.st.stm32cube.ide.mcu.externaltools.gnu-tools-for-stm32.12.3.rel1.macos64_1.0.200.202406191456/tools/bin/../lib/gcc/arm-none-eabi/12.3.1/../../../../arm-none-eabi/lib/thumb/v7e-m+fp/hard/librdimon_nano.a
END GROUP
START GROUP
LOAD /Applications/STM32CubeIDE.app/Contents/Eclipse/plugins/com.st.stm32cube.ide.mcu.externaltools.gnu-tools-for-stm32.12.3.rel1.macos64_1.0.200.202406191456/tools/bin/../lib/gcc/arm-none-eabi/12.3.1/thumb/v7e-m+fp/hard/libgcc.a
LOAD /Applications/STM32CubeIDE.app/Contents/Eclipse/plugins/com.st.stm32cube.ide.mcu.externaltools.gnu-tools-for-stm32.12.3.rel1.macos64_1.0.200.202406191456/tools/bin/../lib/gcc/arm-none-eabi/12.3.1/../../../../arm-none-eabi/lib/thumb/v7e-m+fp/hard/libc_nano.a
LOAD /Applications/STM32CubeIDE.app/Contents/Eclipse/plugins/com.st.stm32cube.ide.mcu.externaltools.gnu-tools-for-stm32.12.3.rel1.macos64_1.0.200.202406191456/tools/bin/../lib/gcc/arm-none-eabi/12.3.1/../../../../arm-none-eabi/lib/thumb/v7e-m+fp/hard/librdimon_nano.a
LOAD /Applications/STM32CubeIDE.app/Contents/Eclipse/plugins/com.st.stm32cube.ide.mcu.externaltools.gnu-tools-for-stm32.12.3.rel1.macos64_1.0.200.202406191456/tools/bin/../lib/gcc/arm-none-eabi/12.3.1/../../../../arm-none-eabi/lib/thumb/v7e-m+fp/hard/libnosys.a
END GROUP
LOAD /Applications/STM32CubeIDE.app/Contents/Eclipse/plugins/com.st.stm32cube.ide.mcu.externaltools.gnu-tools-for-stm32.12.3.rel1.macos64_1.0.200.202406191456/tools/bin/../lib/gcc/arm-none-eabi/12.3.1/thumb/v7e-m+fp/hard/crtend.o
LOAD /Applications/STM32CubeIDE.app/Contents/Eclipse/plugins/com.st.stm32cube.ide.mcu.externaltools.gnu-tools-for-stm32.12.3.rel1.macos64_1.0.200.202406191456/tools/bin/../lib/gcc/arm-none-eabi/12.3.1/thumb/v7e-m+fp/hard/crtn.o
                0x20030000                        _estack = (ORIGIN (RAM) + LENGTH (RAM))
                0x00000200                        _Min_Heap_Size = 0x200
                0x00000400                        _Min_Stack_Size = 0x400

.isr_vector     0x08000000      0x1ac
                0x08000000                        . = ALIGN (0x4)
 *(.isr_vector)
 .isr_vector    0x08000000      0x1ac ./Core/Startup/startup_stm32f429zitx.o
                0x08000000                g_pfnVectors
                0x080001ac                        . = ALIGN (0x4)

.text           0x080001ac     0x68e4
                0x080001ac                        . = ALIGN (0x4)
 *(.text)
 .text          0x080001ac       0x40 /Applications/STM32CubeIDE.app/Contents/Eclipse/plugins/com.st.stm32cube.ide.mcu.externaltools.gnu-tools-for-stm32.12.3.rel1.macos64_1.0.200.202406191456/tools/bin/../lib/gcc/arm-none-eabi/12.3.1/thumb/v7e-m+fp/hard/crtbegin.o
 .text          0x080001ec       0x10 /Applications/STM32CubeIDE.app/Contents/Eclipse/plugins/com.st.stm32cube.ide.mcu.externaltools.gnu-tools-for-stm32.12.3.rel1.macos64_1.0.200.202406191456/tools/bin/../lib/gcc/arm-none-eabi/12.3.1/../../../../arm-none-eabi/lib/thumb/v7e-m+fp/hard/libc_nano.a(libc_a-strlen.o)
                0x080001ec                strlen
 .text          0x080001fc       0x30 /Applications/STM32CubeIDE.app/Contents/Eclipse/plugins/com.st.stm32cube.ide.mcu.externaltools.gnu-tools-for-stm32.12.3.rel1.macos64_1.0.200.202406191456/tools/bin/../lib/gcc/arm-none-eabi/12.3.1/thumb/v7e-m+fp/hard/libgcc.a(_aeabi_uldivmod.o)
                0x080001fc                __aeabi_uldivmod
 .text          0x0800022c      0x2bc /Applications/STM32CubeIDE.app/Contents/Eclipse/plugins/com.st.stm32cube.ide.mcu.externaltools.gnu-tools-for-stm32.12.3.rel1.macos64_1.0.200.202406191456/tools/bin/../lib/gcc/arm-none-eabi/12.3.1/thumb/v7e-m+fp/hard/libgcc.a(_udivmoddi4.o)
                0x0800022c                __udivmoddi4
 .text          0x080004e8        0x4 /Applications/STM32CubeIDE.app/Contents/Eclipse/plugins/com.st.stm32cube.ide.mcu.externaltools.gnu-tools-for-stm32.12.3.rel1.macos64_1.0.200.202406191456/tools/bin/../lib/gcc/arm-none-eabi/12.3.1/thumb/v7e-m+fp/hard/libgcc.a(_dvmd_tls.o)
                0x080004e8                __aeabi_ldiv0
                0x080004e8                __aeabi_idiv0
 *(.text*)
 .text.ApplicationInit
                0x080004ec       0x40 ./Core/Src/ApplicationCode.o
                0x080004ec                ApplicationInit
 .text.ApplicationGame
                0x0800052c       0x68 ./Core/Src/ApplicationCode.o
                0x0800052c                ApplicationGame
 .text.First_Screen
                0x08000594        0xc ./Core/Src/ApplicationCode.o
                0x08000594                First_Screen
 .text.Tim_Init
                0x080005a0        0xc ./Core/Src/ApplicationCode.o
                0x080005a0                Tim_Init
 .text.BUTT_Init_IT
                0x080005ac        0xc ./Core/Src/ApplicationCode.o
                0x080005ac                BUTT_Init_IT
 .text.Random_Init
                0x080005b8        0xc ./Core/Src/ApplicationCode.o
                0x080005b8                Random_Init
 .text.TIM2_IRQHandler
                0x080005c4       0x30 ./Core/Src/ApplicationCode.o
                0x080005c4                TIM2_IRQHandler
 .text.EXTI0_IRQHandler
                0x080005f4       0x26 ./Core/Src/ApplicationCode.o
                0x080005f4                EXTI0_IRQHandler
 *fill*         0x0800061a        0x2 
 .text.BUTTON_ClockControl
                0x0800061c       0x34 ./Core/Src/Button_Driver.o
                0x0800061c                BUTTON_ClockControl
 .text.BUTTON_Init_Interupt
                0x08000650       0x48 ./Core/Src/Button_Driver.o
                0x08000650                BUTTON_Init_Interupt
 .text.IRQ_ENABLE
                0x08000698       0x4c ./Core/Src/InterruptControl.o
                0x08000698                IRQ_ENABLE
 .text.IRQ_DISABLE
                0x080006e4       0x50 ./Core/Src/InterruptControl.o
                0x080006e4                IRQ_DISABLE
 .text.IRQ_CLEAR
                0x08000734       0x50 ./Core/Src/InterruptControl.o
                0x08000734                IRQ_CLEAR
 .text.CLEAR_EXTI
                0x08000784       0x30 ./Core/Src/InterruptControl.o
                0x08000784                CLEAR_EXTI
 .text.LCD_GPIO_Init
                0x080007b4      0x190 ./Core/Src/LCD_Driver.o
                0x080007b4                LCD_GPIO_Init
 .text.LTCD_Layer_Init
                0x08000944       0x80 ./Core/Src/LCD_Driver.o
                0x08000944                LTCD_Layer_Init
 .text.LTCD__Init
                0x080009c4       0xbc ./Core/Src/LCD_Driver.o
                0x080009c4                LTCD__Init
 .text.LCD_Draw_Pixel
                0x08000a80       0x3c ./Core/Src/LCD_Driver.o
                0x08000a80                LCD_Draw_Pixel
 .text.LCD_Clear
                0x08000abc       0x44 ./Core/Src/LCD_Driver.o
                0x08000abc                LCD_Clear
 .text.LCD_SetTextColor
                0x08000b00       0x20 ./Core/Src/LCD_Driver.o
                0x08000b00                LCD_SetTextColor
 .text.LCD_SetFont
                0x08000b20       0x20 ./Core/Src/LCD_Driver.o
                0x08000b20                LCD_SetFont
 .text.LCD_Draw_Char
                0x08000b40       0xdc ./Core/Src/LCD_Driver.o
                0x08000b40                LCD_Draw_Char
 .text.LCD_DisplayChar
                0x08000c1c       0x44 ./Core/Src/LCD_Driver.o
                0x08000c1c                LCD_DisplayChar
 .text.LCD_Error_Handler
                0x08000c60        0xc ./Core/Src/LCD_Driver.o
                0x08000c60                LCD_Error_Handler
 .text.InitializeLCDTouch
                0x08000c6c       0x16 ./Core/Src/LCD_Driver.o
                0x08000c6c                InitializeLCDTouch
 .text.returnTouchStateAndLocation
                0x08000c82       0x18 ./Core/Src/LCD_Driver.o
                0x08000c82                returnTouchStateAndLocation
 *fill*         0x08000c9a        0x2 
 .text.Start_Screen
                0x08000c9c      0x120 ./Core/Src/LCD_Driver.o
                0x08000c9c                Start_Screen
 .text.O_Shape  0x08000dbc       0x68 ./Core/Src/LCD_Driver.o
                0x08000dbc                O_Shape
 .text.I_Shape  0x08000e24       0x6c ./Core/Src/LCD_Driver.o
                0x08000e24                I_Shape
 .text.S_Shape  0x08000e90       0xa4 ./Core/Src/LCD_Driver.o
                0x08000e90                S_Shape
 .text.Z_Shape  0x08000f34       0xa4 ./Core/Src/LCD_Driver.o
                0x08000f34                Z_Shape
 .text.L_Shape  0x08000fd8       0xd8 ./Core/Src/LCD_Driver.o
                0x08000fd8                L_Shape
 .text.J_Shape  0x080010b0       0xd8 ./Core/Src/LCD_Driver.o
                0x080010b0                J_Shape
 .text.T_Shape  0x08001188       0xa4 ./Core/Src/LCD_Driver.o
                0x08001188                T_Shape
 .text.Draw_Block
                0x0800122c       0x58 ./Core/Src/LCD_Driver.o
                0x0800122c                Draw_Block
 .text.RNG_Init
                0x08001284       0x5c ./Core/Src/RNG.o
                0x08001284                RNG_Init
 .text.Gen_Number
                0x080012e0       0x38 ./Core/Src/RNG.o
                0x080012e0                Gen_Number
 .text.addSchedulerEvent
                0x08001318       0x24 ./Core/Src/Scheduler.o
                0x08001318                addSchedulerEvent
 .text.removeSchedulerEvent
                0x0800133c       0x28 ./Core/Src/Scheduler.o
                0x0800133c                removeSchedulerEvent
 .text.getScheduledEvents
                0x08001364       0x18 ./Core/Src/Scheduler.o
                0x08001364                getScheduledEvents
 .text.Start_Tetris
                0x0800137c      0x114 ./Core/Src/Tetris.o
                0x0800137c                Start_Tetris
 .text.Draw_Shape
                0x08001490       0x7a ./Core/Src/Tetris.o
                0x08001490                Draw_Shape
 *fill*         0x0800150a        0x2 
 .text.Update_Board
                0x0800150c       0x7c ./Core/Src/Tetris.o
                0x0800150c                Update_Board
 .text.Random_Shape
                0x08001588       0x38 ./Core/Src/Tetris.o
                0x08001588                Random_Shape
 .text.Rotate_CC
                0x080015c0       0xd4 ./Core/Src/Tetris.o
                0x080015c0                Rotate_CC
 .text.Check_Down
                0x08001694       0xd4 ./Core/Src/Tetris.o
                0x08001694                Check_Down
 .text.Move_Down
                0x08001768       0x58 ./Core/Src/Tetris.o
                0x08001768                Move_Down
 .text.TIMER_Init
                0x080017c0       0xd4 ./Core/Src/Timer.o
                0x080017c0                TIMER_Init
 .text.TIMER_Reset
                0x08001894       0x16 ./Core/Src/Timer.o
                0x08001894                TIMER_Reset
 *fill*         0x080018aa        0x2 
 .text.TIMER_Int_Start
                0x080018ac       0x2c ./Core/Src/Timer.o
                0x080018ac                TIMER_Int_Start
 .text.TIMER_Int_Stop
                0x080018d8       0x2c ./Core/Src/Timer.o
                0x080018d8                TIMER_Int_Stop
 .text.ili9341_Init
                0x08001904      0x294 ./Core/Src/ili9341.o
                0x08001904                ili9341_Init
 .text.ili9341_Write_Reg
                0x08001b98       0x1a ./Core/Src/ili9341.o
                0x08001b98                ili9341_Write_Reg
 .text.ili9341_Send_Data
                0x08001bb2       0x1a ./Core/Src/ili9341.o
                0x08001bb2                ili9341_Send_Data
 .text.SPI_Init
                0x08001bcc       0x74 ./Core/Src/ili9341.o
 .text.SPI_Write
                0x08001c40       0x3c ./Core/Src/ili9341.o
 .text.SPI_Error
                0x08001c7c       0x18 ./Core/Src/ili9341.o
 .text.SPI_MspInit
                0x08001c94       0x74 ./Core/Src/ili9341.o
 .text.LCD_IO_Init
                0x08001d08       0xf0 ./Core/Src/ili9341.o
                0x08001d08                LCD_IO_Init
 .text.LCD_IO_WriteData
                0x08001df8       0x44 ./Core/Src/ili9341.o
                0x08001df8                LCD_IO_WriteData
 .text.LCD_IO_WriteReg
                0x08001e3c       0x44 ./Core/Src/ili9341.o
                0x08001e3c                LCD_IO_WriteReg
 .text.LCD_Delay
                0x08001e80       0x16 ./Core/Src/ili9341.o
                0x08001e80                LCD_Delay
 *fill*         0x08001e96        0x2 
 .text.main     0x08001e98       0x98 ./Core/Src/main.o
                0x08001e98                main
 .text.SystemClockOverride
                0x08001f30       0x80 ./Core/Src/main.o
                0x08001f30                SystemClockOverride
 .text.Error_Handler
                0x08001fb0        0xc ./Core/Src/main.o
                0x08001fb0                Error_Handler
 .text.HAL_MspInit
                0x08001fbc       0x50 ./Core/Src/stm32f4xx_hal_msp.o
                0x08001fbc                HAL_MspInit
 .text.HAL_I2C_MspInit
                0x0800200c       0xd4 ./Core/Src/stm32f4xx_hal_msp.o
                0x0800200c                HAL_I2C_MspInit
 .text.HAL_LTDC_MspInit
                0x080020e0      0x250 ./Core/Src/stm32f4xx_hal_msp.o
                0x080020e0                HAL_LTDC_MspInit
 .text.HAL_RNG_MspInit
                0x08002330       0x44 ./Core/Src/stm32f4xx_hal_msp.o
                0x08002330                HAL_RNG_MspInit
 .text.HAL_SPI_MspInit
                0x08002374       0x90 ./Core/Src/stm32f4xx_hal_msp.o
                0x08002374                HAL_SPI_MspInit
 .text.HAL_SPI_MspDeInit
                0x08002404       0x3c ./Core/Src/stm32f4xx_hal_msp.o
                0x08002404                HAL_SPI_MspDeInit
 .text.HAL_TIM_Base_MspInit
                0x08002440       0x44 ./Core/Src/stm32f4xx_hal_msp.o
                0x08002440                HAL_TIM_Base_MspInit
 .text.NMI_Handler
                0x08002484        0x8 ./Core/Src/stm32f4xx_it.o
                0x08002484                NMI_Handler
 .text.HardFault_Handler
                0x0800248c        0x8 ./Core/Src/stm32f4xx_it.o
                0x0800248c                HardFault_Handler
 .text.MemManage_Handler
                0x08002494        0x8 ./Core/Src/stm32f4xx_it.o
                0x08002494                MemManage_Handler
 .text.BusFault_Handler
                0x0800249c        0x8 ./Core/Src/stm32f4xx_it.o
                0x0800249c                BusFault_Handler
 .text.UsageFault_Handler
                0x080024a4        0x8 ./Core/Src/stm32f4xx_it.o
                0x080024a4                UsageFault_Handler
 .text.SVC_Handler
                0x080024ac        0xe ./Core/Src/stm32f4xx_it.o
                0x080024ac                SVC_Handler
 .text.DebugMon_Handler
                0x080024ba        0xe ./Core/Src/stm32f4xx_it.o
                0x080024ba                DebugMon_Handler
 .text.PendSV_Handler
                0x080024c8        0xe ./Core/Src/stm32f4xx_it.o
                0x080024c8                PendSV_Handler
 .text.SysTick_Handler
                0x080024d6        0xc ./Core/Src/stm32f4xx_it.o
                0x080024d6                SysTick_Handler
 .text.STMPE811_Init
                0x080024e2      0x14e ./Core/Src/stmpe811.o
                0x080024e2                STMPE811_Init
 .text.STMPE811_Read
                0x08002630       0x22 ./Core/Src/stmpe811.o
                0x08002630                STMPE811_Read
 .text.STMPE811_ReadTouch
                0x08002652      0x198 ./Core/Src/stmpe811.o
                0x08002652                STMPE811_ReadTouch
 *fill*         0x080027ea        0x2 
 .text.verifyHAL_I2C_IS_OKAY
                0x080027ec       0x20 ./Core/Src/stmpe811.o
                0x080027ec                verifyHAL_I2C_IS_OKAY
 .text.I2C3_Init
                0x0800280c       0x7c ./Core/Src/stmpe811.o
 .text.I2C3_MspInit
                0x08002888       0xa8 ./Core/Src/stmpe811.o
 .text.I2C3_Write
                0x08002930       0x54 ./Core/Src/stmpe811.o
                0x08002930                I2C3_Write
 .text.I2C3_Read
                0x08002984       0x4c ./Core/Src/stmpe811.o
                0x08002984                I2C3_Read
 .text.I2C3_MulitByteRead
                0x080029d0       0x44 ./Core/Src/stmpe811.o
                0x080029d0                I2C3_MulitByteRead
 .text.TM_STMPE811_ReadX
                0x08002a14       0xbc ./Core/Src/stmpe811.o
                0x08002a14                TM_STMPE811_ReadX
 .text.TM_STMPE811_ReadY
                0x08002ad0       0xa4 ./Core/Src/stmpe811.o
                0x08002ad0                TM_STMPE811_ReadY
 .text.SystemInit
                0x08002b74       0x24 ./Core/Src/system_stm32f4xx.o
                0x08002b74                SystemInit
 .text.Reset_Handler
                0x08002b98       0x50 ./Core/Startup/startup_stm32f429zitx.o
                0x08002b98                Reset_Handler
 .text.Default_Handler
                0x08002be8        0x2 ./Core/Startup/startup_stm32f429zitx.o
                0x08002be8                DMA1_Stream3_IRQHandler
                0x08002be8                HASH_RNG_IRQHandler
                0x08002be8                EXTI2_IRQHandler
                0x08002be8                TIM8_CC_IRQHandler
                0x08002be8                UART8_IRQHandler
                0x08002be8                SPI4_IRQHandler
                0x08002be8                TIM1_CC_IRQHandler
                0x08002be8                DMA2_Stream5_IRQHandler
                0x08002be8                DMA1_Stream5_IRQHandler
                0x08002be8                PVD_IRQHandler
                0x08002be8                SDIO_IRQHandler
                0x08002be8                TAMP_STAMP_IRQHandler
                0x08002be8                CAN2_RX1_IRQHandler
                0x08002be8                EXTI3_IRQHandler
                0x08002be8                TIM8_TRG_COM_TIM14_IRQHandler
                0x08002be8                TIM1_UP_TIM10_IRQHandler
                0x08002be8                TIM8_UP_TIM13_IRQHandler
                0x08002be8                I2C3_ER_IRQHandler
                0x08002be8                I2C2_EV_IRQHandler
                0x08002be8                DMA1_Stream2_IRQHandler
                0x08002be8                CAN1_RX0_IRQHandler
                0x08002be8                FPU_IRQHandler
                0x08002be8                OTG_HS_WKUP_IRQHandler
                0x08002be8                LTDC_ER_IRQHandler
                0x08002be8                CAN2_SCE_IRQHandler
                0x08002be8                DMA2_Stream2_IRQHandler
                0x08002be8                SPI1_IRQHandler
                0x08002be8                TIM6_DAC_IRQHandler
                0x08002be8                TIM1_BRK_TIM9_IRQHandler
                0x08002be8                DCMI_IRQHandler
                0x08002be8                CAN2_RX0_IRQHandler
                0x08002be8                DMA2_Stream3_IRQHandler
                0x08002be8                USART6_IRQHandler
                0x08002be8                USART3_IRQHandler
                0x08002be8                CAN1_RX1_IRQHandler
                0x08002be8                UART5_IRQHandler
                0x08002be8                DMA2_Stream0_IRQHandler
                0x08002be8                TIM4_IRQHandler
                0x08002be8                I2C1_EV_IRQHandler
                0x08002be8                DMA1_Stream6_IRQHandler
                0x08002be8                DMA1_Stream1_IRQHandler
                0x08002be8                UART4_IRQHandler
                0x08002be8                TIM3_IRQHandler
                0x08002be8                RCC_IRQHandler
                0x08002be8                TIM8_BRK_TIM12_IRQHandler
                0x08002be8                Default_Handler
                0x08002be8                EXTI15_10_IRQHandler
                0x08002be8                ADC_IRQHandler
                0x08002be8                DMA1_Stream7_IRQHandler
                0x08002be8                SPI5_IRQHandler
                0x08002be8                TIM7_IRQHandler
                0x08002be8                CAN2_TX_IRQHandler
                0x08002be8                TIM5_IRQHandler
                0x08002be8                DMA2_Stream7_IRQHandler
                0x08002be8                I2C3_EV_IRQHandler
                0x08002be8                EXTI9_5_IRQHandler
                0x08002be8                RTC_WKUP_IRQHandler
                0x08002be8                LTDC_IRQHandler
                0x08002be8                ETH_WKUP_IRQHandler
                0x08002be8                SPI2_IRQHandler
                0x08002be8                OTG_HS_EP1_IN_IRQHandler
                0x08002be8                DMA1_Stream0_IRQHandler
                0x08002be8                CAN1_TX_IRQHandler
                0x08002be8                EXTI4_IRQHandler
                0x08002be8                ETH_IRQHandler
                0x08002be8                OTG_HS_EP1_OUT_IRQHandler
                0x08002be8                WWDG_IRQHandler
                0x08002be8                SPI6_IRQHandler
                0x08002be8                OTG_FS_WKUP_IRQHandler
                0x08002be8                TIM1_TRG_COM_TIM11_IRQHandler
                0x08002be8                OTG_HS_IRQHandler
                0x08002be8                DMA2D_IRQHandler
                0x08002be8                EXTI1_IRQHandler
                0x08002be8                UART7_IRQHandler
                0x08002be8                USART2_IRQHandler
                0x08002be8                I2C2_ER_IRQHandler
                0x08002be8                DMA2_Stream1_IRQHandler
                0x08002be8                CAN1_SCE_IRQHandler
                0x08002be8                FLASH_IRQHandler
                0x08002be8                DMA2_Stream4_IRQHandler
                0x08002be8                USART1_IRQHandler
                0x08002be8                OTG_FS_IRQHandler
                0x08002be8                SPI3_IRQHandler
                0x08002be8                DMA1_Stream4_IRQHandler
                0x08002be8                I2C1_ER_IRQHandler
                0x08002be8                FMC_IRQHandler
                0x08002be8                DMA2_Stream6_IRQHandler
                0x08002be8                SAI1_IRQHandler
                0x08002be8                RTC_Alarm_IRQHandler
 *fill*         0x08002bea        0x2 
 .text.HAL_Init
                0x08002bec       0x44 ./Drivers/STM32F4xx_HAL_Driver/Src/stm32f4xx_hal.o
                0x08002bec                HAL_Init
 .text.HAL_InitTick
                0x08002c30       0x60 ./Drivers/STM32F4xx_HAL_Driver/Src/stm32f4xx_hal.o
                0x08002c30                HAL_InitTick
 .text.HAL_IncTick
                0x08002c90       0x28 ./Drivers/STM32F4xx_HAL_Driver/Src/stm32f4xx_hal.o
                0x08002c90                HAL_IncTick
 .text.HAL_GetTick
                0x08002cb8       0x18 ./Drivers/STM32F4xx_HAL_Driver/Src/stm32f4xx_hal.o
                0x08002cb8                HAL_GetTick
 .text.HAL_Delay
                0x08002cd0       0x48 ./Drivers/STM32F4xx_HAL_Driver/Src/stm32f4xx_hal.o
                0x08002cd0                HAL_Delay
 .text.__NVIC_SetPriorityGrouping
                0x08002d18       0x48 ./Drivers/STM32F4xx_HAL_Driver/Src/stm32f4xx_hal_cortex.o
 .text.__NVIC_GetPriorityGrouping
                0x08002d60       0x1c ./Drivers/STM32F4xx_HAL_Driver/Src/stm32f4xx_hal_cortex.o
 .text.__NVIC_SetPriority
                0x08002d7c       0x54 ./Drivers/STM32F4xx_HAL_Driver/Src/stm32f4xx_hal_cortex.o
 .text.NVIC_EncodePriority
                0x08002dd0       0x66 ./Drivers/STM32F4xx_HAL_Driver/Src/stm32f4xx_hal_cortex.o
 *fill*         0x08002e36        0x2 
 .text.SysTick_Config
                0x08002e38       0x44 ./Drivers/STM32F4xx_HAL_Driver/Src/stm32f4xx_hal_cortex.o
 .text.HAL_NVIC_SetPriorityGrouping
                0x08002e7c       0x16 ./Drivers/STM32F4xx_HAL_Driver/Src/stm32f4xx_hal_cortex.o
                0x08002e7c                HAL_NVIC_SetPriorityGrouping
 .text.HAL_NVIC_SetPriority
                0x08002e92       0x38 ./Drivers/STM32F4xx_HAL_Driver/Src/stm32f4xx_hal_cortex.o
                0x08002e92                HAL_NVIC_SetPriority
 .text.HAL_SYSTICK_Config
                0x08002eca       0x18 ./Drivers/STM32F4xx_HAL_Driver/Src/stm32f4xx_hal_cortex.o
                0x08002eca                HAL_SYSTICK_Config
 *fill*         0x08002ee2        0x2 
 .text.HAL_GPIO_Init
                0x08002ee4      0x358 ./Drivers/STM32F4xx_HAL_Driver/Src/stm32f4xx_hal_gpio.o
                0x08002ee4                HAL_GPIO_Init
 .text.HAL_GPIO_DeInit
                0x0800323c      0x218 ./Drivers/STM32F4xx_HAL_Driver/Src/stm32f4xx_hal_gpio.o
                0x0800323c                HAL_GPIO_DeInit
 .text.HAL_GPIO_WritePin
                0x08003454       0x32 ./Drivers/STM32F4xx_HAL_Driver/Src/stm32f4xx_hal_gpio.o
                0x08003454                HAL_GPIO_WritePin
 *fill*         0x08003486        0x2 
 .text.HAL_I2C_Init
                0x08003488      0x288 ./Drivers/STM32F4xx_HAL_Driver/Src/stm32f4xx_hal_i2c.o
                0x08003488                HAL_I2C_Init
 .text.HAL_I2C_Mem_Write
                0x08003710      0x1f4 ./Drivers/STM32F4xx_HAL_Driver/Src/stm32f4xx_hal_i2c.o
                0x08003710                HAL_I2C_Mem_Write
 .text.HAL_I2C_Mem_Read
                0x08003904      0x464 ./Drivers/STM32F4xx_HAL_Driver/Src/stm32f4xx_hal_i2c.o
                0x08003904                HAL_I2C_Mem_Read
 .text.I2C_RequestMemoryWrite
                0x08003d68      0x12c ./Drivers/STM32F4xx_HAL_Driver/Src/stm32f4xx_hal_i2c.o
 .text.I2C_RequestMemoryRead
                0x08003e94      0x1d0 ./Drivers/STM32F4xx_HAL_Driver/Src/stm32f4xx_hal_i2c.o
 .text.I2C_WaitOnFlagUntilTimeout
                0x08004064       0xf4 ./Drivers/STM32F4xx_HAL_Driver/Src/stm32f4xx_hal_i2c.o
 .text.I2C_WaitOnMasterAddressFlagUntilTimeout
                0x08004158      0x140 ./Drivers/STM32F4xx_HAL_Driver/Src/stm32f4xx_hal_i2c.o
 .text.I2C_WaitOnTXEFlagUntilTimeout
                0x08004298       0x90 ./Drivers/STM32F4xx_HAL_Driver/Src/stm32f4xx_hal_i2c.o
 .text.I2C_WaitOnBTFFlagUntilTimeout
                0x08004328       0x90 ./Drivers/STM32F4xx_HAL_Driver/Src/stm32f4xx_hal_i2c.o
 .text.I2C_WaitOnRXNEFlagUntilTimeout
                0x080043b8       0xba ./Drivers/STM32F4xx_HAL_Driver/Src/stm32f4xx_hal_i2c.o
 .text.I2C_IsAcknowledgeFailed
                0x08004472       0x5e ./Drivers/STM32F4xx_HAL_Driver/Src/stm32f4xx_hal_i2c.o
 .text.HAL_LTDC_Init
                0x080044d0      0x1a0 ./Drivers/STM32F4xx_HAL_Driver/Src/stm32f4xx_hal_ltdc.o
                0x080044d0                HAL_LTDC_Init
 .text.HAL_LTDC_ConfigLayer
                0x08004670       0x7c ./Drivers/STM32F4xx_HAL_Driver/Src/stm32f4xx_hal_ltdc.o
                0x08004670                HAL_LTDC_ConfigLayer
 .text.LTDC_SetConfig
                0x080046ec      0x32e ./Drivers/STM32F4xx_HAL_Driver/Src/stm32f4xx_hal_ltdc.o
 *fill*         0x08004a1a        0x2 
 .text.HAL_RCC_OscConfig
                0x08004a1c      0x4f0 ./Drivers/STM32F4xx_HAL_Driver/Src/stm32f4xx_hal_rcc.o
                0x08004a1c                HAL_RCC_OscConfig
 .text.HAL_RCC_ClockConfig
                0x08004f0c      0x1cc ./Drivers/STM32F4xx_HAL_Driver/Src/stm32f4xx_hal_rcc.o
                0x08004f0c                HAL_RCC_ClockConfig
 .text.HAL_RCC_GetSysClockFreq
                0x080050d8      0x20c ./Drivers/STM32F4xx_HAL_Driver/Src/stm32f4xx_hal_rcc.o
                0x080050d8                HAL_RCC_GetSysClockFreq
 .text.HAL_RCC_GetHCLKFreq
                0x080052e4       0x18 ./Drivers/STM32F4xx_HAL_Driver/Src/stm32f4xx_hal_rcc.o
                0x080052e4                HAL_RCC_GetHCLKFreq
 .text.HAL_RCC_GetPCLK1Freq
                0x080052fc       0x28 ./Drivers/STM32F4xx_HAL_Driver/Src/stm32f4xx_hal_rcc.o
                0x080052fc                HAL_RCC_GetPCLK1Freq
 .text.HAL_RCCEx_PeriphCLKConfig
                0x08005324      0x380 ./Drivers/STM32F4xx_HAL_Driver/Src/stm32f4xx_hal_rcc_ex.o
                0x08005324                HAL_RCCEx_PeriphCLKConfig
 .text.HAL_RNG_Init
                0x080056a4       0x54 ./Drivers/STM32F4xx_HAL_Driver/Src/stm32f4xx_hal_rng.o
                0x080056a4                HAL_RNG_Init
 .text.HAL_RNG_GenerateRandomNumber
                0x080056f8       0xac ./Drivers/STM32F4xx_HAL_Driver/Src/stm32f4xx_hal_rng.o
                0x080056f8                HAL_RNG_GenerateRandomNumber
 .text.HAL_SPI_Init
                0x080057a4      0x112 ./Drivers/STM32F4xx_HAL_Driver/Src/stm32f4xx_hal_spi.o
                0x080057a4                HAL_SPI_Init
 .text.HAL_SPI_DeInit
                0x080058b6       0x50 ./Drivers/STM32F4xx_HAL_Driver/Src/stm32f4xx_hal_spi.o
                0x080058b6                HAL_SPI_DeInit
 .text.HAL_SPI_Transmit
                0x08005906      0x288 ./Drivers/STM32F4xx_HAL_Driver/Src/stm32f4xx_hal_spi.o
                0x08005906                HAL_SPI_Transmit
 .text.HAL_SPI_GetState
                0x08005b8e       0x1c ./Drivers/STM32F4xx_HAL_Driver/Src/stm32f4xx_hal_spi.o
                0x08005b8e                HAL_SPI_GetState
 *fill*         0x08005baa        0x2 
 .text.SPI_WaitFlagStateUntilTimeout
                0x08005bac      0x110 ./Drivers/STM32F4xx_HAL_Driver/Src/stm32f4xx_hal_spi.o
 .text.SPI_EndRxTxTransaction
                0x08005cbc       0xa8 ./Drivers/STM32F4xx_HAL_Driver/Src/stm32f4xx_hal_spi.o
 .text.HAL_TIM_Base_Init
                0x08005d64       0x9e ./Drivers/STM32F4xx_HAL_Driver/Src/stm32f4xx_hal_tim.o
                0x08005d64                HAL_TIM_Base_Init
 *fill*         0x08005e02        0x2 
 .text.HAL_TIM_Base_Start_IT
                0x08005e04       0xe0 ./Drivers/STM32F4xx_HAL_Driver/Src/stm32f4xx_hal_tim.o
                0x08005e04                HAL_TIM_Base_Start_IT
 .text.HAL_TIM_Base_Stop_IT
                0x08005ee4       0x5e ./Drivers/STM32F4xx_HAL_Driver/Src/stm32f4xx_hal_tim.o
                0x08005ee4                HAL_TIM_Base_Stop_IT
 *fill*         0x08005f42        0x2 
 .text.TIM_Base_SetConfig
                0x08005f44      0x158 ./Drivers/STM32F4xx_HAL_Driver/Src/stm32f4xx_hal_tim.o
                0x08005f44                TIM_Base_SetConfig
 .text.findslot
                0x0800609c       0x34 /Applications/STM32CubeIDE.app/Contents/Eclipse/plugins/com.st.stm32cube.ide.mcu.externaltools.gnu-tools-for-stm32.12.3.rel1.macos64_1.0.200.202406191456/tools/bin/../lib/gcc/arm-none-eabi/12.3.1/../../../../arm-none-eabi/lib/thumb/v7e-m+fp/hard/librdimon_nano.a(arm_librdimon_a-syscalls.o)
 .text.error    0x080060d0       0x1c /Applications/STM32CubeIDE.app/Contents/Eclipse/plugins/com.st.stm32cube.ide.mcu.externaltools.gnu-tools-for-stm32.12.3.rel1.macos64_1.0.200.202406191456/tools/bin/../lib/gcc/arm-none-eabi/12.3.1/../../../../arm-none-eabi/lib/thumb/v7e-m+fp/hard/librdimon_nano.a(arm_librdimon_a-syscalls.o)
 .text.checkerror
                0x080060ec        0xa /Applications/STM32CubeIDE.app/Contents/Eclipse/plugins/com.st.stm32cube.ide.mcu.externaltools.gnu-tools-for-stm32.12.3.rel1.macos64_1.0.200.202406191456/tools/bin/../lib/gcc/arm-none-eabi/12.3.1/../../../../arm-none-eabi/lib/thumb/v7e-m+fp/hard/librdimon_nano.a(arm_librdimon_a-syscalls.o)
 .text._swiread
                0x080060f6       0x20 /Applications/STM32CubeIDE.app/Contents/Eclipse/plugins/com.st.stm32cube.ide.mcu.externaltools.gnu-tools-for-stm32.12.3.rel1.macos64_1.0.200.202406191456/tools/bin/../lib/gcc/arm-none-eabi/12.3.1/../../../../arm-none-eabi/lib/thumb/v7e-m+fp/hard/librdimon_nano.a(arm_librdimon_a-syscalls.o)
                0x080060f6                _swiread
 .text._read    0x08006116       0x34 /Applications/STM32CubeIDE.app/Contents/Eclipse/plugins/com.st.stm32cube.ide.mcu.externaltools.gnu-tools-for-stm32.12.3.rel1.macos64_1.0.200.202406191456/tools/bin/../lib/gcc/arm-none-eabi/12.3.1/../../../../arm-none-eabi/lib/thumb/v7e-m+fp/hard/librdimon_nano.a(arm_librdimon_a-syscalls.o)
                0x08006116                _read
 .text._swilseek
                0x0800614a       0x78 /Applications/STM32CubeIDE.app/Contents/Eclipse/plugins/com.st.stm32cube.ide.mcu.externaltools.gnu-tools-for-stm32.12.3.rel1.macos64_1.0.200.202406191456/tools/bin/../lib/gcc/arm-none-eabi/12.3.1/../../../../arm-none-eabi/lib/thumb/v7e-m+fp/hard/librdimon_nano.a(arm_librdimon_a-syscalls.o)
                0x0800614a                _swilseek
 .text._lseek   0x080061c2        0x4 /Applications/STM32CubeIDE.app/Contents/Eclipse/plugins/com.st.stm32cube.ide.mcu.externaltools.gnu-tools-for-stm32.12.3.rel1.macos64_1.0.200.202406191456/tools/bin/../lib/gcc/arm-none-eabi/12.3.1/../../../../arm-none-eabi/lib/thumb/v7e-m+fp/hard/librdimon_nano.a(arm_librdimon_a-syscalls.o)
                0x080061c2                _lseek
 .text._swiwrite
                0x080061c6       0x20 /Applications/STM32CubeIDE.app/Contents/Eclipse/plugins/com.st.stm32cube.ide.mcu.externaltools.gnu-tools-for-stm32.12.3.rel1.macos64_1.0.200.202406191456/tools/bin/../lib/gcc/arm-none-eabi/12.3.1/../../../../arm-none-eabi/lib/thumb/v7e-m+fp/hard/librdimon_nano.a(arm_librdimon_a-syscalls.o)
                0x080061c6                _swiwrite
 .text._write   0x080061e6       0x40 /Applications/STM32CubeIDE.app/Contents/Eclipse/plugins/com.st.stm32cube.ide.mcu.externaltools.gnu-tools-for-stm32.12.3.rel1.macos64_1.0.200.202406191456/tools/bin/../lib/gcc/arm-none-eabi/12.3.1/../../../../arm-none-eabi/lib/thumb/v7e-m+fp/hard/librdimon_nano.a(arm_librdimon_a-syscalls.o)
                0x080061e6                _write
 .text._swiclose
                0x08006226       0x1a /Applications/STM32CubeIDE.app/Contents/Eclipse/plugins/com.st.stm32cube.ide.mcu.externaltools.gnu-tools-for-stm32.12.3.rel1.macos64_1.0.200.202406191456/tools/bin/../lib/gcc/arm-none-eabi/12.3.1/../../../../arm-none-eabi/lib/thumb/v7e-m+fp/hard/librdimon_nano.a(arm_librdimon_a-syscalls.o)
                0x08006226                _swiclose
 .text._close   0x08006240       0x44 /Applications/STM32CubeIDE.app/Contents/Eclipse/plugins/com.st.stm32cube.ide.mcu.externaltools.gnu-tools-for-stm32.12.3.rel1.macos64_1.0.200.202406191456/tools/bin/../lib/gcc/arm-none-eabi/12.3.1/../../../../arm-none-eabi/lib/thumb/v7e-m+fp/hard/librdimon_nano.a(arm_librdimon_a-syscalls.o)
                0x08006240                _close
 .text._swistat
                0x08006284       0x42 /Applications/STM32CubeIDE.app/Contents/Eclipse/plugins/com.st.stm32cube.ide.mcu.externaltools.gnu-tools-for-stm32.12.3.rel1.macos64_1.0.200.202406191456/tools/bin/../lib/gcc/arm-none-eabi/12.3.1/../../../../arm-none-eabi/lib/thumb/v7e-m+fp/hard/librdimon_nano.a(arm_librdimon_a-syscalls.o)
                0x08006284                _swistat
 .text._stat    0x080062c6       0x3a /Applications/STM32CubeIDE.app/Contents/Eclipse/plugins/com.st.stm32cube.ide.mcu.externaltools.gnu-tools-for-stm32.12.3.rel1.macos64_1.0.200.202406191456/tools/bin/../lib/gcc/arm-none-eabi/12.3.1/../../../../arm-none-eabi/lib/thumb/v7e-m+fp/hard/librdimon_nano.a(arm_librdimon_a-syscalls.o)
                0x080062c6                _stat
 .text._swiopen
                0x08006300       0xb0 /Applications/STM32CubeIDE.app/Contents/Eclipse/plugins/com.st.stm32cube.ide.mcu.externaltools.gnu-tools-for-stm32.12.3.rel1.macos64_1.0.200.202406191456/tools/bin/../lib/gcc/arm-none-eabi/12.3.1/../../../../arm-none-eabi/lib/thumb/v7e-m+fp/hard/librdimon_nano.a(arm_librdimon_a-syscalls.o)
                0x08006300                _swiopen
 .text._get_semihosting_exts
                0x080063b0       0xb4 /Applications/STM32CubeIDE.app/Contents/Eclipse/plugins/com.st.stm32cube.ide.mcu.externaltools.gnu-tools-for-stm32.12.3.rel1.macos64_1.0.200.202406191456/tools/bin/../lib/gcc/arm-none-eabi/12.3.1/../../../../arm-none-eabi/lib/thumb/v7e-m+fp/hard/librdimon_nano.a(arm_librdimon_a-syscalls.o)
                0x080063b0                _get_semihosting_exts
 .text.initialise_semihosting_exts
                0x08006464       0x34 /Applications/STM32CubeIDE.app/Contents/Eclipse/plugins/com.st.stm32cube.ide.mcu.externaltools.gnu-tools-for-stm32.12.3.rel1.macos64_1.0.200.202406191456/tools/bin/../lib/gcc/arm-none-eabi/12.3.1/../../../../arm-none-eabi/lib/thumb/v7e-m+fp/hard/librdimon_nano.a(arm_librdimon_a-syscalls.o)
 .text._has_ext_stdout_stderr
                0x08006498       0x18 /Applications/STM32CubeIDE.app/Contents/Eclipse/plugins/com.st.stm32cube.ide.mcu.externaltools.gnu-tools-for-stm32.12.3.rel1.macos64_1.0.200.202406191456/tools/bin/../lib/gcc/arm-none-eabi/12.3.1/../../../../arm-none-eabi/lib/thumb/v7e-m+fp/hard/librdimon_nano.a(arm_librdimon_a-syscalls.o)
                0x08006498                _has_ext_stdout_stderr
 .text.initialise_monitor_handles
                0x080064b0       0xc0 /Applications/STM32CubeIDE.app/Contents/Eclipse/plugins/com.st.stm32cube.ide.mcu.externaltools.gnu-tools-for-stm32.12.3.rel1.macos64_1.0.200.202406191456/tools/bin/../lib/gcc/arm-none-eabi/12.3.1/../../../../arm-none-eabi/lib/thumb/v7e-m+fp/hard/librdimon_nano.a(arm_librdimon_a-syscalls.o)
                0x080064b0                initialise_monitor_handles
 .text.std      0x08006570       0x6c /Applications/STM32CubeIDE.app/Contents/Eclipse/plugins/com.st.stm32cube.ide.mcu.externaltools.gnu-tools-for-stm32.12.3.rel1.macos64_1.0.200.202406191456/tools/bin/../lib/gcc/arm-none-eabi/12.3.1/../../../../arm-none-eabi/lib/thumb/v7e-m+fp/hard/libc_nano.a(libc_a-findfp.o)
 .text.stdio_exit_handler
                0x080065dc       0x18 /Applications/STM32CubeIDE.app/Contents/Eclipse/plugins/com.st.stm32cube.ide.mcu.externaltools.gnu-tools-for-stm32.12.3.rel1.macos64_1.0.200.202406191456/tools/bin/../lib/gcc/arm-none-eabi/12.3.1/../../../../arm-none-eabi/lib/thumb/v7e-m+fp/hard/libc_nano.a(libc_a-findfp.o)
 .text.cleanup_stdio
                0x080065f4       0x40 /Applications/STM32CubeIDE.app/Contents/Eclipse/plugins/com.st.stm32cube.ide.mcu.externaltools.gnu-tools-for-stm32.12.3.rel1.macos64_1.0.200.202406191456/tools/bin/../lib/gcc/arm-none-eabi/12.3.1/../../../../arm-none-eabi/lib/thumb/v7e-m+fp/hard/libc_nano.a(libc_a-findfp.o)
 .text.global_stdio_init.part.0
                0x08006634       0x3c /Applications/STM32CubeIDE.app/Contents/Eclipse/plugins/com.st.stm32cube.ide.mcu.externaltools.gnu-tools-for-stm32.12.3.rel1.macos64_1.0.200.202406191456/tools/bin/../lib/gcc/arm-none-eabi/12.3.1/../../../../arm-none-eabi/lib/thumb/v7e-m+fp/hard/libc_nano.a(libc_a-findfp.o)
 .text.__sfp_lock_acquire
                0x08006670        0xc /Applications/STM32CubeIDE.app/Contents/Eclipse/plugins/com.st.stm32cube.ide.mcu.externaltools.gnu-tools-for-stm32.12.3.rel1.macos64_1.0.200.202406191456/tools/bin/../lib/gcc/arm-none-eabi/12.3.1/../../../../arm-none-eabi/lib/thumb/v7e-m+fp/hard/libc_nano.a(libc_a-findfp.o)
                0x08006670                __sfp_lock_acquire
 .text.__sfp_lock_release
                0x0800667c        0xc /Applications/STM32CubeIDE.app/Contents/Eclipse/plugins/com.st.stm32cube.ide.mcu.externaltools.gnu-tools-for-stm32.12.3.rel1.macos64_1.0.200.202406191456/tools/bin/../lib/gcc/arm-none-eabi/12.3.1/../../../../arm-none-eabi/lib/thumb/v7e-m+fp/hard/libc_nano.a(libc_a-findfp.o)
                0x0800667c                __sfp_lock_release
 .text.__sinit  0x08006688       0x30 /Applications/STM32CubeIDE.app/Contents/Eclipse/plugins/com.st.stm32cube.ide.mcu.externaltools.gnu-tools-for-stm32.12.3.rel1.macos64_1.0.200.202406191456/tools/bin/../lib/gcc/arm-none-eabi/12.3.1/../../../../arm-none-eabi/lib/thumb/v7e-m+fp/hard/libc_nano.a(libc_a-findfp.o)
                0x08006688                __sinit
 .text._fwalk_sglue
                0x080066b8       0x3c /Applications/STM32CubeIDE.app/Contents/Eclipse/plugins/com.st.stm32cube.ide.mcu.externaltools.gnu-tools-for-stm32.12.3.rel1.macos64_1.0.200.202406191456/tools/bin/../lib/gcc/arm-none-eabi/12.3.1/../../../../arm-none-eabi/lib/thumb/v7e-m+fp/hard/libc_nano.a(libc_a-fwalk.o)
                0x080066b8                _fwalk_sglue
 .text.memset   0x080066f4       0x10 /Applications/STM32CubeIDE.app/Contents/Eclipse/plugins/com.st.stm32cube.ide.mcu.externaltools.gnu-tools-for-stm32.12.3.rel1.macos64_1.0.200.202406191456/tools/bin/../lib/gcc/arm-none-eabi/12.3.1/../../../../arm-none-eabi/lib/thumb/v7e-m+fp/hard/libc_nano.a(libc_a-memset.o)
                0x080066f4                memset
 .text.__errno  0x08006704        0xc /Applications/STM32CubeIDE.app/Contents/Eclipse/plugins/com.st.stm32cube.ide.mcu.externaltools.gnu-tools-for-stm32.12.3.rel1.macos64_1.0.200.202406191456/tools/bin/../lib/gcc/arm-none-eabi/12.3.1/../../../../arm-none-eabi/lib/thumb/v7e-m+fp/hard/libc_nano.a(libc_a-errno.o)
                0x08006704                __errno
 .text.__libc_init_array
                0x08006710       0x48 /Applications/STM32CubeIDE.app/Contents/Eclipse/plugins/com.st.stm32cube.ide.mcu.externaltools.gnu-tools-for-stm32.12.3.rel1.macos64_1.0.200.202406191456/tools/bin/../lib/gcc/arm-none-eabi/12.3.1/../../../../arm-none-eabi/lib/thumb/v7e-m+fp/hard/libc_nano.a(libc_a-init.o)
                0x08006710                __libc_init_array
 .text.__retarget_lock_init_recursive
                0x08006758        0x2 /Applications/STM32CubeIDE.app/Contents/Eclipse/plugins/com.st.stm32cube.ide.mcu.externaltools.gnu-tools-for-stm32.12.3.rel1.macos64_1.0.200.202406191456/tools/bin/../lib/gcc/arm-none-eabi/12.3.1/../../../../arm-none-eabi/lib/thumb/v7e-m+fp/hard/libc_nano.a(libc_a-lock.o)
                0x08006758                __retarget_lock_init_recursive
 .text.__retarget_lock_acquire_recursive
                0x0800675a        0x2 /Applications/STM32CubeIDE.app/Contents/Eclipse/plugins/com.st.stm32cube.ide.mcu.externaltools.gnu-tools-for-stm32.12.3.rel1.macos64_1.0.200.202406191456/tools/bin/../lib/gcc/arm-none-eabi/12.3.1/../../../../arm-none-eabi/lib/thumb/v7e-m+fp/hard/libc_nano.a(libc_a-lock.o)
                0x0800675a                __retarget_lock_acquire_recursive
 .text.__retarget_lock_release_recursive
                0x0800675c        0x2 /Applications/STM32CubeIDE.app/Contents/Eclipse/plugins/com.st.stm32cube.ide.mcu.externaltools.gnu-tools-for-stm32.12.3.rel1.macos64_1.0.200.202406191456/tools/bin/../lib/gcc/arm-none-eabi/12.3.1/../../../../arm-none-eabi/lib/thumb/v7e-m+fp/hard/libc_nano.a(libc_a-lock.o)
                0x0800675c                __retarget_lock_release_recursive
 *fill*         0x0800675e        0x2 
 .text.__sflush_r
                0x08006760      0x108 /Applications/STM32CubeIDE.app/Contents/Eclipse/plugins/com.st.stm32cube.ide.mcu.externaltools.gnu-tools-for-stm32.12.3.rel1.macos64_1.0.200.202406191456/tools/bin/../lib/gcc/arm-none-eabi/12.3.1/../../../../arm-none-eabi/lib/thumb/v7e-m+fp/hard/libc_nano.a(libc_a-fflush.o)
                0x08006760                __sflush_r
 .text._fflush_r
                0x08006868       0x50 /Applications/STM32CubeIDE.app/Contents/Eclipse/plugins/com.st.stm32cube.ide.mcu.externaltools.gnu-tools-for-stm32.12.3.rel1.macos64_1.0.200.202406191456/tools/bin/../lib/gcc/arm-none-eabi/12.3.1/../../../../arm-none-eabi/lib/thumb/v7e-m+fp/hard/libc_nano.a(libc_a-fflush.o)
                0x08006868                _fflush_r
 .text.__malloc_lock
                0x080068b8        0xc /Applications/STM32CubeIDE.app/Contents/Eclipse/plugins/com.st.stm32cube.ide.mcu.externaltools.gnu-tools-for-stm32.12.3.rel1.macos64_1.0.200.202406191456/tools/bin/../lib/gcc/arm-none-eabi/12.3.1/../../../../arm-none-eabi/lib/thumb/v7e-m+fp/hard/libc_nano.a(libc_a-mlock.o)
                0x080068b8                __malloc_lock
 .text.__malloc_unlock
                0x080068c4        0xc /Applications/STM32CubeIDE.app/Contents/Eclipse/plugins/com.st.stm32cube.ide.mcu.externaltools.gnu-tools-for-stm32.12.3.rel1.macos64_1.0.200.202406191456/tools/bin/../lib/gcc/arm-none-eabi/12.3.1/../../../../arm-none-eabi/lib/thumb/v7e-m+fp/hard/libc_nano.a(libc_a-mlock.o)
                0x080068c4                __malloc_unlock
 .text.__sread  0x080068d0       0x22 /Applications/STM32CubeIDE.app/Contents/Eclipse/plugins/com.st.stm32cube.ide.mcu.externaltools.gnu-tools-for-stm32.12.3.rel1.macos64_1.0.200.202406191456/tools/bin/../lib/gcc/arm-none-eabi/12.3.1/../../../../arm-none-eabi/lib/thumb/v7e-m+fp/hard/libc_nano.a(libc_a-stdio.o)
                0x080068d0                __sread
 .text.__swrite
                0x080068f2       0x38 /Applications/STM32CubeIDE.app/Contents/Eclipse/plugins/com.st.stm32cube.ide.mcu.externaltools.gnu-tools-for-stm32.12.3.rel1.macos64_1.0.200.202406191456/tools/bin/../lib/gcc/arm-none-eabi/12.3.1/../../../../arm-none-eabi/lib/thumb/v7e-m+fp/hard/libc_nano.a(libc_a-stdio.o)
                0x080068f2                __swrite
 .text.__sseek  0x0800692a       0x24 /Applications/STM32CubeIDE.app/Contents/Eclipse/plugins/com.st.stm32cube.ide.mcu.externaltools.gnu-tools-for-stm32.12.3.rel1.macos64_1.0.200.202406191456/tools/bin/../lib/gcc/arm-none-eabi/12.3.1/../../../../arm-none-eabi/lib/thumb/v7e-m+fp/hard/libc_nano.a(libc_a-stdio.o)
                0x0800692a                __sseek
 .text.__sclose
                0x0800694e        0x8 /Applications/STM32CubeIDE.app/Contents/Eclipse/plugins/com.st.stm32cube.ide.mcu.externaltools.gnu-tools-for-stm32.12.3.rel1.macos64_1.0.200.202406191456/tools/bin/../lib/gcc/arm-none-eabi/12.3.1/../../../../arm-none-eabi/lib/thumb/v7e-m+fp/hard/libc_nano.a(libc_a-stdio.o)
                0x0800694e                __sclose
 *fill*         0x08006956        0x2 
 .text._close_r
                0x08006958       0x20 /Applications/STM32CubeIDE.app/Contents/Eclipse/plugins/com.st.stm32cube.ide.mcu.externaltools.gnu-tools-for-stm32.12.3.rel1.macos64_1.0.200.202406191456/tools/bin/../lib/gcc/arm-none-eabi/12.3.1/../../../../arm-none-eabi/lib/thumb/v7e-m+fp/hard/libc_nano.a(libc_a-closer.o)
                0x08006958                _close_r
 .text._lseek_r
                0x08006978       0x24 /Applications/STM32CubeIDE.app/Contents/Eclipse/plugins/com.st.stm32cube.ide.mcu.externaltools.gnu-tools-for-stm32.12.3.rel1.macos64_1.0.200.202406191456/tools/bin/../lib/gcc/arm-none-eabi/12.3.1/../../../../arm-none-eabi/lib/thumb/v7e-m+fp/hard/libc_nano.a(libc_a-lseekr.o)
                0x08006978                _lseek_r
 .text._read_r  0x0800699c       0x24 /Applications/STM32CubeIDE.app/Contents/Eclipse/plugins/com.st.stm32cube.ide.mcu.externaltools.gnu-tools-for-stm32.12.3.rel1.macos64_1.0.200.202406191456/tools/bin/../lib/gcc/arm-none-eabi/12.3.1/../../../../arm-none-eabi/lib/thumb/v7e-m+fp/hard/libc_nano.a(libc_a-readr.o)
                0x0800699c                _read_r
 .text._write_r
                0x080069c0       0x24 /Applications/STM32CubeIDE.app/Contents/Eclipse/plugins/com.st.stm32cube.ide.mcu.externaltools.gnu-tools-for-stm32.12.3.rel1.macos64_1.0.200.202406191456/tools/bin/../lib/gcc/arm-none-eabi/12.3.1/../../../../arm-none-eabi/lib/thumb/v7e-m+fp/hard/libc_nano.a(libc_a-writer.o)
                0x080069c0                _write_r
 .text._free_r  0x080069e4       0x94 /Applications/STM32CubeIDE.app/Contents/Eclipse/plugins/com.st.stm32cube.ide.mcu.externaltools.gnu-tools-for-stm32.12.3.rel1.macos64_1.0.200.202406191456/tools/bin/../lib/gcc/arm-none-eabi/12.3.1/../../../../arm-none-eabi/lib/thumb/v7e-m+fp/hard/libc_nano.a(libc_a-freer.o)
                0x080069e4                _free_r
 *(.glue_7)
 .glue_7        0x08006a78        0x0 linker stubs
 *(.glue_7t)
 .glue_7t       0x08006a78        0x0 linker stubs
 *(.eh_frame)
 .eh_frame      0x08006a78        0x0 /Applications/STM32CubeIDE.app/Contents/Eclipse/plugins/com.st.stm32cube.ide.mcu.externaltools.gnu-tools-for-stm32.12.3.rel1.macos64_1.0.200.202406191456/tools/bin/../lib/gcc/arm-none-eabi/12.3.1/thumb/v7e-m+fp/hard/crtbegin.o
 *(.init)
 .init          0x08006a78        0x4 /Applications/STM32CubeIDE.app/Contents/Eclipse/plugins/com.st.stm32cube.ide.mcu.externaltools.gnu-tools-for-stm32.12.3.rel1.macos64_1.0.200.202406191456/tools/bin/../lib/gcc/arm-none-eabi/12.3.1/thumb/v7e-m+fp/hard/crti.o
                0x08006a78                _init
 .init          0x08006a7c        0x8 /Applications/STM32CubeIDE.app/Contents/Eclipse/plugins/com.st.stm32cube.ide.mcu.externaltools.gnu-tools-for-stm32.12.3.rel1.macos64_1.0.200.202406191456/tools/bin/../lib/gcc/arm-none-eabi/12.3.1/thumb/v7e-m+fp/hard/crtn.o
 *(.fini)
 .fini          0x08006a84        0x4 /Applications/STM32CubeIDE.app/Contents/Eclipse/plugins/com.st.stm32cube.ide.mcu.externaltools.gnu-tools-for-stm32.12.3.rel1.macos64_1.0.200.202406191456/tools/bin/../lib/gcc/arm-none-eabi/12.3.1/thumb/v7e-m+fp/hard/crti.o
                0x08006a84                _fini
 .fini          0x08006a88        0x8 /Applications/STM32CubeIDE.app/Contents/Eclipse/plugins/com.st.stm32cube.ide.mcu.externaltools.gnu-tools-for-stm32.12.3.rel1.macos64_1.0.200.202406191456/tools/bin/../lib/gcc/arm-none-eabi/12.3.1/thumb/v7e-m+fp/hard/crtn.o
                0x08006a90                        . = ALIGN (0x4)
                0x08006a90                        _etext = .

.vfp11_veneer   0x08006a90        0x0
 .vfp11_veneer  0x08006a90        0x0 linker stubs

.v4_bx          0x08006a90        0x0
 .v4_bx         0x08006a90        0x0 linker stubs

.iplt           0x08006a90        0x0
 .iplt          0x08006a90        0x0 /Applications/STM32CubeIDE.app/Contents/Eclipse/plugins/com.st.stm32cube.ide.mcu.externaltools.gnu-tools-for-stm32.12.3.rel1.macos64_1.0.200.202406191456/tools/bin/../lib/gcc/arm-none-eabi/12.3.1/thumb/v7e-m+fp/hard/crtbegin.o

.rodata         0x08006a90     0x1b04
                0x08006a90                        . = ALIGN (0x4)
 *(.rodata)
 *(.rodata*)
 .rodata.ASCII16x24_Table
                0x08006a90     0x11d0 ./Core/Src/fonts.o
                0x08006a90                ASCII16x24_Table
 .rodata.ASCII12x12_Table
                0x08007c60      0x900 ./Core/Src/fonts.o
                0x08007c60                ASCII12x12_Table
 .rodata.AHBPrescTable
                0x08008560       0x10 ./Core/Src/system_stm32f4xx.o
                0x08008560                AHBPrescTable
 .rodata.APBPrescTable
                0x08008570        0x8 ./Core/Src/system_stm32f4xx.o
                0x08008570                APBPrescTable
 .rodata._get_semihosting_exts.str1.1
                0x08008578       0x16 /Applications/STM32CubeIDE.app/Contents/Eclipse/plugins/com.st.stm32cube.ide.mcu.externaltools.gnu-tools-for-stm32.12.3.rel1.macos64_1.0.200.202406191456/tools/bin/../lib/gcc/arm-none-eabi/12.3.1/../../../../arm-none-eabi/lib/thumb/v7e-m+fp/hard/librdimon_nano.a(arm_librdimon_a-syscalls.o)
 .rodata.initialise_monitor_handles.str1.1
                0x0800858e        0x4 /Applications/STM32CubeIDE.app/Contents/Eclipse/plugins/com.st.stm32cube.ide.mcu.externaltools.gnu-tools-for-stm32.12.3.rel1.macos64_1.0.200.202406191456/tools/bin/../lib/gcc/arm-none-eabi/12.3.1/../../../../arm-none-eabi/lib/thumb/v7e-m+fp/hard/librdimon_nano.a(arm_librdimon_a-syscalls.o)
                0x08008594                        . = ALIGN (0x4)
 *fill*         0x08008592        0x2 

.ARM.extab      0x08008594        0x0
                0x08008594                        . = ALIGN (0x4)
 *(.ARM.extab* .gnu.linkonce.armextab.*)
                0x08008594                        . = ALIGN (0x4)

.ARM            0x08008594        0x8
                0x08008594                        . = ALIGN (0x4)
                0x08008594                        __exidx_start = .
 *(.ARM.exidx*)
 .ARM.exidx     0x08008594        0x8 /Applications/STM32CubeIDE.app/Contents/Eclipse/plugins/com.st.stm32cube.ide.mcu.externaltools.gnu-tools-for-stm32.12.3.rel1.macos64_1.0.200.202406191456/tools/bin/../lib/gcc/arm-none-eabi/12.3.1/../../../../arm-none-eabi/lib/thumb/v7e-m+fp/hard/libc_nano.a(libc_a-strlen.o)
 .ARM.exidx     0x0800859c        0x0 /Applications/STM32CubeIDE.app/Contents/Eclipse/plugins/com.st.stm32cube.ide.mcu.externaltools.gnu-tools-for-stm32.12.3.rel1.macos64_1.0.200.202406191456/tools/bin/../lib/gcc/arm-none-eabi/12.3.1/thumb/v7e-m+fp/hard/libgcc.a(_udivmoddi4.o)
                                  0x8 (size before relaxing)
                0x0800859c                        __exidx_end = .
                0x0800859c                        . = ALIGN (0x4)

.preinit_array  0x0800859c        0x0
                0x0800859c                        . = ALIGN (0x4)
                0x0800859c                        PROVIDE (__preinit_array_start = .)
 *(.preinit_array*)
                0x0800859c                        PROVIDE (__preinit_array_end = .)
                0x0800859c                        . = ALIGN (0x4)

.init_array     0x0800859c        0x4
                0x0800859c                        . = ALIGN (0x4)
                0x0800859c                        PROVIDE (__init_array_start = .)
 *(SORT_BY_NAME(.init_array.*))
 *(.init_array*)
 .init_array    0x0800859c        0x4 /Applications/STM32CubeIDE.app/Contents/Eclipse/plugins/com.st.stm32cube.ide.mcu.externaltools.gnu-tools-for-stm32.12.3.rel1.macos64_1.0.200.202406191456/tools/bin/../lib/gcc/arm-none-eabi/12.3.1/thumb/v7e-m+fp/hard/crtbegin.o
                0x080085a0                        PROVIDE (__init_array_end = .)
                0x080085a0                        . = ALIGN (0x4)

.fini_array     0x080085a0        0x4
                0x080085a0                        . = ALIGN (0x4)
                [!provide]                        PROVIDE (__fini_array_start = .)
 *(SORT_BY_NAME(.fini_array.*))
 *(.fini_array*)
 .fini_array    0x080085a0        0x4 /Applications/STM32CubeIDE.app/Contents/Eclipse/plugins/com.st.stm32cube.ide.mcu.externaltools.gnu-tools-for-stm32.12.3.rel1.macos64_1.0.200.202406191456/tools/bin/../lib/gcc/arm-none-eabi/12.3.1/thumb/v7e-m+fp/hard/crtbegin.o
                [!provide]                        PROVIDE (__fini_array_end = .)
                0x080085a4                        . = ALIGN (0x4)
                0x080085a4                        _sidata = LOADADDR (.data)

.rel.dyn        0x080085a4        0x0
 .rel.iplt      0x080085a4        0x0 /Applications/STM32CubeIDE.app/Contents/Eclipse/plugins/com.st.stm32cube.ide.mcu.externaltools.gnu-tools-for-stm32.12.3.rel1.macos64_1.0.200.202406191456/tools/bin/../lib/gcc/arm-none-eabi/12.3.1/thumb/v7e-m+fp/hard/crtbegin.o

.data           0x20000000      0x1b8 load address 0x080085a4
                0x20000000                        . = ALIGN (0x4)
                0x20000000                        _sdata = .
 *(.data)
 *(.data*)
 .data.CurrentTextColor
                0x20000000        0x2 ./Core/Src/LCD_Driver.o
 .data.LOWRFLAG
                0x20000002        0x1 ./Core/Src/Tetris.o
                0x20000002                LOWRFLAG
 *fill*         0x20000003        0x1 
 .data.O        0x20000004       0x10 ./Core/Src/Tetris.o
 .data.I        0x20000014       0x10 ./Core/Src/Tetris.o
 .data.S        0x20000024       0x10 ./Core/Src/Tetris.o
 .data.Z        0x20000034       0x10 ./Core/Src/Tetris.o
 .data.L        0x20000044       0x10 ./Core/Src/Tetris.o
 .data.J        0x20000054       0x10 ./Core/Src/Tetris.o
 .data.T        0x20000064       0x10 ./Core/Src/Tetris.o
 .data.Board    0x20000074       0xc0 ./Core/Src/Tetris.o
 .data.Font16x24
                0x20000134        0x8 ./Core/Src/fonts.o
                0x20000134                Font16x24
 .data.Font12x12
                0x2000013c        0x8 ./Core/Src/fonts.o
                0x2000013c                Font12x12
 .data.SpiTimeout
                0x20000144        0x4 ./Core/Src/ili9341.o
                0x20000144                SpiTimeout
 .data.SystemCoreClock
                0x20000148        0x4 ./Core/Src/system_stm32f4xx.o
                0x20000148                SystemCoreClock
 .data.uwTickPrio
                0x2000014c        0x4 ./Drivers/STM32F4xx_HAL_Driver/Src/stm32f4xx_hal.o
                0x2000014c                uwTickPrio
 .data.uwTickFreq
                0x20000150        0x1 ./Drivers/STM32F4xx_HAL_Driver/Src/stm32f4xx_hal.o
                0x20000150                uwTickFreq
 *fill*         0x20000151        0x3 
 .data.supports_ext_stdout_stderr
                0x20000154        0x4 /Applications/STM32CubeIDE.app/Contents/Eclipse/plugins/com.st.stm32cube.ide.mcu.externaltools.gnu-tools-for-stm32.12.3.rel1.macos64_1.0.200.202406191456/tools/bin/../lib/gcc/arm-none-eabi/12.3.1/../../../../arm-none-eabi/lib/thumb/v7e-m+fp/hard/librdimon_nano.a(arm_librdimon_a-syscalls.o)
 .data.supports_ext_exit_extended
                0x20000158        0x4 /Applications/STM32CubeIDE.app/Contents/Eclipse/plugins/com.st.stm32cube.ide.mcu.externaltools.gnu-tools-for-stm32.12.3.rel1.macos64_1.0.200.202406191456/tools/bin/../lib/gcc/arm-none-eabi/12.3.1/../../../../arm-none-eabi/lib/thumb/v7e-m+fp/hard/librdimon_nano.a(arm_librdimon_a-syscalls.o)
 .data.__sglue  0x2000015c        0xc /Applications/STM32CubeIDE.app/Contents/Eclipse/plugins/com.st.stm32cube.ide.mcu.externaltools.gnu-tools-for-stm32.12.3.rel1.macos64_1.0.200.202406191456/tools/bin/../lib/gcc/arm-none-eabi/12.3.1/../../../../arm-none-eabi/lib/thumb/v7e-m+fp/hard/libc_nano.a(libc_a-findfp.o)
                0x2000015c                __sglue
 .data._impure_ptr
                0x20000168        0x4 /Applications/STM32CubeIDE.app/Contents/Eclipse/plugins/com.st.stm32cube.ide.mcu.externaltools.gnu-tools-for-stm32.12.3.rel1.macos64_1.0.200.202406191456/tools/bin/../lib/gcc/arm-none-eabi/12.3.1/../../../../arm-none-eabi/lib/thumb/v7e-m+fp/hard/libc_nano.a(libc_a-impure.o)
                0x20000168                _impure_ptr
 .data._impure_data
                0x2000016c       0x4c /Applications/STM32CubeIDE.app/Contents/Eclipse/plugins/com.st.stm32cube.ide.mcu.externaltools.gnu-tools-for-stm32.12.3.rel1.macos64_1.0.200.202406191456/tools/bin/../lib/gcc/arm-none-eabi/12.3.1/../../../../arm-none-eabi/lib/thumb/v7e-m+fp/hard/libc_nano.a(libc_a-impure.o)
                0x2000016c                _impure_data
 *(.RamFunc)
 *(.RamFunc*)
                0x200001b8                        . = ALIGN (0x4)
                0x200001b8                        _edata = .
                0x0800875c                        _siccmram = LOADADDR (.ccmram)

.igot.plt       0x200001b8        0x0 load address 0x0800875c
 .igot.plt      0x200001b8        0x0 /Applications/STM32CubeIDE.app/Contents/Eclipse/plugins/com.st.stm32cube.ide.mcu.externaltools.gnu-tools-for-stm32.12.3.rel1.macos64_1.0.200.202406191456/tools/bin/../lib/gcc/arm-none-eabi/12.3.1/thumb/v7e-m+fp/hard/crtbegin.o

.ccmram         0x10000000        0x0 load address 0x0800875c
                0x10000000                        . = ALIGN (0x4)
                0x10000000                        _sccmram = .
 *(.ccmram)
 *(.ccmram*)
                0x10000000                        . = ALIGN (0x4)
                0x10000000                        _eccmram = .
                0x10000000                        . = ALIGN (0x4)

.bss            0x200001b8    0x25c78
                0x200001b8                        _sbss = .
                0x200001b8                        __bss_start__ = _sbss
 *(.bss)
 .bss           0x200001b8       0x1c /Applications/STM32CubeIDE.app/Contents/Eclipse/plugins/com.st.stm32cube.ide.mcu.externaltools.gnu-tools-for-stm32.12.3.rel1.macos64_1.0.200.202406191456/tools/bin/../lib/gcc/arm-none-eabi/12.3.1/thumb/v7e-m+fp/hard/crtbegin.o
 *(.bss*)
 .bss.START_FLAG
                0x200001d4        0x1 ./Core/Src/ApplicationCode.o
                0x200001d4                START_FLAG
 *fill*         0x200001d5        0x3 
 .bss.StaticTouchData
                0x200001d8        0x8 ./Core/Src/ApplicationCode.o
 .bss.reg_select
                0x200001e0        0x1 ./Core/Src/InterruptControl.o
 *fill*         0x200001e1        0x3 
 .bss.bit_select
                0x200001e4        0x4 ./Core/Src/InterruptControl.o
 .bss.hltdc     0x200001e8       0xa8 ./Core/Src/LCD_Driver.o
 .bss.PeriphClkInitStruct
                0x20000290       0x30 ./Core/Src/LCD_Driver.o
 .bss.LCD_Currentfonts
                0x200002c0        0x4 ./Core/Src/LCD_Driver.o
 .bss.frameBuffer
                0x200002c4    0x25800 ./Core/Src/LCD_Driver.o
                0x200002c4                frameBuffer
 .bss.ii.0      0x20025ac4        0x2 ./Core/Src/LCD_Driver.o
 .bss.rngHALStatus
                0x20025ac6        0x1 ./Core/Src/RNG.o
 *fill*         0x20025ac7        0x1 
 .bss.hrng      0x20025ac8       0x10 ./Core/Src/RNG.o
 .bss.scheduledEvents
                0x20025ad8        0x4 ./Core/Src/Scheduler.o
 .bss.block_struct
                0x20025adc       0x16 ./Core/Src/Tetris.o
 .bss.Ran_Numb  0x20025af2        0x1 ./Core/Src/Tetris.o
 .bss.timHALStatus
                0x20025af3        0x1 ./Core/Src/Timer.o
 .bss.htim2     0x20025af4       0x48 ./Core/Src/Timer.o
 .bss.htim5     0x20025b3c       0x48 ./Core/Src/Timer.o
 .bss.SpiHandle
                0x20025b84       0x58 ./Core/Src/ili9341.o
 .bss.Is_LCD_IO_Initialized
                0x20025bdc        0x1 ./Core/Src/ili9341.o
 *fill*         0x20025bdd        0x3 
 .bss.hI2C3     0x20025be0       0x54 ./Core/Src/stmpe811.o
 .bss.HAL_status
                0x20025c34        0x1 ./Core/Src/stmpe811.o
 *fill*         0x20025c35        0x3 
 .bss.uwTick    0x20025c38        0x4 ./Drivers/STM32F4xx_HAL_Driver/Src/stm32f4xx_hal.o
                0x20025c38                uwTick
 .bss.monitor_stderr
                0x20025c3c        0x4 /Applications/STM32CubeIDE.app/Contents/Eclipse/plugins/com.st.stm32cube.ide.mcu.externaltools.gnu-tools-for-stm32.12.3.rel1.macos64_1.0.200.202406191456/tools/bin/../lib/gcc/arm-none-eabi/12.3.1/../../../../arm-none-eabi/lib/thumb/v7e-m+fp/hard/librdimon_nano.a(arm_librdimon_a-syscalls.o)
 .bss.monitor_stdout
                0x20025c40        0x4 /Applications/STM32CubeIDE.app/Contents/Eclipse/plugins/com.st.stm32cube.ide.mcu.externaltools.gnu-tools-for-stm32.12.3.rel1.macos64_1.0.200.202406191456/tools/bin/../lib/gcc/arm-none-eabi/12.3.1/../../../../arm-none-eabi/lib/thumb/v7e-m+fp/hard/librdimon_nano.a(arm_librdimon_a-syscalls.o)
 .bss.monitor_stdin
                0x20025c44        0x4 /Applications/STM32CubeIDE.app/Contents/Eclipse/plugins/com.st.stm32cube.ide.mcu.externaltools.gnu-tools-for-stm32.12.3.rel1.macos64_1.0.200.202406191456/tools/bin/../lib/gcc/arm-none-eabi/12.3.1/../../../../arm-none-eabi/lib/thumb/v7e-m+fp/hard/librdimon_nano.a(arm_librdimon_a-syscalls.o)
 .bss.openfiles
                0x20025c48       0xa0 /Applications/STM32CubeIDE.app/Contents/Eclipse/plugins/com.st.stm32cube.ide.mcu.externaltools.gnu-tools-for-stm32.12.3.rel1.macos64_1.0.200.202406191456/tools/bin/../lib/gcc/arm-none-eabi/12.3.1/../../../../arm-none-eabi/lib/thumb/v7e-m+fp/hard/librdimon_nano.a(arm_librdimon_a-syscalls.o)
 .bss.__sf      0x20025ce8      0x138 /Applications/STM32CubeIDE.app/Contents/Eclipse/plugins/com.st.stm32cube.ide.mcu.externaltools.gnu-tools-for-stm32.12.3.rel1.macos64_1.0.200.202406191456/tools/bin/../lib/gcc/arm-none-eabi/12.3.1/../../../../arm-none-eabi/lib/thumb/v7e-m+fp/hard/libc_nano.a(libc_a-findfp.o)
                0x20025ce8                __sf
 .bss.__stdio_exit_handler
                0x20025e20        0x4 /Applications/STM32CubeIDE.app/Contents/Eclipse/plugins/com.st.stm32cube.ide.mcu.externaltools.gnu-tools-for-stm32.12.3.rel1.macos64_1.0.200.202406191456/tools/bin/../lib/gcc/arm-none-eabi/12.3.1/../../../../arm-none-eabi/lib/thumb/v7e-m+fp/hard/libc_nano.a(libc_a-findfp.o)
                0x20025e20                __stdio_exit_handler
 .bss.__lock___malloc_recursive_mutex
                0x20025e24        0x1 /Applications/STM32CubeIDE.app/Contents/Eclipse/plugins/com.st.stm32cube.ide.mcu.externaltools.gnu-tools-for-stm32.12.3.rel1.macos64_1.0.200.202406191456/tools/bin/../lib/gcc/arm-none-eabi/12.3.1/../../../../arm-none-eabi/lib/thumb/v7e-m+fp/hard/libc_nano.a(libc_a-lock.o)
                0x20025e24                __lock___malloc_recursive_mutex
 .bss.__lock___sfp_recursive_mutex
                0x20025e25        0x1 /Applications/STM32CubeIDE.app/Contents/Eclipse/plugins/com.st.stm32cube.ide.mcu.externaltools.gnu-tools-for-stm32.12.3.rel1.macos64_1.0.200.202406191456/tools/bin/../lib/gcc/arm-none-eabi/12.3.1/../../../../arm-none-eabi/lib/thumb/v7e-m+fp/hard/libc_nano.a(libc_a-lock.o)
                0x20025e25                __lock___sfp_recursive_mutex
 *fill*         0x20025e26        0x2 
 .bss.__malloc_free_list
                0x20025e28        0x4 /Applications/STM32CubeIDE.app/Contents/Eclipse/plugins/com.st.stm32cube.ide.mcu.externaltools.gnu-tools-for-stm32.12.3.rel1.macos64_1.0.200.202406191456/tools/bin/../lib/gcc/arm-none-eabi/12.3.1/../../../../arm-none-eabi/lib/thumb/v7e-m+fp/hard/libc_nano.a(libc_a-mallocr.o)
                0x20025e28                __malloc_free_list
 .bss.errno     0x20025e2c        0x4 /Applications/STM32CubeIDE.app/Contents/Eclipse/plugins/com.st.stm32cube.ide.mcu.externaltools.gnu-tools-for-stm32.12.3.rel1.macos64_1.0.200.202406191456/tools/bin/../lib/gcc/arm-none-eabi/12.3.1/../../../../arm-none-eabi/lib/thumb/v7e-m+fp/hard/libc_nano.a(libc_a-reent.o)
                0x20025e2c                errno
 *(COMMON)
                0x20025e30                        . = ALIGN (0x4)
                0x20025e30                        _ebss = .
                0x20025e30                        __bss_end__ = _ebss

._user_heap_stack
                0x20025e30      0x600
                0x20025e30                        . = ALIGN (0x8)
                0x20025e30                        PROVIDE (end = .)
                0x20025e30                        PROVIDE (_end = .)
                0x20026030                        . = (. + _Min_Heap_Size)
 *fill*         0x20025e30      0x200 
                0x20026430                        . = (. + _Min_Stack_Size)
 *fill*         0x20026030      0x400 
                0x20026430                        . = ALIGN (0x8)

/DISCARD/
 libc.a(*)
 libm.a(*)
 libgcc.a(*)

.ARM.attributes
                0x00000000       0x30
 *(.ARM.attributes)
 .ARM.attributes
                0x00000000       0x22 /Applications/STM32CubeIDE.app/Contents/Eclipse/plugins/com.st.stm32cube.ide.mcu.externaltools.gnu-tools-for-stm32.12.3.rel1.macos64_1.0.200.202406191456/tools/bin/../lib/gcc/arm-none-eabi/12.3.1/thumb/v7e-m+fp/hard/crti.o
 .ARM.attributes
                0x00000022       0x34 /Applications/STM32CubeIDE.app/Contents/Eclipse/plugins/com.st.stm32cube.ide.mcu.externaltools.gnu-tools-for-stm32.12.3.rel1.macos64_1.0.200.202406191456/tools/bin/../lib/gcc/arm-none-eabi/12.3.1/thumb/v7e-m+fp/hard/crtbegin.o
 .ARM.attributes
                0x00000056       0x34 ./Core/Src/ApplicationCode.o
 .ARM.attributes
                0x0000008a       0x34 ./Core/Src/Button_Driver.o
 .ARM.attributes
                0x000000be       0x34 ./Core/Src/InterruptControl.o
 .ARM.attributes
                0x000000f2       0x34 ./Core/Src/LCD_Driver.o
 .ARM.attributes
                0x00000126       0x34 ./Core/Src/RNG.o
 .ARM.attributes
                0x0000015a       0x34 ./Core/Src/Scheduler.o
 .ARM.attributes
                0x0000018e       0x34 ./Core/Src/Tetris.o
 .ARM.attributes
                0x000001c2       0x34 ./Core/Src/Timer.o
 .ARM.attributes
                0x000001f6       0x34 ./Core/Src/fonts.o
 .ARM.attributes
                0x0000022a       0x34 ./Core/Src/ili9341.o
 .ARM.attributes
                0x0000025e       0x34 ./Core/Src/main.o
 .ARM.attributes
                0x00000292       0x34 ./Core/Src/stm32f4xx_hal_msp.o
 .ARM.attributes
                0x000002c6       0x34 ./Core/Src/stm32f4xx_it.o
 .ARM.attributes
                0x000002fa       0x34 ./Core/Src/stmpe811.o
 .ARM.attributes
                0x0000032e       0x34 ./Core/Src/system_stm32f4xx.o
 .ARM.attributes
                0x00000362       0x21 ./Core/Startup/startup_stm32f429zitx.o
 .ARM.attributes
                0x00000383       0x34 ./Drivers/STM32F4xx_HAL_Driver/Src/stm32f4xx_hal.o
 .ARM.attributes
                0x000003b7       0x34 ./Drivers/STM32F4xx_HAL_Driver/Src/stm32f4xx_hal_cortex.o
 .ARM.attributes
                0x000003eb       0x34 ./Drivers/STM32F4xx_HAL_Driver/Src/stm32f4xx_hal_gpio.o
 .ARM.attributes
                0x0000041f       0x34 ./Drivers/STM32F4xx_HAL_Driver/Src/stm32f4xx_hal_i2c.o
 .ARM.attributes
                0x00000453       0x34 ./Drivers/STM32F4xx_HAL_Driver/Src/stm32f4xx_hal_ltdc.o
 .ARM.attributes
                0x00000487       0x34 ./Drivers/STM32F4xx_HAL_Driver/Src/stm32f4xx_hal_rcc.o
 .ARM.attributes
                0x000004bb       0x34 ./Drivers/STM32F4xx_HAL_Driver/Src/stm32f4xx_hal_rcc_ex.o
 .ARM.attributes
                0x000004ef       0x34 ./Drivers/STM32F4xx_HAL_Driver/Src/stm32f4xx_hal_rng.o
 .ARM.attributes
                0x00000523       0x34 ./Drivers/STM32F4xx_HAL_Driver/Src/stm32f4xx_hal_spi.o
 .ARM.attributes
                0x00000557       0x34 ./Drivers/STM32F4xx_HAL_Driver/Src/stm32f4xx_hal_tim.o
 .ARM.attributes
                0x0000058b       0x34 /Applications/STM32CubeIDE.app/Contents/Eclipse/plugins/com.st.stm32cube.ide.mcu.externaltools.gnu-tools-for-stm32.12.3.rel1.macos64_1.0.200.202406191456/tools/bin/../lib/gcc/arm-none-eabi/12.3.1/../../../../arm-none-eabi/lib/thumb/v7e-m+fp/hard/librdimon_nano.a(arm_librdimon_a-syscalls.o)
 .ARM.attributes
                0x000005bf       0x34 /Applications/STM32CubeIDE.app/Contents/Eclipse/plugins/com.st.stm32cube.ide.mcu.externaltools.gnu-tools-for-stm32.12.3.rel1.macos64_1.0.200.202406191456/tools/bin/../lib/gcc/arm-none-eabi/12.3.1/../../../../arm-none-eabi/lib/thumb/v7e-m+fp/hard/libc_nano.a(libc_a-findfp.o)
 .ARM.attributes
                0x000005f3       0x34 /Applications/STM32CubeIDE.app/Contents/Eclipse/plugins/com.st.stm32cube.ide.mcu.externaltools.gnu-tools-for-stm32.12.3.rel1.macos64_1.0.200.202406191456/tools/bin/../lib/gcc/arm-none-eabi/12.3.1/../../../../arm-none-eabi/lib/thumb/v7e-m+fp/hard/libc_nano.a(libc_a-fwalk.o)
 .ARM.attributes
                0x00000627       0x34 /Applications/STM32CubeIDE.app/Contents/Eclipse/plugins/com.st.stm32cube.ide.mcu.externaltools.gnu-tools-for-stm32.12.3.rel1.macos64_1.0.200.202406191456/tools/bin/../lib/gcc/arm-none-eabi/12.3.1/../../../../arm-none-eabi/lib/thumb/v7e-m+fp/hard/libc_nano.a(libc_a-memset.o)
 .ARM.attributes
                0x0000065b       0x34 /Applications/STM32CubeIDE.app/Contents/Eclipse/plugins/com.st.stm32cube.ide.mcu.externaltools.gnu-tools-for-stm32.12.3.rel1.macos64_1.0.200.202406191456/tools/bin/../lib/gcc/arm-none-eabi/12.3.1/../../../../arm-none-eabi/lib/thumb/v7e-m+fp/hard/libc_nano.a(libc_a-impure.o)
 .ARM.attributes
                0x0000068f       0x34 /Applications/STM32CubeIDE.app/Contents/Eclipse/plugins/com.st.stm32cube.ide.mcu.externaltools.gnu-tools-for-stm32.12.3.rel1.macos64_1.0.200.202406191456/tools/bin/../lib/gcc/arm-none-eabi/12.3.1/../../../../arm-none-eabi/lib/thumb/v7e-m+fp/hard/libc_nano.a(libc_a-errno.o)
 .ARM.attributes
                0x000006c3       0x34 /Applications/STM32CubeIDE.app/Contents/Eclipse/plugins/com.st.stm32cube.ide.mcu.externaltools.gnu-tools-for-stm32.12.3.rel1.macos64_1.0.200.202406191456/tools/bin/../lib/gcc/arm-none-eabi/12.3.1/../../../../arm-none-eabi/lib/thumb/v7e-m+fp/hard/libc_nano.a(libc_a-init.o)
 .ARM.attributes
                0x000006f7       0x34 /Applications/STM32CubeIDE.app/Contents/Eclipse/plugins/com.st.stm32cube.ide.mcu.externaltools.gnu-tools-for-stm32.12.3.rel1.macos64_1.0.200.202406191456/tools/bin/../lib/gcc/arm-none-eabi/12.3.1/../../../../arm-none-eabi/lib/thumb/v7e-m+fp/hard/libc_nano.a(libc_a-lock.o)
 .ARM.attributes
                0x0000072b       0x17 /Applications/STM32CubeIDE.app/Contents/Eclipse/plugins/com.st.stm32cube.ide.mcu.externaltools.gnu-tools-for-stm32.12.3.rel1.macos64_1.0.200.202406191456/tools/bin/../lib/gcc/arm-none-eabi/12.3.1/../../../../arm-none-eabi/lib/thumb/v7e-m+fp/hard/libc_nano.a(libc_a-strlen.o)
 .ARM.attributes
                0x00000742       0x34 /Applications/STM32CubeIDE.app/Contents/Eclipse/plugins/com.st.stm32cube.ide.mcu.externaltools.gnu-tools-for-stm32.12.3.rel1.macos64_1.0.200.202406191456/tools/bin/../lib/gcc/arm-none-eabi/12.3.1/../../../../arm-none-eabi/lib/thumb/v7e-m+fp/hard/libc_nano.a(libc_a-mallocr.o)
 .ARM.attributes
                0x00000776       0x34 /Applications/STM32CubeIDE.app/Contents/Eclipse/plugins/com.st.stm32cube.ide.mcu.externaltools.gnu-tools-for-stm32.12.3.rel1.macos64_1.0.200.202406191456/tools/bin/../lib/gcc/arm-none-eabi/12.3.1/../../../../arm-none-eabi/lib/thumb/v7e-m+fp/hard/libc_nano.a(libc_a-fflush.o)
 .ARM.attributes
                0x000007aa       0x34 /Applications/STM32CubeIDE.app/Contents/Eclipse/plugins/com.st.stm32cube.ide.mcu.externaltools.gnu-tools-for-stm32.12.3.rel1.macos64_1.0.200.202406191456/tools/bin/../lib/gcc/arm-none-eabi/12.3.1/../../../../arm-none-eabi/lib/thumb/v7e-m+fp/hard/libc_nano.a(libc_a-mlock.o)
 .ARM.attributes
                0x000007de       0x34 /Applications/STM32CubeIDE.app/Contents/Eclipse/plugins/com.st.stm32cube.ide.mcu.externaltools.gnu-tools-for-stm32.12.3.rel1.macos64_1.0.200.202406191456/tools/bin/../lib/gcc/arm-none-eabi/12.3.1/../../../../arm-none-eabi/lib/thumb/v7e-m+fp/hard/libc_nano.a(libc_a-stdio.o)
 .ARM.attributes
                0x00000812       0x34 /Applications/STM32CubeIDE.app/Contents/Eclipse/plugins/com.st.stm32cube.ide.mcu.externaltools.gnu-tools-for-stm32.12.3.rel1.macos64_1.0.200.202406191456/tools/bin/../lib/gcc/arm-none-eabi/12.3.1/../../../../arm-none-eabi/lib/thumb/v7e-m+fp/hard/libc_nano.a(libc_a-closer.o)
 .ARM.attributes
                0x00000846       0x34 /Applications/STM32CubeIDE.app/Contents/Eclipse/plugins/com.st.stm32cube.ide.mcu.externaltools.gnu-tools-for-stm32.12.3.rel1.macos64_1.0.200.202406191456/tools/bin/../lib/gcc/arm-none-eabi/12.3.1/../../../../arm-none-eabi/lib/thumb/v7e-m+fp/hard/libc_nano.a(libc_a-reent.o)
 .ARM.attributes
                0x0000087a       0x34 /Applications/STM32CubeIDE.app/Contents/Eclipse/plugins/com.st.stm32cube.ide.mcu.externaltools.gnu-tools-for-stm32.12.3.rel1.macos64_1.0.200.202406191456/tools/bin/../lib/gcc/arm-none-eabi/12.3.1/../../../../arm-none-eabi/lib/thumb/v7e-m+fp/hard/libc_nano.a(libc_a-lseekr.o)
 .ARM.attributes
                0x000008ae       0x34 /Applications/STM32CubeIDE.app/Contents/Eclipse/plugins/com.st.stm32cube.ide.mcu.externaltools.gnu-tools-for-stm32.12.3.rel1.macos64_1.0.200.202406191456/tools/bin/../lib/gcc/arm-none-eabi/12.3.1/../../../../arm-none-eabi/lib/thumb/v7e-m+fp/hard/libc_nano.a(libc_a-readr.o)
 .ARM.attributes
                0x000008e2       0x34 /Applications/STM32CubeIDE.app/Contents/Eclipse/plugins/com.st.stm32cube.ide.mcu.externaltools.gnu-tools-for-stm32.12.3.rel1.macos64_1.0.200.202406191456/tools/bin/../lib/gcc/arm-none-eabi/12.3.1/../../../../arm-none-eabi/lib/thumb/v7e-m+fp/hard/libc_nano.a(libc_a-writer.o)
 .ARM.attributes
                0x00000916       0x34 /Applications/STM32CubeIDE.app/Contents/Eclipse/plugins/com.st.stm32cube.ide.mcu.externaltools.gnu-tools-for-stm32.12.3.rel1.macos64_1.0.200.202406191456/tools/bin/../lib/gcc/arm-none-eabi/12.3.1/../../../../arm-none-eabi/lib/thumb/v7e-m+fp/hard/libc_nano.a(libc_a-freer.o)
 .ARM.attributes
                0x0000094a       0x22 /Applications/STM32CubeIDE.app/Contents/Eclipse/plugins/com.st.stm32cube.ide.mcu.externaltools.gnu-tools-for-stm32.12.3.rel1.macos64_1.0.200.202406191456/tools/bin/../lib/gcc/arm-none-eabi/12.3.1/thumb/v7e-m+fp/hard/libgcc.a(_aeabi_uldivmod.o)
 .ARM.attributes
                0x0000096c       0x34 /Applications/STM32CubeIDE.app/Contents/Eclipse/plugins/com.st.stm32cube.ide.mcu.externaltools.gnu-tools-for-stm32.12.3.rel1.macos64_1.0.200.202406191456/tools/bin/../lib/gcc/arm-none-eabi/12.3.1/thumb/v7e-m+fp/hard/libgcc.a(_udivmoddi4.o)
 .ARM.attributes
                0x000009a0       0x22 /Applications/STM32CubeIDE.app/Contents/Eclipse/plugins/com.st.stm32cube.ide.mcu.externaltools.gnu-tools-for-stm32.12.3.rel1.macos64_1.0.200.202406191456/tools/bin/../lib/gcc/arm-none-eabi/12.3.1/thumb/v7e-m+fp/hard/libgcc.a(_dvmd_tls.o)
 .ARM.attributes
                0x000009c2       0x22 /Applications/STM32CubeIDE.app/Contents/Eclipse/plugins/com.st.stm32cube.ide.mcu.externaltools.gnu-tools-for-stm32.12.3.rel1.macos64_1.0.200.202406191456/tools/bin/../lib/gcc/arm-none-eabi/12.3.1/thumb/v7e-m+fp/hard/crtn.o
OUTPUT(FContrerasAcostaFinal.elf elf32-littlearm)
LOAD linker stubs
LOAD /Applications/STM32CubeIDE.app/Contents/Eclipse/plugins/com.st.stm32cube.ide.mcu.externaltools.gnu-tools-for-stm32.12.3.rel1.macos64_1.0.200.202406191456/tools/bin/../lib/gcc/arm-none-eabi/12.3.1/../../../../arm-none-eabi/lib/thumb/v7e-m+fp/hard/libc.a
LOAD /Applications/STM32CubeIDE.app/Contents/Eclipse/plugins/com.st.stm32cube.ide.mcu.externaltools.gnu-tools-for-stm32.12.3.rel1.macos64_1.0.200.202406191456/tools/bin/../lib/gcc/arm-none-eabi/12.3.1/../../../../arm-none-eabi/lib/thumb/v7e-m+fp/hard/libm.a
LOAD /Applications/STM32CubeIDE.app/Contents/Eclipse/plugins/com.st.stm32cube.ide.mcu.externaltools.gnu-tools-for-stm32.12.3.rel1.macos64_1.0.200.202406191456/tools/bin/../lib/gcc/arm-none-eabi/12.3.1/thumb/v7e-m+fp/hard/libgcc.a

.debug_info     0x00000000    0x11562
 .debug_info    0x00000000      0x414 ./Core/Src/ApplicationCode.o
 .debug_info    0x00000414      0x479 ./Core/Src/Button_Driver.o
 .debug_info    0x0000088d      0x1db ./Core/Src/InterruptControl.o
 .debug_info    0x00000a68     0x1329 ./Core/Src/LCD_Driver.o
 .debug_info    0x00001d91      0x41a ./Core/Src/RNG.o
 .debug_info    0x000021ab       0xf7 ./Core/Src/Scheduler.o
 .debug_info    0x000022a2      0x404 ./Core/Src/Tetris.o
 .debug_info    0x000026a6      0x970 ./Core/Src/Timer.o
 .debug_info    0x00003016      0x145 ./Core/Src/fonts.o
 .debug_info    0x0000315b      0xc85 ./Core/Src/ili9341.o
 .debug_info    0x00003de0      0x674 ./Core/Src/main.o
 .debug_info    0x00004454     0x17bd ./Core/Src/stm32f4xx_hal_msp.o
 .debug_info    0x00005c11      0x119 ./Core/Src/stm32f4xx_it.o
 .debug_info    0x00005d2a      0xdd8 ./Core/Src/stmpe811.o
 .debug_info    0x00006b02      0x52e ./Core/Src/system_stm32f4xx.o
 .debug_info    0x00007030       0x30 ./Core/Startup/startup_stm32f429zitx.o
 .debug_info    0x00007060      0x9ba ./Drivers/STM32F4xx_HAL_Driver/Src/stm32f4xx_hal.o
 .debug_info    0x00007a1a      0xdc2 ./Drivers/STM32F4xx_HAL_Driver/Src/stm32f4xx_hal_cortex.o
 .debug_info    0x000087dc      0x6db ./Drivers/STM32F4xx_HAL_Driver/Src/stm32f4xx_hal_gpio.o
 .debug_info    0x00008eb7     0x2421 ./Drivers/STM32F4xx_HAL_Driver/Src/stm32f4xx_hal_i2c.o
 .debug_info    0x0000b2d8     0x1022 ./Drivers/STM32F4xx_HAL_Driver/Src/stm32f4xx_hal_ltdc.o
 .debug_info    0x0000c2fa      0x8c7 ./Drivers/STM32F4xx_HAL_Driver/Src/stm32f4xx_hal_rcc.o
 .debug_info    0x0000cbc1      0x64c ./Drivers/STM32F4xx_HAL_Driver/Src/stm32f4xx_hal_rcc_ex.o
 .debug_info    0x0000d20d      0x493 ./Drivers/STM32F4xx_HAL_Driver/Src/stm32f4xx_hal_rng.o
 .debug_info    0x0000d6a0     0x1525 ./Drivers/STM32F4xx_HAL_Driver/Src/stm32f4xx_hal_spi.o
 .debug_info    0x0000ebc5     0x299d ./Drivers/STM32F4xx_HAL_Driver/Src/stm32f4xx_hal_tim.o

.debug_abbrev   0x00000000     0x30c3
 .debug_abbrev  0x00000000      0x170 ./Core/Src/ApplicationCode.o
 .debug_abbrev  0x00000170      0x1bc ./Core/Src/Button_Driver.o
 .debug_abbrev  0x0000032c       0xe0 ./Core/Src/InterruptControl.o
 .debug_abbrev  0x0000040c      0x32b ./Core/Src/LCD_Driver.o
 .debug_abbrev  0x00000737      0x157 ./Core/Src/RNG.o
 .debug_abbrev  0x0000088e       0xad ./Core/Src/Scheduler.o
 .debug_abbrev  0x0000093b      0x1ed ./Core/Src/Tetris.o
 .debug_abbrev  0x00000b28      0x1ea ./Core/Src/Timer.o
 .debug_abbrev  0x00000d12       0xc6 ./Core/Src/fonts.o
 .debug_abbrev  0x00000dd8      0x2c9 ./Core/Src/ili9341.o
 .debug_abbrev  0x000010a1      0x24a ./Core/Src/main.o
 .debug_abbrev  0x000012eb      0x25c ./Core/Src/stm32f4xx_hal_msp.o
 .debug_abbrev  0x00001547       0x73 ./Core/Src/stm32f4xx_it.o
 .debug_abbrev  0x000015ba      0x2c9 ./Core/Src/stmpe811.o
 .debug_abbrev  0x00001883      0x11a ./Core/Src/system_stm32f4xx.o
 .debug_abbrev  0x0000199d       0x24 ./Core/Startup/startup_stm32f429zitx.o
 .debug_abbrev  0x000019c1      0x214 ./Drivers/STM32F4xx_HAL_Driver/Src/stm32f4xx_hal.o
 .debug_abbrev  0x00001bd5      0x31d ./Drivers/STM32F4xx_HAL_Driver/Src/stm32f4xx_hal_cortex.o
 .debug_abbrev  0x00001ef2      0x1d4 ./Drivers/STM32F4xx_HAL_Driver/Src/stm32f4xx_hal_gpio.o
 .debug_abbrev  0x000020c6      0x2ad ./Drivers/STM32F4xx_HAL_Driver/Src/stm32f4xx_hal_i2c.o
 .debug_abbrev  0x00002373      0x233 ./Drivers/STM32F4xx_HAL_Driver/Src/stm32f4xx_hal_ltdc.o
 .debug_abbrev  0x000025a6      0x2b7 ./Drivers/STM32F4xx_HAL_Driver/Src/stm32f4xx_hal_rcc.o
 .debug_abbrev  0x0000285d      0x1b0 ./Drivers/STM32F4xx_HAL_Driver/Src/stm32f4xx_hal_rcc_ex.o
 .debug_abbrev  0x00002a0d      0x1c4 ./Drivers/STM32F4xx_HAL_Driver/Src/stm32f4xx_hal_rng.o
 .debug_abbrev  0x00002bd1      0x27a ./Drivers/STM32F4xx_HAL_Driver/Src/stm32f4xx_hal_spi.o
 .debug_abbrev  0x00002e4b      0x278 ./Drivers/STM32F4xx_HAL_Driver/Src/stm32f4xx_hal_tim.o

.debug_aranges  0x00000000     0x12c8
 .debug_aranges
                0x00000000       0x58 ./Core/Src/ApplicationCode.o
 .debug_aranges
                0x00000058       0x38 ./Core/Src/Button_Driver.o
 .debug_aranges
                0x00000090       0x40 ./Core/Src/InterruptControl.o
 .debug_aranges
                0x000000d0       0xe0 ./Core/Src/LCD_Driver.o
 .debug_aranges
                0x000001b0       0x28 ./Core/Src/RNG.o
 .debug_aranges
                0x000001d8       0x30 ./Core/Src/Scheduler.o
 .debug_aranges
                0x00000208       0x50 ./Core/Src/Tetris.o
 .debug_aranges
                0x00000258       0x48 ./Core/Src/Timer.o
 .debug_aranges
                0x000002a0       0x18 ./Core/Src/fonts.o
 .debug_aranges
                0x000002b8       0x98 ./Core/Src/ili9341.o
 .debug_aranges
                0x00000350       0x40 ./Core/Src/main.o
 .debug_aranges
                0x00000390       0x70 ./Core/Src/stm32f4xx_hal_msp.o
 .debug_aranges
                0x00000400       0x60 ./Core/Src/stm32f4xx_it.o
 .debug_aranges
                0x00000460       0x88 ./Core/Src/stmpe811.o
 .debug_aranges
                0x000004e8       0x28 ./Core/Src/system_stm32f4xx.o
 .debug_aranges
                0x00000510       0x28 ./Core/Startup/startup_stm32f429zitx.o
 .debug_aranges
                0x00000538      0x100 ./Drivers/STM32F4xx_HAL_Driver/Src/stm32f4xx_hal.o
 .debug_aranges
                0x00000638      0x130 ./Drivers/STM32F4xx_HAL_Driver/Src/stm32f4xx_hal_cortex.o
 .debug_aranges
                0x00000768       0x58 ./Drivers/STM32F4xx_HAL_Driver/Src/stm32f4xx_hal_gpio.o
 .debug_aranges
                0x000007c0      0x2a8 ./Drivers/STM32F4xx_HAL_Driver/Src/stm32f4xx_hal_i2c.o
 .debug_aranges
                0x00000a68      0x158 ./Drivers/STM32F4xx_HAL_Driver/Src/stm32f4xx_hal_ltdc.o
 .debug_aranges
                0x00000bc0       0x88 ./Drivers/STM32F4xx_HAL_Driver/Src/stm32f4xx_hal_rcc.o
 .debug_aranges
                0x00000c48       0x58 ./Drivers/STM32F4xx_HAL_Driver/Src/stm32f4xx_hal_rcc_ex.o
 .debug_aranges
                0x00000ca0       0x88 ./Drivers/STM32F4xx_HAL_Driver/Src/stm32f4xx_hal_rng.o
 .debug_aranges
                0x00000d28      0x1d0 ./Drivers/STM32F4xx_HAL_Driver/Src/stm32f4xx_hal_spi.o
 .debug_aranges
                0x00000ef8      0x3d0 ./Drivers/STM32F4xx_HAL_Driver/Src/stm32f4xx_hal_tim.o

.debug_rnglists
                0x00000000      0xe60
 .debug_rnglists
                0x00000000       0x3d ./Core/Src/ApplicationCode.o
 .debug_rnglists
                0x0000003d       0x25 ./Core/Src/Button_Driver.o
 .debug_rnglists
                0x00000062       0x2b ./Core/Src/InterruptControl.o
 .debug_rnglists
                0x0000008d       0xad ./Core/Src/LCD_Driver.o
 .debug_rnglists
                0x0000013a       0x19 ./Core/Src/RNG.o
 .debug_rnglists
                0x00000153       0x1f ./Core/Src/Scheduler.o
 .debug_rnglists
                0x00000172       0x3a ./Core/Src/Tetris.o
 .debug_rnglists
                0x000001ac       0x32 ./Core/Src/Timer.o
 .debug_rnglists
                0x000001de       0x6f ./Core/Src/ili9341.o
 .debug_rnglists
                0x0000024d       0x2e ./Core/Src/main.o
 .debug_rnglists
                0x0000027b       0x53 ./Core/Src/stm32f4xx_hal_msp.o
 .debug_rnglists
                0x000002ce       0x43 ./Core/Src/stm32f4xx_it.o
 .debug_rnglists
                0x00000311       0x67 ./Core/Src/stmpe811.o
 .debug_rnglists
                0x00000378       0x1a ./Core/Src/system_stm32f4xx.o
 .debug_rnglists
                0x00000392       0x19 ./Core/Startup/startup_stm32f429zitx.o
 .debug_rnglists
                0x000003ab       0xbb ./Drivers/STM32F4xx_HAL_Driver/Src/stm32f4xx_hal.o
 .debug_rnglists
                0x00000466       0xe0 ./Drivers/STM32F4xx_HAL_Driver/Src/stm32f4xx_hal_cortex.o
 .debug_rnglists
                0x00000546       0x3f ./Drivers/STM32F4xx_HAL_Driver/Src/stm32f4xx_hal_gpio.o
 .debug_rnglists
                0x00000585      0x23c ./Drivers/STM32F4xx_HAL_Driver/Src/stm32f4xx_hal_i2c.o
 .debug_rnglists
                0x000007c1      0x10a ./Drivers/STM32F4xx_HAL_Driver/Src/stm32f4xx_hal_ltdc.o
 .debug_rnglists
                0x000008cb       0x66 ./Drivers/STM32F4xx_HAL_Driver/Src/stm32f4xx_hal_rcc.o
 .debug_rnglists
                0x00000931       0x43 ./Drivers/STM32F4xx_HAL_Driver/Src/stm32f4xx_hal_rcc_ex.o
 .debug_rnglists
                0x00000974       0x63 ./Drivers/STM32F4xx_HAL_Driver/Src/stm32f4xx_hal_rng.o
 .debug_rnglists
                0x000009d7      0x16f ./Drivers/STM32F4xx_HAL_Driver/Src/stm32f4xx_hal_spi.o
 .debug_rnglists
                0x00000b46      0x31a ./Drivers/STM32F4xx_HAL_Driver/Src/stm32f4xx_hal_tim.o

.debug_macro    0x00000000    0x273b5
 .debug_macro   0x00000000      0x39e ./Core/Src/ApplicationCode.o
 .debug_macro   0x0000039e      0xab4 ./Core/Src/ApplicationCode.o
 .debug_macro   0x00000e52      0x2ad ./Core/Src/ApplicationCode.o
 .debug_macro   0x000010ff       0x2e ./Core/Src/ApplicationCode.o
 .debug_macro   0x0000112d       0x28 ./Core/Src/ApplicationCode.o
 .debug_macro   0x00001155       0x22 ./Core/Src/ApplicationCode.o
 .debug_macro   0x00001177       0x8e ./Core/Src/ApplicationCode.o
 .debug_macro   0x00001205       0x51 ./Core/Src/ApplicationCode.o
 .debug_macro   0x00001256      0x103 ./Core/Src/ApplicationCode.o
 .debug_macro   0x00001359       0x6a ./Core/Src/ApplicationCode.o
 .debug_macro   0x000013c3      0x1df ./Core/Src/ApplicationCode.o
 .debug_macro   0x000015a2       0x1c ./Core/Src/ApplicationCode.o
 .debug_macro   0x000015be       0x22 ./Core/Src/ApplicationCode.o
 .debug_macro   0x000015e0       0xfb ./Core/Src/ApplicationCode.o
 .debug_macro   0x000016db     0x1011 ./Core/Src/ApplicationCode.o
 .debug_macro   0x000026ec      0x11f ./Core/Src/ApplicationCode.o
 .debug_macro   0x0000280b    0x17fd8 ./Core/Src/ApplicationCode.o
 .debug_macro   0x0001a7e3       0x6d ./Core/Src/ApplicationCode.o
 .debug_macro   0x0001a850     0x3711 ./Core/Src/ApplicationCode.o
 .debug_macro   0x0001df61      0x189 ./Core/Src/ApplicationCode.o
 .debug_macro   0x0001e0ea       0x5c ./Core/Src/ApplicationCode.o
 .debug_macro   0x0001e146      0xcba ./Core/Src/ApplicationCode.o
 .debug_macro   0x0001ee00      0x9e9 ./Core/Src/ApplicationCode.o
 .debug_macro   0x0001f7e9      0x115 ./Core/Src/ApplicationCode.o
 .debug_macro   0x0001f8fe      0x156 ./Core/Src/ApplicationCode.o
 .debug_macro   0x0001fa54       0xa5 ./Core/Src/ApplicationCode.o
 .debug_macro   0x0001faf9      0x182 ./Core/Src/ApplicationCode.o
 .debug_macro   0x0001fc7b      0x287 ./Core/Src/ApplicationCode.o
 .debug_macro   0x0001ff02       0x5f ./Core/Src/ApplicationCode.o
 .debug_macro   0x0001ff61      0x236 ./Core/Src/ApplicationCode.o
 .debug_macro   0x00020197      0x132 ./Core/Src/ApplicationCode.o
 .debug_macro   0x000202c9      0x41d ./Core/Src/ApplicationCode.o
 .debug_macro   0x000206e6       0x2e ./Core/Src/ApplicationCode.o
 .debug_macro   0x00020714      0x1b5 ./Core/Src/ApplicationCode.o
 .debug_macro   0x000208c9       0x22 ./Core/Src/ApplicationCode.o
 .debug_macro   0x000208eb       0xd6 ./Core/Src/ApplicationCode.o
 .debug_macro   0x000209c1      0x198 ./Core/Src/ApplicationCode.o
 .debug_macro   0x00020b59       0xd6 ./Core/Src/ApplicationCode.o
 .debug_macro   0x00020c2f      0x127 ./Core/Src/ApplicationCode.o
 .debug_macro   0x00020d56       0xe2 ./Core/Src/ApplicationCode.o
 .debug_macro   0x00020e38       0x89 ./Core/Src/ApplicationCode.o
 .debug_macro   0x00020ec1       0xa4 ./Core/Src/ApplicationCode.o
 .debug_macro   0x00020f65      0x225 ./Core/Src/ApplicationCode.o
 .debug_macro   0x0002118a      0x8ed ./Core/Src/ApplicationCode.o