Archive member included to satisfy reference by file (symbol)

/Applications/STM32CubeIDE.app/Contents/Eclipse/plugins/com.st.stm32cube.ide.mcu.externaltools.gnu-tools-for-stm32.12.3.rel1.macos64_1.0.200.202406191456/tools/bin/../lib/gcc/arm-none-eabi/12.3.1/../../../../arm-none-eabi/lib/thumb/v7e-m+fp/hard/librdimon_nano.a(arm_librdimon_a-syscalls.o)
                              /Applications/STM32CubeIDE.app/Contents/Eclipse/plugins/com.st.stm32cube.ide.mcu.externaltools.gnu-tools-for-stm32.12.3.rel1.macos64_1.0.200.202406191456/tools/bin/../lib/gcc/arm-none-eabi/12.3.1/../../../../arm-none-eabi/lib/thumb/v7e-m+fp/hard/rdimon-crt0.o (__heap_limit)
/Applications/STM32CubeIDE.app/Contents/Eclipse/plugins/com.st.stm32cube.ide.mcu.externaltools.gnu-tools-for-stm32.12.3.rel1.macos64_1.0.200.202406191456/tools/bin/../lib/gcc/arm-none-eabi/12.3.1/../../../../arm-none-eabi/lib/thumb/v7e-m+fp/hard/libc_nano.a(libc_a-exit.o)
                              /Applications/STM32CubeIDE.app/Contents/Eclipse/plugins/com.st.stm32cube.ide.mcu.externaltools.gnu-tools-for-stm32.12.3.rel1.macos64_1.0.200.202406191456/tools/bin/../lib/gcc/arm-none-eabi/12.3.1/../../../../arm-none-eabi/lib/thumb/v7e-m+fp/hard/rdimon-crt0.o (exit)
/Applications/STM32CubeIDE.app/Contents/Eclipse/plugins/com.st.stm32cube.ide.mcu.externaltools.gnu-tools-for-stm32.12.3.rel1.macos64_1.0.200.202406191456/tools/bin/../lib/gcc/arm-none-eabi/12.3.1/../../../../arm-none-eabi/lib/thumb/v7e-m+fp/hard/libc_nano.a(libc_a-itoa.o)
                              ./Core/Src/Tetris.o (itoa)
/Applications/STM32CubeIDE.app/Contents/Eclipse/plugins/com.st.stm32cube.ide.mcu.externaltools.gnu-tools-for-stm32.12.3.rel1.macos64_1.0.200.202406191456/tools/bin/../lib/gcc/arm-none-eabi/12.3.1/../../../../arm-none-eabi/lib/thumb/v7e-m+fp/hard/libc_nano.a(libc_a-findfp.o)
                              /Applications/STM32CubeIDE.app/Contents/Eclipse/plugins/com.st.stm32cube.ide.mcu.externaltools.gnu-tools-for-stm32.12.3.rel1.macos64_1.0.200.202406191456/tools/bin/../lib/gcc/arm-none-eabi/12.3.1/../../../../arm-none-eabi/lib/thumb/v7e-m+fp/hard/libc_nano.a(libc_a-exit.o) (__stdio_exit_handler)
/Applications/STM32CubeIDE.app/Contents/Eclipse/plugins/com.st.stm32cube.ide.mcu.externaltools.gnu-tools-for-stm32.12.3.rel1.macos64_1.0.200.202406191456/tools/bin/../lib/gcc/arm-none-eabi/12.3.1/../../../../arm-none-eabi/lib/thumb/v7e-m+fp/hard/libc_nano.a(libc_a-utoa.o)
                              /Applications/STM32CubeIDE.app/Contents/Eclipse/plugins/com.st.stm32cube.ide.mcu.externaltools.gnu-tools-for-stm32.12.3.rel1.macos64_1.0.200.202406191456/tools/bin/../lib/gcc/arm-none-eabi/12.3.1/../../../../arm-none-eabi/lib/thumb/v7e-m+fp/hard/libc_nano.a(libc_a-itoa.o) (__utoa)
/Applications/STM32CubeIDE.app/Contents/Eclipse/plugins/com.st.stm32cube.ide.mcu.externaltools.gnu-tools-for-stm32.12.3.rel1.macos64_1.0.200.202406191456/tools/bin/../lib/gcc/arm-none-eabi/12.3.1/../../../../arm-none-eabi/lib/thumb/v7e-m+fp/hard/libc_nano.a(libc_a-fwalk.o)
                              /Applications/STM32CubeIDE.app/Contents/Eclipse/plugins/com.st.stm32cube.ide.mcu.externaltools.gnu-tools-for-stm32.12.3.rel1.macos64_1.0.200.202406191456/tools/bin/../lib/gcc/arm-none-eabi/12.3.1/../../../../arm-none-eabi/lib/thumb/v7e-m+fp/hard/libc_nano.a(libc_a-findfp.o) (_fwalk_sglue)
/Applications/STM32CubeIDE.app/Contents/Eclipse/plugins/com.st.stm32cube.ide.mcu.externaltools.gnu-tools-for-stm32.12.3.rel1.macos64_1.0.200.202406191456/tools/bin/../lib/gcc/arm-none-eabi/12.3.1/../../../../arm-none-eabi/lib/thumb/v7e-m+fp/hard/libc_nano.a(libc_a-memset.o)
                              /Applications/STM32CubeIDE.app/Contents/Eclipse/plugins/com.st.stm32cube.ide.mcu.externaltools.gnu-tools-for-stm32.12.3.rel1.macos64_1.0.200.202406191456/tools/bin/../lib/gcc/arm-none-eabi/12.3.1/../../../../arm-none-eabi/lib/thumb/v7e-m+fp/hard/rdimon-crt0.o (memset)
/Applications/STM32CubeIDE.app/Contents/Eclipse/plugins/com.st.stm32cube.ide.mcu.externaltools.gnu-tools-for-stm32.12.3.rel1.macos64_1.0.200.202406191456/tools/bin/../lib/gcc/arm-none-eabi/12.3.1/../../../../arm-none-eabi/lib/thumb/v7e-m+fp/hard/libc_nano.a(libc_a-impure.o)
                              /Applications/STM32CubeIDE.app/Contents/Eclipse/plugins/com.st.stm32cube.ide.mcu.externaltools.gnu-tools-for-stm32.12.3.rel1.macos64_1.0.200.202406191456/tools/bin/../lib/gcc/arm-none-eabi/12.3.1/../../../../arm-none-eabi/lib/thumb/v7e-m+fp/hard/librdimon_nano.a(arm_librdimon_a-syscalls.o) (_impure_ptr)
/Applications/STM32CubeIDE.app/Contents/Eclipse/plugins/com.st.stm32cube.ide.mcu.externaltools.gnu-tools-for-stm32.12.3.rel1.macos64_1.0.200.202406191456/tools/bin/../lib/gcc/arm-none-eabi/12.3.1/../../../../arm-none-eabi/lib/thumb/v7e-m+fp/hard/libc_nano.a(libc_a-errno.o)
                              ./Core/Src/sysmem.o (__errno)
[...]
Memory Configuration

Name             Origin             Length             Attributes
CCMRAM           0x10000000         0x00010000         xrw
RAM              0x20000000         0x00030000         xrw
FLASH            0x08000000         0x00200000         xr
*default*        0x00000000         0xffffffff

Linker script and memory map

LOAD /Applications/STM32CubeIDE.app/Contents/Eclipse/plugins/com.st.stm32cube.ide.mcu.externaltools.gnu-tools-for-stm32.12.3.rel1.macos64_1.0.200.202406191456/tools/bin/../lib/gcc/arm-none-eabi/12.3.1/thumb/v7e-m+fp/hard/crti.o
LOAD /Applications/STM32CubeIDE.app/Contents/Eclipse/plugins/com.st.stm32cube.ide.mcu.externaltools.gnu-tools-for-stm32.12.3.rel1.macos64_1.0.200.202406191456/tools/bin/../lib/gcc/arm-none-eabi/12.3.1/thumb/v7e-m+fp/hard/crtbegin.o
LOAD /Applications/STM32CubeIDE.app/Contents/Eclipse/plugins/com.st.stm32cube.ide.mcu.externaltools.gnu-tools-for-stm32.12.3.rel1.macos64_1.0.200.202406191456/tools/bin/../lib/gcc/arm-none-eabi/12.3.1/../../../../arm-none-eabi/lib/thumb/v7e-m+fp/hard/rdimon-crt0.o
LOAD ./Core/Src/ApplicationCode.o
LOAD ./Core/Src/Button_Driver.o
LOAD ./Core/Src/InterruptControl.o
LOAD ./Core/Src/LCD_Driver.o
LOAD ./Core/Src/RNG.o
LOAD ./Core/Src/Scheduler.o
LOAD ./Core/Src/Tetris.o
LOAD ./Core/Src/Timer.o
LOAD ./Core/Src/fonts.o
LOAD ./Core/Src/ili9341.o
LOAD ./Core/Src/main.o
LOAD ./Core/Src/stm32f4xx_hal_msp.o
LOAD ./Core/Src/stm32f4xx_it.o
LOAD ./Core/Src/stmpe811.o
LOAD ./Core/Src/sysmem.o
LOAD ./Core/Src/system_stm32f4xx.o
LOAD ./Core/Startup/startup_stm32f429zitx.o
LOAD ./Drivers/STM32F4xx_HAL_Driver/Src/stm32f4xx_hal.o
LOAD ./Drivers/STM32F4xx_HAL_Driver/Src/stm32f4xx_hal_cortex.o
LOAD ./Drivers/STM32F4xx_HAL_Driver/Src/stm32f4xx_hal_dma.o
LOAD ./Drivers/STM32F4xx_HAL_Driver/Src/stm32f4xx_hal_dma_ex.o
LOAD ./Drivers/STM32F4xx_HAL_Driver/Src/stm32f4xx_hal_dsi.o
LOAD ./Drivers/STM32F4xx_HAL_Driver/Src/stm32f4xx_hal_exti.o
LOAD ./Drivers/STM32F4xx_HAL_Driver/Src/stm32f4xx_hal_flash.o
LOAD ./Drivers/STM32F4xx_HAL_Driver/Src/stm32f4xx_hal_flash_ex.o
LOAD ./Drivers/STM32F4xx_HAL_Driver/Src/stm32f4xx_hal_flash_ramfunc.o
LOAD ./Drivers/STM32F4xx_HAL_Driver/Src/stm32f4xx_hal_gpio.o
LOAD ./Drivers/STM32F4xx_HAL_Driver/Src/stm32f4xx_hal_i2c.o
LOAD ./Drivers/STM32F4xx_HAL_Driver/Src/stm32f4xx_hal_i2c_ex.o
LOAD ./Drivers/STM32F4xx_HAL_Driver/Src/stm32f4xx_hal_ltdc.o
LOAD ./Drivers/STM32F4xx_HAL_Driver/Src/stm32f4xx_hal_ltdc_ex.o
LOAD ./Drivers/STM32F4xx_HAL_Driver/Src/stm32f4xx_hal_pwr.o
LOAD ./Drivers/STM32F4xx_HAL_Driver/Src/stm32f4xx_hal_pwr_ex.o
LOAD ./Drivers/STM32F4xx_HAL_Driver/Src/stm32f4xx_hal_rcc.o
LOAD ./Drivers/STM32F4xx_HAL_Driver/Src/stm32f4xx_hal_rcc_ex.o
LOAD ./Drivers/STM32F4xx_HAL_Driver/Src/stm32f4xx_hal_rng.o
LOAD ./Drivers/STM32F4xx_HAL_Driver/Src/stm32f4xx_hal_spi.o
LOAD ./Drivers/STM32F4xx_HAL_Driver/Src/stm32f4xx_hal_tim.o
LOAD ./Drivers/STM32F4xx_HAL_Driver/Src/stm32f4xx_hal_tim_ex.o
LOAD /Applications/STM32CubeIDE.app/Contents/Eclipse/plugins/com.st.stm32cube.ide.mcu.externaltools.gnu-tools-for-stm32.12.3.rel1.macos64_1.0.200.202406191456/tools/bin/../lib/gcc/arm-none-eabi/12.3.1/../../../../arm-none-eabi/lib/thumb/v7e-m+fp/hard/librdimon_nano.a
START GROUP
LOAD /Applications/STM32CubeIDE.app/Contents/Eclipse/plugins/com.st.stm32cube.ide.mcu.externaltools.gnu-tools-for-stm32.12.3.rel1.macos64_1.0.200.202406191456/tools/bin/../lib/gcc/arm-none-eabi/12.3.1/../../../../arm-none-eabi/lib/thumb/v7e-m+fp/hard/libc_nano.a
LOAD /Applications/STM32CubeIDE.app/Contents/Eclipse/plugins/com.st.stm32cube.ide.mcu.externaltools.gnu-tools-for-stm32.12.3.rel1.macos64_1.0.200.202406191456/tools/bin/../lib/gcc/arm-none-eabi/12.3.1/../../../../arm-none-eabi/lib/thumb/v7e-m+fp/hard/libm.a
END GROUP
START GROUP
LOAD /Applications/STM32CubeIDE.app/Contents/Eclipse/plugins/com.st.stm32cube.ide.mcu.externaltools.gnu-tools-for-stm32.12.3.rel1.macos64_1.0.200.202406191456/tools/bin/../lib/gcc/arm-none-eabi/12.3.1/thumb/v7e-m+fp/hard/libgcc.a
LOAD /Applications/STM32CubeIDE.app/Contents/Eclipse/plugins/com.st.stm32cube.ide.mcu.externaltools.gnu-tools-for-stm32.12.3.rel1.macos64_1.0.200.202406191456/tools/bin/../lib/gcc/arm-none-eabi/12.3.1/../../../../arm-none-eabi/lib/thumb/v7e-m+fp/hard/libc_nano.a
END GROUP
START GROUP
LOAD /Applications/STM32CubeIDE.app/Contents/Eclipse/plugins/com.st.stm32cube.ide.mcu.externaltools.gnu-tools-for-stm32.12.3.rel1.macos64_1.0.200.202406191456/tools/bin/../lib/gcc/arm-none-eabi/12.3.1/thumb/v7e-m+fp/hard/libgcc.a
LOAD /Applications/STM32CubeIDE.app/Contents/Eclipse/plugins/com.st.stm32cube.ide.mcu.externaltools.gnu-tools-for-stm32.12.3.rel1.macos64_1.0.200.202406191456/tools/bin/../lib/gcc/arm-none-eabi/12.3.1/../../../../arm-none-eabi/lib/thumb/v7e-m+fp/hard/libc_nano.a
LOAD /Applications/STM32CubeIDE.app/Contents/Eclipse/plugins/com.st.stm32cube.ide.mcu.externaltools.gnu-tools-for-stm32.12.3.rel1.macos64_1.0.200.202406191456/tools/bin/../lib/gcc/arm-none-eabi/12.3.1/../../../../arm-none-eabi/lib/thumb/v7e-m+fp/hard/libnosys.a
END GROUP
START GROUP
LOAD /Applications/STM32CubeIDE.app/Contents/Eclipse/plugins/com.st.stm32cube.ide.mcu.externaltools.gnu-tools-for-stm32.12.3.rel1.macos64_1.0.200.202406191456/tools/bin/../lib/gcc/arm-none-eabi/12.3.1/thumb/v7e-m+fp/hard/libgcc.a
LOAD /Applications/STM32CubeIDE.app/Contents/Eclipse/plugins/com.st.stm32cube.ide.mcu.externaltools.gnu-tools-for-stm32.12.3.rel1.macos64_1.0.200.202406191456/tools/bin/../lib/gcc/arm-none-eabi/12.3.1/../../../../arm-none-eabi/lib/thumb/v7e-m+fp/hard/libc_nano.a
LOAD /Applications/STM32CubeIDE.app/Contents/Eclipse/plugins/com.st.stm32cube.ide.mcu.externaltools.gnu-tools-for-stm32.12.3.rel1.macos64_1.0.200.202406191456/tools/bin/../lib/gcc/arm-none-eabi/12.3.1/../../../../arm-none-eabi/lib/thumb/v7e-m+fp/hard/librdimon_nano.a
END GROUP
START GROUP
LOAD /Applications/STM32CubeIDE.app/Contents/Eclipse/plugins/com.st.stm32cube.ide.mcu.externaltools.gnu-tools-for-stm32.12.3.rel1.macos64_1.0.200.202406191456/tools/bin/../lib/gcc/arm-none-eabi/12.3.1/thumb/v7e-m+fp/hard/libgcc.a
LOAD /Applications/STM32CubeIDE.app/Contents/Eclipse/plugins/com.st.stm32cube.ide.mcu.externaltools.gnu-tools-for-stm32.12.3.rel1.macos64_1.0.200.202406191456/tools/bin/../lib/gcc/arm-none-eabi/12.3.1/../../../../arm-none-eabi/lib/thumb/v7e-m+fp/hard/libc_nano.a
LOAD /Applications/STM32CubeIDE.app/Contents/Eclipse/plugins/com.st.stm32cube.ide.mcu.externaltools.gnu-tools-for-stm32.12.3.rel1.macos64_1.0.200.202406191456/tools/bin/../lib/gcc/arm-none-eabi/12.3.1/../../../../arm-none-eabi/lib/thumb/v7e-m+fp/hard/librdimon_nano.a
LOAD /Applications/STM32CubeIDE.app/Contents/Eclipse/plugins/com.st.stm32cube.ide.mcu.externaltools.gnu-tools-for-stm32.12.3.rel1.macos64_1.0.200.202406191456/tools/bin/../lib/gcc/arm-none-eabi/12.3.1/../../../../arm-none-eabi/lib/thumb/v7e-m+fp/hard/libnosys.a
END GROUP
LOAD /Applications/STM32CubeIDE.app/Contents/Eclipse/plugins/com.st.stm32cube.ide.mcu.externaltools.gnu-tools-for-stm32.12.3.rel1.macos64_1.0.200.202406191456/tools/bin/../lib/gcc/arm-none-eabi/12.3.1/thumb/v7e-m+fp/hard/crtend.o
LOAD /Applications/STM32CubeIDE.app/Contents/Eclipse/plugins/com.st.stm32cube.ide.mcu.externaltools.gnu-tools-for-stm32.12.3.rel1.macos64_1.0.200.202406191456/tools/bin/../lib/gcc/arm-none-eabi/12.3.1/thumb/v7e-m+fp/hard/crtn.o
                0x20030000                        _estack = (ORIGIN (RAM) + LENGTH (RAM))
                0x00000200                        _Min_Heap_Size = 0x200
                0x00000400                        _Min_Stack_Size = 0x400

.isr_vector     0x08000000      0x1ac
                0x08000000                        . = ALIGN (0x4)
 *(.isr_vector)
 .isr_vector    0x08000000      0x1ac ./Core/Startup/startup_stm32f429zitx.o
                0x08000000                g_pfnVectors
                0x080001ac                        . = ALIGN (0x4)

.text           0x080001ac     0x6e2c
                0x080001ac                        . = ALIGN (0x4)
 *(.text)
 .text          0x080001ac       0x40 /Applications/STM32CubeIDE.app/Contents/Eclipse/plugins/com.st.stm32cube.ide.mcu.externaltools.gnu-tools-for-stm32.12.3.rel1.macos64_1.0.200.202406191456/tools/bin/../lib/gcc/arm-none-eabi/12.3.1/thumb/v7e-m+fp/hard/crtbegin.o
 .text          0x080001ec       0x10 /Applications/STM32CubeIDE.app/Contents/Eclipse/plugins/com.st.stm32cube.ide.mcu.externaltools.gnu-tools-for-stm32.12.3.rel1.macos64_1.0.200.202406191456/tools/bin/../lib/gcc/arm-none-eabi/12.3.1/../../../../arm-none-eabi/lib/thumb/v7e-m+fp/hard/libc_nano.a(libc_a-strlen.o)
                0x080001ec                strlen
 .text          0x080001fc       0x30 /Applications/STM32CubeIDE.app/Contents/Eclipse/plugins/com.st.stm32cube.ide.mcu.externaltools.gnu-tools-for-stm32.12.3.rel1.macos64_1.0.200.202406191456/tools/bin/../lib/gcc/arm-none-eabi/12.3.1/thumb/v7e-m+fp/hard/libgcc.a(_aeabi_uldivmod.o)
                0x080001fc                __aeabi_uldivmod
 .text          0x0800022c      0x2bc /Applications/STM32CubeIDE.app/Contents/Eclipse/plugins/com.st.stm32cube.ide.mcu.externaltools.gnu-tools-for-stm32.12.3.rel1.macos64_1.0.200.202406191456/tools/bin/../lib/gcc/arm-none-eabi/12.3.1/thumb/v7e-m+fp/hard/libgcc.a(_udivmoddi4.o)
                0x0800022c                __udivmoddi4
 .text          0x080004e8        0x4 /Applications/STM32CubeIDE.app/Contents/Eclipse/plugins/com.st.stm32cube.ide.mcu.externaltools.gnu-tools-for-stm32.12.3.rel1.macos64_1.0.200.202406191456/tools/bin/../lib/gcc/arm-none-eabi/12.3.1/thumb/v7e-m+fp/hard/libgcc.a(_dvmd_tls.o)
                0x080004e8                __aeabi_ldiv0
                0x080004e8                __aeabi_idiv0
 *(.text*)
 .text.ApplicationInit
                0x080004ec       0x40 ./Core/Src/ApplicationCode.o
                0x080004ec                ApplicationInit
 .text.ApplicationGame
                0x0800052c       0x68 ./Core/Src/ApplicationCode.o
                0x0800052c                ApplicationGame
 .text.First_Screen
                0x08000594        0xc ./Core/Src/ApplicationCode.o
                0x08000594                First_Screen
 .text.Tim_Init
                0x080005a0        0xc ./Core/Src/ApplicationCode.o
                0x080005a0                Tim_Init
 .text.BUTT_Init_IT
                0x080005ac        0xc ./Core/Src/ApplicationCode.o
                0x080005ac                BUTT_Init_IT
 .text.Random_Init
                0x080005b8        0xc ./Core/Src/ApplicationCode.o
                0x080005b8                Random_Init
 .text.TIM2_IRQHandler
                0x080005c4       0x30 ./Core/Src/ApplicationCode.o
                0x080005c4                TIM2_IRQHandler
 .text.EXTI0_IRQHandler
                0x080005f4       0x26 ./Core/Src/ApplicationCode.o
                0x080005f4                EXTI0_IRQHandler
 *fill*         0x0800061a        0x2 
 .text.BUTTON_ClockControl
                0x0800061c       0x34 ./Core/Src/Button_Driver.o
                0x0800061c                BUTTON_ClockControl
 .text.BUTTON_Init_Interupt
                0x08000650       0x48 ./Core/Src/Button_Driver.o
                0x08000650                BUTTON_Init_Interupt
 .text.IRQ_ENABLE
                0x08000698       0x4c ./Core/Src/InterruptControl.o
                0x08000698                IRQ_ENABLE
 .text.IRQ_DISABLE
                0x080006e4       0x50 ./Core/Src/InterruptControl.o
                0x080006e4                IRQ_DISABLE
 .text.IRQ_CLEAR
                0x08000734       0x50 ./Core/Src/InterruptControl.o
                0x08000734                IRQ_CLEAR
 .text.CLEAR_EXTI
                0x08000784       0x30 ./Core/Src/InterruptControl.o
                0x08000784                CLEAR_EXTI
 .text.LCD_GPIO_Init
                0x080007b4      0x190 ./Core/Src/LCD_Driver.o
                0x080007b4                LCD_GPIO_Init
 .text.LTCD_Layer_Init
                0x08000944       0x80 ./Core/Src/LCD_Driver.o
                0x08000944                LTCD_Layer_Init
 .text.LTCD__Init
                0x080009c4       0xbc ./Core/Src/LCD_Driver.o
                0x080009c4                LTCD__Init
 .text.LCD_Draw_Pixel
                0x08000a80       0x3c ./Core/Src/LCD_Driver.o
                0x08000a80                LCD_Draw_Pixel
 .text.LCD_Clear
                0x08000abc       0x44 ./Core/Src/LCD_Driver.o
                0x08000abc                LCD_Clear
 .text.LCD_SetTextColor
                0x08000b00       0x20 ./Core/Src/LCD_Driver.o
                0x08000b00                LCD_SetTextColor
 .text.LCD_SetFont
                0x08000b20       0x20 ./Core/Src/LCD_Driver.o
                0x08000b20                LCD_SetFont
 .text.LCD_Draw_Char
                0x08000b40       0xdc ./Core/Src/LCD_Driver.o
                0x08000b40                LCD_Draw_Char
 .text.LCD_DisplayChar
                0x08000c1c       0x44 ./Core/Src/LCD_Driver.o
                0x08000c1c                LCD_DisplayChar
 .text.LCD_Error_Handler
                0x08000c60        0xc ./Core/Src/LCD_Driver.o
                0x08000c60                LCD_Error_Handler
 .text.InitializeLCDTouch
                0x08000c6c       0x16 ./Core/Src/LCD_Driver.o
                0x08000c6c                InitializeLCDTouch
 .text.returnTouchStateAndLocation
                0x08000c82       0x18 ./Core/Src/LCD_Driver.o
                0x08000c82                returnTouchStateAndLocation
 *fill*         0x08000c9a        0x2 
 .text.Start_Screen
                0x08000c9c      0x120 ./Core/Src/LCD_Driver.o
                0x08000c9c                Start_Screen
 .text.O_Shape  0x08000dbc       0x68 ./Core/Src/LCD_Driver.o
                0x08000dbc                O_Shape
 .text.I_Shape  0x08000e24       0x6c ./Core/Src/LCD_Driver.o
                0x08000e24                I_Shape
 .text.S_Shape  0x08000e90       0xa4 ./Core/Src/LCD_Driver.o
                0x08000e90                S_Shape
 .text.Z_Shape  0x08000f34       0xa4 ./Core/Src/LCD_Driver.o
                0x08000f34                Z_Shape
 .text.L_Shape  0x08000fd8       0xd8 ./Core/Src/LCD_Driver.o
                0x08000fd8                L_Shape
 .text.J_Shape  0x080010b0       0xd8 ./Core/Src/LCD_Driver.o
                0x080010b0                J_Shape
 .text.T_Shape  0x08001188       0xa4 ./Core/Src/LCD_Driver.o
                0x08001188                T_Shape
 .text.Draw_Block
                0x0800122c       0x58 ./Core/Src/LCD_Driver.o
                0x0800122c                Draw_Block
 .text.RNG_Init
                0x08001284       0x5c ./Core/Src/RNG.o
                0x08001284                RNG_Init
 .text.Gen_Number
                0x080012e0       0x38 ./Core/Src/RNG.o
                0x080012e0                Gen_Number
 .text.addSchedulerEvent
                0x08001318       0x24 ./Core/Src/Scheduler.o
                0x08001318                addSchedulerEvent
 .text.removeSchedulerEvent
                0x0800133c       0x28 ./Core/Src/Scheduler.o
                0x0800133c                removeSchedulerEvent
 .text.getScheduledEvents
                0x08001364       0x18 ./Core/Src/Scheduler.o
                0x08001364                getScheduledEvents
 .text.Start_Tetris
                0x0800137c      0x114 ./Core/Src/Tetris.o
                0x0800137c                Start_Tetris
 .text.Draw_Shape
                0x08001490       0x7a ./Core/Src/Tetris.o
                0x08001490                Draw_Shape
 *fill*         0x0800150a        0x2 
 .text.Update_Board
                0x0800150c       0x7c ./Core/Src/Tetris.o
                0x0800150c                Update_Board
 .text.Random_Shape
                0x08001588       0x38 ./Core/Src/Tetris.o
                0x08001588                Random_Shape
 .text.Rotate_CC
                0x080015c0       0xd4 ./Core/Src/Tetris.o
                0x080015c0                Rotate_CC
 .text.Check_Down
                0x08001694      0x228 ./Core/Src/Tetris.o
                0x08001694                Check_Down
 .text.Move_Down
                0x080018bc       0x5c ./Core/Src/Tetris.o
                0x080018bc                Move_Down
 .text.Check_Endgame
                0x08001918       0x40 ./Core/Src/Tetris.o
                0x08001918                Check_Endgame
 .text.EndGame  0x08001958      0x1f4 ./Core/Src/Tetris.o
                0x08001958                EndGame
 .text.TIMER_Init
                0x08001b4c       0xd4 ./Core/Src/Timer.o
                0x08001b4c                TIMER_Init
 .text.TIMER_Reset
                0x08001c20       0x16 ./Core/Src/Timer.o
                0x08001c20                TIMER_Reset
 *fill*         0x08001c36        0x2 
 .text.TIMER_ReturnVal
                0x08001c38       0x18 ./Core/Src/Timer.o
                0x08001c38                TIMER_ReturnVal
 .text.TIMER_Int_Start
                0x08001c50       0x2c ./Core/Src/Timer.o
                0x08001c50                TIMER_Int_Start
 .text.TIMER_Int_Stop
                0x08001c7c       0x2c ./Core/Src/Timer.o
                0x08001c7c                TIMER_Int_Stop
 .text.TIMER5_Start
                0x08001ca8       0x14 ./Core/Src/Timer.o
                0x08001ca8                TIMER5_Start
 .text.ili9341_Init
                0x08001cbc      0x294 ./Core/Src/ili9341.o
                0x08001cbc                ili9341_Init
 .text.ili9341_Write_Reg
                0x08001f50       0x1a ./Core/Src/ili9341.o
                0x08001f50                ili9341_Write_Reg
 .text.ili9341_Send_Data
                0x08001f6a       0x1a ./Core/Src/ili9341.o
                0x08001f6a                ili9341_Send_Data
 .text.SPI_Init
                0x08001f84       0x74 ./Core/Src/ili9341.o
 .text.SPI_Write
                0x08001ff8       0x3c ./Core/Src/ili9341.o
 .text.SPI_Error
                0x08002034       0x18 ./Core/Src/ili9341.o
 .text.SPI_MspInit
                0x0800204c       0x74 ./Core/Src/ili9341.o
 .text.LCD_IO_Init
                0x080020c0       0xf0 ./Core/Src/ili9341.o
                0x080020c0                LCD_IO_Init
 .text.LCD_IO_WriteData
                0x080021b0       0x44 ./Core/Src/ili9341.o
                0x080021b0                LCD_IO_WriteData
 .text.LCD_IO_WriteReg
                0x080021f4       0x44 ./Core/Src/ili9341.o
                0x080021f4                LCD_IO_WriteReg
 .text.LCD_Delay
                0x08002238       0x16 ./Core/Src/ili9341.o
                0x08002238                LCD_Delay
 *fill*         0x0800224e        0x2 
 .text.main     0x08002250       0xa0 ./Core/Src/main.o
                0x08002250                main
 .text.SystemClockOverride
                0x080022f0       0x80 ./Core/Src/main.o
                0x080022f0                SystemClockOverride
 .text.Error_Handler
                0x08002370        0xc ./Core/Src/main.o
                0x08002370                Error_Handler
 .text.HAL_MspInit
                0x0800237c       0x50 ./Core/Src/stm32f4xx_hal_msp.o
                0x0800237c                HAL_MspInit
 .text.HAL_I2C_MspInit
                0x080023cc       0xd4 ./Core/Src/stm32f4xx_hal_msp.o
                0x080023cc                HAL_I2C_MspInit
 .text.HAL_LTDC_MspInit
                0x080024a0      0x250 ./Core/Src/stm32f4xx_hal_msp.o
                0x080024a0                HAL_LTDC_MspInit
 .text.HAL_RNG_MspInit
                0x080026f0       0x44 ./Core/Src/stm32f4xx_hal_msp.o
                0x080026f0                HAL_RNG_MspInit
 .text.HAL_SPI_MspInit
                0x08002734       0x90 ./Core/Src/stm32f4xx_hal_msp.o
                0x08002734                HAL_SPI_MspInit
 .text.HAL_SPI_MspDeInit
                0x080027c4       0x3c ./Core/Src/stm32f4xx_hal_msp.o
                0x080027c4                HAL_SPI_MspDeInit
 .text.HAL_TIM_Base_MspInit
                0x08002800       0x44 ./Core/Src/stm32f4xx_hal_msp.o
                0x08002800                HAL_TIM_Base_MspInit
 .text.NMI_Handler
                0x08002844        0x8 ./Core/Src/stm32f4xx_it.o
                0x08002844                NMI_Handler
 .text.HardFault_Handler
                0x0800284c        0x8 ./Core/Src/stm32f4xx_it.o
                0x0800284c                HardFault_Handler
 .text.MemManage_Handler
                0x08002854        0x8 ./Core/Src/stm32f4xx_it.o
                0x08002854                MemManage_Handler
 .text.BusFault_Handler
                0x0800285c        0x8 ./Core/Src/stm32f4xx_it.o
                0x0800285c                BusFault_Handler
 .text.UsageFault_Handler
                0x08002864        0x8 ./Core/Src/stm32f4xx_it.o
                0x08002864                UsageFault_Handler
 .text.SVC_Handler
                0x0800286c        0xe ./Core/Src/stm32f4xx_it.o
                0x0800286c                SVC_Handler
 .text.DebugMon_Handler
                0x0800287a        0xe ./Core/Src/stm32f4xx_it.o
                0x0800287a                DebugMon_Handler
 .text.PendSV_Handler
                0x08002888        0xe ./Core/Src/stm32f4xx_it.o
                0x08002888                PendSV_Handler
 .text.SysTick_Handler
                0x08002896        0xc ./Core/Src/stm32f4xx_it.o
                0x08002896                SysTick_Handler
 .text.STMPE811_Init
                0x080028a2      0x14e ./Core/Src/stmpe811.o
                0x080028a2                STMPE811_Init
 .text.STMPE811_Read
                0x080029f0       0x22 ./Core/Src/stmpe811.o
                0x080029f0                STMPE811_Read
 .text.STMPE811_ReadTouch
                0x08002a12      0x198 ./Core/Src/stmpe811.o
                0x08002a12                STMPE811_ReadTouch
 *fill*         0x08002baa        0x2 
 .text.verifyHAL_I2C_IS_OKAY
                0x08002bac       0x20 ./Core/Src/stmpe811.o
                0x08002bac                verifyHAL_I2C_IS_OKAY
 .text.I2C3_Init
                0x08002bcc       0x7c ./Core/Src/stmpe811.o
 .text.I2C3_MspInit
                0x08002c48       0xa8 ./Core/Src/stmpe811.o
 .text.I2C3_Write
                0x08002cf0       0x54 ./Core/Src/stmpe811.o
                0x08002cf0                I2C3_Write
 .text.I2C3_Read
                0x08002d44       0x4c ./Core/Src/stmpe811.o
                0x08002d44                I2C3_Read
 .text.I2C3_MulitByteRead
                0x08002d90       0x44 ./Core/Src/stmpe811.o
                0x08002d90                I2C3_MulitByteRead
 .text.TM_STMPE811_ReadX
                0x08002dd4       0xbc ./Core/Src/stmpe811.o
                0x08002dd4                TM_STMPE811_ReadX
 .text.TM_STMPE811_ReadY
                0x08002e90       0xa4 ./Core/Src/stmpe811.o
                0x08002e90                TM_STMPE811_ReadY
 .text.SystemInit
                0x08002f34       0x24 ./Core/Src/system_stm32f4xx.o
                0x08002f34                SystemInit
 .text.Reset_Handler
                0x08002f58       0x50 ./Core/Startup/startup_stm32f429zitx.o
                0x08002f58                Reset_Handler
 .text.Default_Handler
                0x08002fa8        0x2 ./Core/Startup/startup_stm32f429zitx.o
                0x08002fa8                DMA1_Stream3_IRQHandler
                0x08002fa8                HASH_RNG_IRQHandler
                0x08002fa8                EXTI2_IRQHandler
                0x08002fa8                TIM8_CC_IRQHandler
                0x08002fa8                UART8_IRQHandler
                0x08002fa8                SPI4_IRQHandler
                0x08002fa8                TIM1_CC_IRQHandler
                0x08002fa8                DMA2_Stream5_IRQHandler
                0x08002fa8                DMA1_Stream5_IRQHandler
                0x08002fa8                PVD_IRQHandler
                0x08002fa8                SDIO_IRQHandler
                0x08002fa8                TAMP_STAMP_IRQHandler
                0x08002fa8                CAN2_RX1_IRQHandler
                0x08002fa8                EXTI3_IRQHandler
                0x08002fa8                TIM8_TRG_COM_TIM14_IRQHandler
                0x08002fa8                TIM1_UP_TIM10_IRQHandler
                0x08002fa8                TIM8_UP_TIM13_IRQHandler
                0x08002fa8                I2C3_ER_IRQHandler
                0x08002fa8                I2C2_EV_IRQHandler
                0x08002fa8                DMA1_Stream2_IRQHandler
                0x08002fa8                CAN1_RX0_IRQHandler
                0x08002fa8                FPU_IRQHandler
                0x08002fa8                OTG_HS_WKUP_IRQHandler
                0x08002fa8                LTDC_ER_IRQHandler
                0x08002fa8                CAN2_SCE_IRQHandler
                0x08002fa8                DMA2_Stream2_IRQHandler
                0x08002fa8                SPI1_IRQHandler
                0x08002fa8                TIM6_DAC_IRQHandler
                0x08002fa8                TIM1_BRK_TIM9_IRQHandler
                0x08002fa8                DCMI_IRQHandler
                0x08002fa8                CAN2_RX0_IRQHandler
                0x08002fa8                DMA2_Stream3_IRQHandler
                0x08002fa8                USART6_IRQHandler
                0x08002fa8                USART3_IRQHandler
                0x08002fa8                CAN1_RX1_IRQHandler
                0x08002fa8                UART5_IRQHandler
                0x08002fa8                DMA2_Stream0_IRQHandler
                0x08002fa8                TIM4_IRQHandler
                0x08002fa8                I2C1_EV_IRQHandler
                0x08002fa8                DMA1_Stream6_IRQHandler
                0x08002fa8                DMA1_Stream1_IRQHandler
                0x08002fa8                UART4_IRQHandler
                0x08002fa8                TIM3_IRQHandler
                0x08002fa8                RCC_IRQHandler
                0x08002fa8                TIM8_BRK_TIM12_IRQHandler
                0x08002fa8                Default_Handler
                0x08002fa8                EXTI15_10_IRQHandler
                0x08002fa8                ADC_IRQHandler
                0x08002fa8                DMA1_Stream7_IRQHandler
                0x08002fa8                SPI5_IRQHandler
                0x08002fa8                TIM7_IRQHandler
                0x08002fa8                CAN2_TX_IRQHandler
                0x08002fa8                TIM5_IRQHandler
                0x08002fa8                DMA2_Stream7_IRQHandler
                0x08002fa8                I2C3_EV_IRQHandler
                0x08002fa8                EXTI9_5_IRQHandler
                0x08002fa8                RTC_WKUP_IRQHandler
                0x08002fa8                LTDC_IRQHandler
                0x08002fa8                ETH_WKUP_IRQHandler
                0x08002fa8                SPI2_IRQHandler
                0x08002fa8                OTG_HS_EP1_IN_IRQHandler
                0x08002fa8                DMA1_Stream0_IRQHandler
                0x08002fa8                CAN1_TX_IRQHandler
                0x08002fa8                EXTI4_IRQHandler
                0x08002fa8                ETH_IRQHandler
                0x08002fa8                OTG_HS_EP1_OUT_IRQHandler
                0x08002fa8                WWDG_IRQHandler
                0x08002fa8                SPI6_IRQHandler
                0x08002fa8                OTG_FS_WKUP_IRQHandler
                0x08002fa8                TIM1_TRG_COM_TIM11_IRQHandler
                0x08002fa8                OTG_HS_IRQHandler
                0x08002fa8                DMA2D_IRQHandler
                0x08002fa8                EXTI1_IRQHandler
                0x08002fa8                UART7_IRQHandler
                0x08002fa8                USART2_IRQHandler
                0x08002fa8                I2C2_ER_IRQHandler
                0x08002fa8                DMA2_Stream1_IRQHandler
                0x08002fa8                CAN1_SCE_IRQHandler
                0x08002fa8                FLASH_IRQHandler
                0x08002fa8                DMA2_Stream4_IRQHandler
                0x08002fa8                USART1_IRQHandler
                0x08002fa8                OTG_FS_IRQHandler
                0x08002fa8                SPI3_IRQHandler
                0x08002fa8                DMA1_Stream4_IRQHandler
                0x08002fa8                I2C1_ER_IRQHandler
                0x08002fa8                FMC_IRQHandler
                0x08002fa8                DMA2_Stream6_IRQHandler
                0x08002fa8                SAI1_IRQHandler
                0x08002fa8                RTC_Alarm_IRQHandler
 *fill*         0x08002faa        0x2 
 .text.HAL_Init
                0x08002fac       0x44 ./Drivers/STM32F4xx_HAL_Driver/Src/stm32f4xx_hal.o
                0x08002fac                HAL_Init
 .text.HAL_InitTick
                0x08002ff0       0x60 ./Drivers/STM32F4xx_HAL_Driver/Src/stm32f4xx_hal.o
                0x08002ff0                HAL_InitTick
 .text.HAL_IncTick
                0x08003050       0x28 ./Drivers/STM32F4xx_HAL_Driver/Src/stm32f4xx_hal.o
                0x08003050                HAL_IncTick
 .text.HAL_GetTick
                0x08003078       0x18 ./Drivers/STM32F4xx_HAL_Driver/Src/stm32f4xx_hal.o
                0x08003078                HAL_GetTick
 .text.HAL_Delay
                0x08003090       0x48 ./Drivers/STM32F4xx_HAL_Driver/Src/stm32f4xx_hal.o
                0x08003090                HAL_Delay
 .text.__NVIC_SetPriorityGrouping
                0x080030d8       0x48 ./Drivers/STM32F4xx_HAL_Driver/Src/stm32f4xx_hal_cortex.o
 .text.__NVIC_GetPriorityGrouping
                0x08003120       0x1c ./Drivers/STM32F4xx_HAL_Driver/Src/stm32f4xx_hal_cortex.o
 .text.__NVIC_SetPriority
                0x0800313c       0x54 ./Drivers/STM32F4xx_HAL_Driver/Src/stm32f4xx_hal_cortex.o
 .text.NVIC_EncodePriority
                0x08003190       0x66 ./Drivers/STM32F4xx_HAL_Driver/Src/stm32f4xx_hal_cortex.o
 *fill*         0x080031f6        0x2 
 .text.SysTick_Config
                0x080031f8       0x44 ./Drivers/STM32F4xx_HAL_Driver/Src/stm32f4xx_hal_cortex.o
 .text.HAL_NVIC_SetPriorityGrouping
                0x0800323c       0x16 ./Drivers/STM32F4xx_HAL_Driver/Src/stm32f4xx_hal_cortex.o
                0x0800323c                HAL_NVIC_SetPriorityGrouping
 .text.HAL_NVIC_SetPriority
                0x08003252       0x38 ./Drivers/STM32F4xx_HAL_Driver/Src/stm32f4xx_hal_cortex.o
                0x08003252                HAL_NVIC_SetPriority
 .text.HAL_SYSTICK_Config
                0x0800328a       0x18 ./Drivers/STM32F4xx_HAL_Driver/Src/stm32f4xx_hal_cortex.o
                0x0800328a                HAL_SYSTICK_Config
 *fill*         0x080032a2        0x2 
 .text.HAL_GPIO_Init
                0x080032a4      0x358 ./Drivers/STM32F4xx_HAL_Driver/Src/stm32f4xx_hal_gpio.o
                0x080032a4                HAL_GPIO_Init
 .text.HAL_GPIO_DeInit
                0x080035fc      0x218 ./Drivers/STM32F4xx_HAL_Driver/Src/stm32f4xx_hal_gpio.o
                0x080035fc                HAL_GPIO_DeInit
 .text.HAL_GPIO_WritePin
                0x08003814       0x32 ./Drivers/STM32F4xx_HAL_Driver/Src/stm32f4xx_hal_gpio.o
                0x08003814                HAL_GPIO_WritePin
 *fill*         0x08003846        0x2 
 .text.HAL_I2C_Init
                0x08003848      0x288 ./Drivers/STM32F4xx_HAL_Driver/Src/stm32f4xx_hal_i2c.o
                0x08003848                HAL_I2C_Init
 .text.HAL_I2C_Mem_Write
                0x08003ad0      0x1f4 ./Drivers/STM32F4xx_HAL_Driver/Src/stm32f4xx_hal_i2c.o
                0x08003ad0                HAL_I2C_Mem_Write
 .text.HAL_I2C_Mem_Read
                0x08003cc4      0x464 ./Drivers/STM32F4xx_HAL_Driver/Src/stm32f4xx_hal_i2c.o
                0x08003cc4                HAL_I2C_Mem_Read
 .text.I2C_RequestMemoryWrite
                0x08004128      0x12c ./Drivers/STM32F4xx_HAL_Driver/Src/stm32f4xx_hal_i2c.o
 .text.I2C_RequestMemoryRead
                0x08004254      0x1d0 ./Drivers/STM32F4xx_HAL_Driver/Src/stm32f4xx_hal_i2c.o
 .text.I2C_WaitOnFlagUntilTimeout
                0x08004424       0xf4 ./Drivers/STM32F4xx_HAL_Driver/Src/stm32f4xx_hal_i2c.o
 .text.I2C_WaitOnMasterAddressFlagUntilTimeout
                0x08004518      0x140 ./Drivers/STM32F4xx_HAL_Driver/Src/stm32f4xx_hal_i2c.o
 .text.I2C_WaitOnTXEFlagUntilTimeout
                0x08004658       0x90 ./Drivers/STM32F4xx_HAL_Driver/Src/stm32f4xx_hal_i2c.o
 .text.I2C_WaitOnBTFFlagUntilTimeout
                0x080046e8       0x90 ./Drivers/STM32F4xx_HAL_Driver/Src/stm32f4xx_hal_i2c.o
 .text.I2C_WaitOnRXNEFlagUntilTimeout
                0x08004778       0xba ./Drivers/STM32F4xx_HAL_Driver/Src/stm32f4xx_hal_i2c.o
 .text.I2C_IsAcknowledgeFailed
                0x08004832       0x5e ./Drivers/STM32F4xx_HAL_Driver/Src/stm32f4xx_hal_i2c.o
 .text.HAL_LTDC_Init
                0x08004890      0x1a0 ./Drivers/STM32F4xx_HAL_Driver/Src/stm32f4xx_hal_ltdc.o
                0x08004890                HAL_LTDC_Init
 .text.HAL_LTDC_ConfigLayer
                0x08004a30       0x7c ./Drivers/STM32F4xx_HAL_Driver/Src/stm32f4xx_hal_ltdc.o
                0x08004a30                HAL_LTDC_ConfigLayer
 .text.LTDC_SetConfig
                0x08004aac      0x32e ./Drivers/STM32F4xx_HAL_Driver/Src/stm32f4xx_hal_ltdc.o
 *fill*         0x08004dda        0x2 
 .text.HAL_RCC_OscConfig
                0x08004ddc      0x4f0 ./Drivers/STM32F4xx_HAL_Driver/Src/stm32f4xx_hal_rcc.o
                0x08004ddc                HAL_RCC_OscConfig
 .text.HAL_RCC_ClockConfig
                0x080052cc      0x1cc ./Drivers/STM32F4xx_HAL_Driver/Src/stm32f4xx_hal_rcc.o
                0x080052cc                HAL_RCC_ClockConfig
 .text.HAL_RCC_GetSysClockFreq
                0x08005498      0x20c ./Drivers/STM32F4xx_HAL_Driver/Src/stm32f4xx_hal_rcc.o
                0x08005498                HAL_RCC_GetSysClockFreq
 .text.HAL_RCC_GetHCLKFreq
                0x080056a4       0x18 ./Drivers/STM32F4xx_HAL_Driver/Src/stm32f4xx_hal_rcc.o
                0x080056a4                HAL_RCC_GetHCLKFreq
 .text.HAL_RCC_GetPCLK1Freq
                0x080056bc       0x28 ./Drivers/STM32F4xx_HAL_Driver/Src/stm32f4xx_hal_rcc.o
                0x080056bc                HAL_RCC_GetPCLK1Freq
 .text.HAL_RCCEx_PeriphCLKConfig
                0x080056e4      0x380 ./Drivers/STM32F4xx_HAL_Driver/Src/stm32f4xx_hal_rcc_ex.o
                0x080056e4                HAL_RCCEx_PeriphCLKConfig
 .text.HAL_RNG_Init
                0x08005a64       0x54 ./Drivers/STM32F4xx_HAL_Driver/Src/stm32f4xx_hal_rng.o
                0x08005a64                HAL_RNG_Init
 .text.HAL_RNG_GenerateRandomNumber
                0x08005ab8       0xac ./Drivers/STM32F4xx_HAL_Driver/Src/stm32f4xx_hal_rng.o
                0x08005ab8                HAL_RNG_GenerateRandomNumber
 .text.HAL_SPI_Init
                0x08005b64      0x112 ./Drivers/STM32F4xx_HAL_Driver/Src/stm32f4xx_hal_spi.o
                0x08005b64                HAL_SPI_Init
 .text.HAL_SPI_DeInit
                0x08005c76       0x50 ./Drivers/STM32F4xx_HAL_Driver/Src/stm32f4xx_hal_spi.o
                0x08005c76                HAL_SPI_DeInit
 .text.HAL_SPI_Transmit
                0x08005cc6      0x288 ./Drivers/STM32F4xx_HAL_Driver/Src/stm32f4xx_hal_spi.o
                0x08005cc6                HAL_SPI_Transmit
 .text.HAL_SPI_GetState
                0x08005f4e       0x1c ./Drivers/STM32F4xx_HAL_Driver/Src/stm32f4xx_hal_spi.o
                0x08005f4e                HAL_SPI_GetState
 *fill*         0x08005f6a        0x2 
 .text.SPI_WaitFlagStateUntilTimeout
                0x08005f6c      0x110 ./Drivers/STM32F4xx_HAL_Driver/Src/stm32f4xx_hal_spi.o
 .text.SPI_EndRxTxTransaction
                0x0800607c       0xa8 ./Drivers/STM32F4xx_HAL_Driver/Src/stm32f4xx_hal_spi.o
 .text.HAL_TIM_Base_Init
                0x08006124       0x9e ./Drivers/STM32F4xx_HAL_Driver/Src/stm32f4xx_hal_tim.o
                0x08006124                HAL_TIM_Base_Init
 *fill*         0x080061c2        0x2 
 .text.HAL_TIM_Base_Start
                0x080061c4       0xd0 ./Drivers/STM32F4xx_HAL_Driver/Src/stm32f4xx_hal_tim.o
                0x080061c4                HAL_TIM_Base_Start
 .text.HAL_TIM_Base_Start_IT
                0x08006294       0xe0 ./Drivers/STM32F4xx_HAL_Driver/Src/stm32f4xx_hal_tim.o
                0x08006294                HAL_TIM_Base_Start_IT
 .text.HAL_TIM_Base_Stop_IT
                0x08006374       0x5e ./Drivers/STM32F4xx_HAL_Driver/Src/stm32f4xx_hal_tim.o
                0x08006374                HAL_TIM_Base_Stop_IT
 *fill*         0x080063d2        0x2 
 .text.TIM_Base_SetConfig
                0x080063d4      0x158 ./Drivers/STM32F4xx_HAL_Driver/Src/stm32f4xx_hal_tim.o
                0x080063d4                TIM_Base_SetConfig
 .text.findslot
                0x0800652c       0x34 /Applications/STM32CubeIDE.app/Contents/Eclipse/plugins/com.st.stm32cube.ide.mcu.externaltools.gnu-tools-for-stm32.12.3.rel1.macos64_1.0.200.202406191456/tools/bin/../lib/gcc/arm-none-eabi/12.3.1/../../../../arm-none-eabi/lib/thumb/v7e-m+fp/hard/librdimon_nano.a(arm_librdimon_a-syscalls.o)
 .text.error    0x08006560       0x1c /Applications/STM32CubeIDE.app/Contents/Eclipse/plugins/com.st.stm32cube.ide.mcu.externaltools.gnu-tools-for-stm32.12.3.rel1.macos64_1.0.200.202406191456/tools/bin/../lib/gcc/arm-none-eabi/12.3.1/../../../../arm-none-eabi/lib/thumb/v7e-m+fp/hard/librdimon_nano.a(arm_librdimon_a-syscalls.o)
 .text.checkerror
                0x0800657c        0xa /Applications/STM32CubeIDE.app/Contents/Eclipse/plugins/com.st.stm32cube.ide.mcu.externaltools.gnu-tools-for-stm32.12.3.rel1.macos64_1.0.200.202406191456/tools/bin/../lib/gcc/arm-none-eabi/12.3.1/../../../../arm-none-eabi/lib/thumb/v7e-m+fp/hard/librdimon_nano.a(arm_librdimon_a-syscalls.o)
 .text._swiread
                0x08006586       0x20 /Applications/STM32CubeIDE.app/Contents/Eclipse/plugins/com.st.stm32cube.ide.mcu.externaltools.gnu-tools-for-stm32.12.3.rel1.macos64_1.0.200.202406191456/tools/bin/../lib/gcc/arm-none-eabi/12.3.1/../../../../arm-none-eabi/lib/thumb/v7e-m+fp/hard/librdimon_nano.a(arm_librdimon_a-syscalls.o)
                0x08006586                _swiread
 .text._read    0x080065a6       0x34 /Applications/STM32CubeIDE.app/Contents/Eclipse/plugins/com.st.stm32cube.ide.mcu.externaltools.gnu-tools-for-stm32.12.3.rel1.macos64_1.0.200.202406191456/tools/bin/../lib/gcc/arm-none-eabi/12.3.1/../../../../arm-none-eabi/lib/thumb/v7e-m+fp/hard/librdimon_nano.a(arm_librdimon_a-syscalls.o)
                0x080065a6                _read
 .text._swilseek
                0x080065da       0x78 /Applications/STM32CubeIDE.app/Contents/Eclipse/plugins/com.st.stm32cube.ide.mcu.externaltools.gnu-tools-for-stm32.12.3.rel1.macos64_1.0.200.202406191456/tools/bin/../lib/gcc/arm-none-eabi/12.3.1/../../../../arm-none-eabi/lib/thumb/v7e-m+fp/hard/librdimon_nano.a(arm_librdimon_a-syscalls.o)
                0x080065da                _swilseek
 .text._lseek   0x08006652        0x4 /Applications/STM32CubeIDE.app/Contents/Eclipse/plugins/com.st.stm32cube.ide.mcu.externaltools.gnu-tools-for-stm32.12.3.rel1.macos64_1.0.200.202406191456/tools/bin/../lib/gcc/arm-none-eabi/12.3.1/../../../../arm-none-eabi/lib/thumb/v7e-m+fp/hard/librdimon_nano.a(arm_librdimon_a-syscalls.o)
                0x08006652                _lseek
 .text._swiwrite
                0x08006656       0x20 /Applications/STM32CubeIDE.app/Contents/Eclipse/plugins/com.st.stm32cube.ide.mcu.externaltools.gnu-tools-for-stm32.12.3.rel1.macos64_1.0.200.202406191456/tools/bin/../lib/gcc/arm-none-eabi/12.3.1/../../../../arm-none-eabi/lib/thumb/v7e-m+fp/hard/librdimon_nano.a(arm_librdimon_a-syscalls.o)
                0x08006656                _swiwrite
 .text._write   0x08006676       0x40 /Applications/STM32CubeIDE.app/Contents/Eclipse/plugins/com.st.stm32cube.ide.mcu.externaltools.gnu-tools-for-stm32.12.3.rel1.macos64_1.0.200.202406191456/tools/bin/../lib/gcc/arm-none-eabi/12.3.1/../../../../arm-none-eabi/lib/thumb/v7e-m+fp/hard/librdimon_nano.a(arm_librdimon_a-syscalls.o)
                0x08006676                _write
 .text._swiclose
                0x080066b6       0x1a /Applications/STM32CubeIDE.app/Contents/Eclipse/plugins/com.st.stm32cube.ide.mcu.externaltools.gnu-tools-for-stm32.12.3.rel1.macos64_1.0.200.202406191456/tools/bin/../lib/gcc/arm-none-eabi/12.3.1/../../../../arm-none-eabi/lib/thumb/v7e-m+fp/hard/librdimon_nano.a(arm_librdimon_a-syscalls.o)
                0x080066b6                _swiclose
 .text._close   0x080066d0       0x44 /Applications/STM32CubeIDE.app/Contents/Eclipse/plugins/com.st.stm32cube.ide.mcu.externaltools.gnu-tools-for-stm32.12.3.rel1.macos64_1.0.200.202406191456/tools/bin/../lib/gcc/arm-none-eabi/12.3.1/../../../../arm-none-eabi/lib/thumb/v7e-m+fp/hard/librdimon_nano.a(arm_librdimon_a-syscalls.o)
                0x080066d0                _close
 .text._swistat
                0x08006714       0x42 /Applications/STM32CubeIDE.app/Contents/Eclipse/plugins/com.st.stm32cube.ide.mcu.externaltools.gnu-tools-for-stm32.12.3.rel1.macos64_1.0.200.202406191456/tools/bin/../lib/gcc/arm-none-eabi/12.3.1/../../../../arm-none-eabi/lib/thumb/v7e-m+fp/hard/librdimon_nano.a(arm_librdimon_a-syscalls.o)
                0x08006714                _swistat
 .text._stat    0x08006756       0x3a /Applications/STM32CubeIDE.app/Contents/Eclipse/plugins/com.st.stm32cube.ide.mcu.externaltools.gnu-tools-for-stm32.12.3.rel1.macos64_1.0.200.202406191456/tools/bin/../lib/gcc/arm-none-eabi/12.3.1/../../../../arm-none-eabi/lib/thumb/v7e-m+fp/hard/librdimon_nano.a(arm_librdimon_a-syscalls.o)
                0x08006756                _stat
 .text._swiopen
                0x08006790       0xb0 /Applications/STM32CubeIDE.app/Contents/Eclipse/plugins/com.st.stm32cube.ide.mcu.externaltools.gnu-tools-for-stm32.12.3.rel1.macos64_1.0.200.202406191456/tools/bin/../lib/gcc/arm-none-eabi/12.3.1/../../../../arm-none-eabi/lib/thumb/v7e-m+fp/hard/librdimon_nano.a(arm_librdimon_a-syscalls.o)
                0x08006790                _swiopen
 .text._get_semihosting_exts
                0x08006840       0xb4 /Applications/STM32CubeIDE.app/Contents/Eclipse/plugins/com.st.stm32cube.ide.mcu.externaltools.gnu-tools-for-stm32.12.3.rel1.macos64_1.0.200.202406191456/tools/bin/../lib/gcc/arm-none-eabi/12.3.1/../../../../arm-none-eabi/lib/thumb/v7e-m+fp/hard/librdimon_nano.a(arm_librdimon_a-syscalls.o)
                0x08006840                _get_semihosting_exts
 .text.initialise_semihosting_exts
                0x080068f4       0x34 /Applications/STM32CubeIDE.app/Contents/Eclipse/plugins/com.st.stm32cube.ide.mcu.externaltools.gnu-tools-for-stm32.12.3.rel1.macos64_1.0.200.202406191456/tools/bin/../lib/gcc/arm-none-eabi/12.3.1/../../../../arm-none-eabi/lib/thumb/v7e-m+fp/hard/librdimon_nano.a(arm_librdimon_a-syscalls.o)
 .text._has_ext_stdout_stderr
                0x08006928       0x18 /Applications/STM32CubeIDE.app/Contents/Eclipse/plugins/com.st.stm32cube.ide.mcu.externaltools.gnu-tools-for-stm32.12.3.rel1.macos64_1.0.200.202406191456/tools/bin/../lib/gcc/arm-none-eabi/12.3.1/../../../../arm-none-eabi/lib/thumb/v7e-m+fp/hard/librdimon_nano.a(arm_librdimon_a-syscalls.o)
                0x08006928                _has_ext_stdout_stderr
 .text.initialise_monitor_handles
                0x08006940       0xc0 /Applications/STM32CubeIDE.app/Contents/Eclipse/plugins/com.st.stm32cube.ide.mcu.externaltools.gnu-tools-for-stm32.12.3.rel1.macos64_1.0.200.202406191456/tools/bin/../lib/gcc/arm-none-eabi/12.3.1/../../../../arm-none-eabi/lib/thumb/v7e-m+fp/hard/librdimon_nano.a(arm_librdimon_a-syscalls.o)
                0x08006940                initialise_monitor_handles
 .text.__itoa   0x08006a00       0x30 /Applications/STM32CubeIDE.app/Contents/Eclipse/plugins/com.st.stm32cube.ide.mcu.externaltools.gnu-tools-for-stm32.12.3.rel1.macos64_1.0.200.202406191456/tools/bin/../lib/gcc/arm-none-eabi/12.3.1/../../../../arm-none-eabi/lib/thumb/v7e-m+fp/hard/libc_nano.a(libc_a-itoa.o)
                0x08006a00                __itoa
 .text.itoa     0x08006a30        0x4 /Applications/STM32CubeIDE.app/Contents/Eclipse/plugins/com.st.stm32cube.ide.mcu.externaltools.gnu-tools-for-stm32.12.3.rel1.macos64_1.0.200.202406191456/tools/bin/../lib/gcc/arm-none-eabi/12.3.1/../../../../arm-none-eabi/lib/thumb/v7e-m+fp/hard/libc_nano.a(libc_a-itoa.o)
                0x08006a30                itoa
 .text.std      0x08006a34       0x6c /Applications/STM32CubeIDE.app/Contents/Eclipse/plugins/com.st.stm32cube.ide.mcu.externaltools.gnu-tools-for-stm32.12.3.rel1.macos64_1.0.200.202406191456/tools/bin/../lib/gcc/arm-none-eabi/12.3.1/../../../../arm-none-eabi/lib/thumb/v7e-m+fp/hard/libc_nano.a(libc_a-findfp.o)
 .text.stdio_exit_handler
                0x08006aa0       0x18 /Applications/STM32CubeIDE.app/Contents/Eclipse/plugins/com.st.stm32cube.ide.mcu.externaltools.gnu-tools-for-stm32.12.3.rel1.macos64_1.0.200.202406191456/tools/bin/../lib/gcc/arm-none-eabi/12.3.1/../../../../arm-none-eabi/lib/thumb/v7e-m+fp/hard/libc_nano.a(libc_a-findfp.o)
 .text.cleanup_stdio
                0x08006ab8       0x40 /Applications/STM32CubeIDE.app/Contents/Eclipse/plugins/com.st.stm32cube.ide.mcu.externaltools.gnu-tools-for-stm32.12.3.rel1.macos64_1.0.200.202406191456/tools/bin/../lib/gcc/arm-none-eabi/12.3.1/../../../../arm-none-eabi/lib/thumb/v7e-m+fp/hard/libc_nano.a(libc_a-findfp.o)
 .text.global_stdio_init.part.0
                0x08006af8       0x3c /Applications/STM32CubeIDE.app/Contents/Eclipse/plugins/com.st.stm32cube.ide.mcu.externaltools.gnu-tools-for-stm32.12.3.rel1.macos64_1.0.200.202406191456/tools/bin/../lib/gcc/arm-none-eabi/12.3.1/../../../../arm-none-eabi/lib/thumb/v7e-m+fp/hard/libc_nano.a(libc_a-findfp.o)
 .text.__sfp_lock_acquire
                0x08006b34        0xc /Applications/STM32CubeIDE.app/Contents/Eclipse/plugins/com.st.stm32cube.ide.mcu.externaltools.gnu-tools-for-stm32.12.3.rel1.macos64_1.0.200.202406191456/tools/bin/../lib/gcc/arm-none-eabi/12.3.1/../../../../arm-none-eabi/lib/thumb/v7e-m+fp/hard/libc_nano.a(libc_a-findfp.o)
                0x08006b34                __sfp_lock_acquire
 .text.__sfp_lock_release
                0x08006b40        0xc /Applications/STM32CubeIDE.app/Contents/Eclipse/plugins/com.st.stm32cube.ide.mcu.externaltools.gnu-tools-for-stm32.12.3.rel1.macos64_1.0.200.202406191456/tools/bin/../lib/gcc/arm-none-eabi/12.3.1/../../../../arm-none-eabi/lib/thumb/v7e-m+fp/hard/libc_nano.a(libc_a-findfp.o)
                0x08006b40                __sfp_lock_release
 .text.__sinit  0x08006b4c       0x30 /Applications/STM32CubeIDE.app/Contents/Eclipse/plugins/com.st.stm32cube.ide.mcu.externaltools.gnu-tools-for-stm32.12.3.rel1.macos64_1.0.200.202406191456/tools/bin/../lib/gcc/arm-none-eabi/12.3.1/../../../../arm-none-eabi/lib/thumb/v7e-m+fp/hard/libc_nano.a(libc_a-findfp.o)
                0x08006b4c                __sinit
 .text.__utoa   0x08006b7c       0x84 /Applications/STM32CubeIDE.app/Contents/Eclipse/plugins/com.st.stm32cube.ide.mcu.externaltools.gnu-tools-for-stm32.12.3.rel1.macos64_1.0.200.202406191456/tools/bin/../lib/gcc/arm-none-eabi/12.3.1/../../../../arm-none-eabi/lib/thumb/v7e-m+fp/hard/libc_nano.a(libc_a-utoa.o)
                0x08006b7c                __utoa
 .text._fwalk_sglue
                0x08006c00       0x3c /Applications/STM32CubeIDE.app/Contents/Eclipse/plugins/com.st.stm32cube.ide.mcu.externaltools.gnu-tools-for-stm32.12.3.rel1.macos64_1.0.200.202406191456/tools/bin/../lib/gcc/arm-none-eabi/12.3.1/../../../../arm-none-eabi/lib/thumb/v7e-m+fp/hard/libc_nano.a(libc_a-fwalk.o)
                0x08006c00                _fwalk_sglue
 .text.memset   0x08006c3c       0x10 /Applications/STM32CubeIDE.app/Contents/Eclipse/plugins/com.st.stm32cube.ide.mcu.externaltools.gnu-tools-for-stm32.12.3.rel1.macos64_1.0.200.202406191456/tools/bin/../lib/gcc/arm-none-eabi/12.3.1/../../../../arm-none-eabi/lib/thumb/v7e-m+fp/hard/libc_nano.a(libc_a-memset.o)
                0x08006c3c                memset
 .text.__errno  0x08006c4c        0xc /Applications/STM32CubeIDE.app/Contents/Eclipse/plugins/com.st.stm32cube.ide.mcu.externaltools.gnu-tools-for-stm32.12.3.rel1.macos64_1.0.200.202406191456/tools/bin/../lib/gcc/arm-none-eabi/12.3.1/../../../../arm-none-eabi/lib/thumb/v7e-m+fp/hard/libc_nano.a(libc_a-errno.o)
                0x08006c4c                __errno
 .text.__libc_init_array
                0x08006c58       0x48 /Applications/STM32CubeIDE.app/Contents/Eclipse/plugins/com.st.stm32cube.ide.mcu.externaltools.gnu-tools-for-stm32.12.3.rel1.macos64_1.0.200.202406191456/tools/bin/../lib/gcc/arm-none-eabi/12.3.1/../../../../arm-none-eabi/lib/thumb/v7e-m+fp/hard/libc_nano.a(libc_a-init.o)
                0x08006c58                __libc_init_array
 .text.__retarget_lock_init_recursive
                0x08006ca0        0x2 /Applications/STM32CubeIDE.app/Contents/Eclipse/plugins/com.st.stm32cube.ide.mcu.externaltools.gnu-tools-for-stm32.12.3.rel1.macos64_1.0.200.202406191456/tools/bin/../lib/gcc/arm-none-eabi/12.3.1/../../../../arm-none-eabi/lib/thumb/v7e-m+fp/hard/libc_nano.a(libc_a-lock.o)
                0x08006ca0                __retarget_lock_init_recursive
 .text.__retarget_lock_acquire_recursive
                0x08006ca2        0x2 /Applications/STM32CubeIDE.app/Contents/Eclipse/plugins/com.st.stm32cube.ide.mcu.externaltools.gnu-tools-for-stm32.12.3.rel1.macos64_1.0.200.202406191456/tools/bin/../lib/gcc/arm-none-eabi/12.3.1/../../../../arm-none-eabi/lib/thumb/v7e-m+fp/hard/libc_nano.a(libc_a-lock.o)
                0x08006ca2                __retarget_lock_acquire_recursive
 .text.__retarget_lock_release_recursive
                0x08006ca4        0x2 /Applications/STM32CubeIDE.app/Contents/Eclipse/plugins/com.st.stm32cube.ide.mcu.externaltools.gnu-tools-for-stm32.12.3.rel1.macos64_1.0.200.202406191456/tools/bin/../lib/gcc/arm-none-eabi/12.3.1/../../../../arm-none-eabi/lib/thumb/v7e-m+fp/hard/libc_nano.a(libc_a-lock.o)
                0x08006ca4                __retarget_lock_release_recursive
 *fill*         0x08006ca6        0x2 
 .text.__sflush_r
                0x08006ca8      0x108 /Applications/STM32CubeIDE.app/Contents/Eclipse/plugins/com.st.stm32cube.ide.mcu.externaltools.gnu-tools-for-stm32.12.3.rel1.macos64_1.0.200.202406191456/tools/bin/../lib/gcc/arm-none-eabi/12.3.1/../../../../arm-none-eabi/lib/thumb/v7e-m+fp/hard/libc_nano.a(libc_a-fflush.o)
                0x08006ca8                __sflush_r
 .text._fflush_r
                0x08006db0       0x50 /Applications/STM32CubeIDE.app/Contents/Eclipse/plugins/com.st.stm32cube.ide.mcu.externaltools.gnu-tools-for-stm32.12.3.rel1.macos64_1.0.200.202406191456/tools/bin/../lib/gcc/arm-none-eabi/12.3.1/../../../../arm-none-eabi/lib/thumb/v7e-m+fp/hard/libc_nano.a(libc_a-fflush.o)
                0x08006db0                _fflush_r
 .text.__malloc_lock
                0x08006e00        0xc /Applications/STM32CubeIDE.app/Contents/Eclipse/plugins/com.st.stm32cube.ide.mcu.externaltools.gnu-tools-for-stm32.12.3.rel1.macos64_1.0.200.202406191456/tools/bin/../lib/gcc/arm-none-eabi/12.3.1/../../../../arm-none-eabi/lib/thumb/v7e-m+fp/hard/libc_nano.a(libc_a-mlock.o)
                0x08006e00                __malloc_lock
 .text.__malloc_unlock
                0x08006e0c        0xc /Applications/STM32CubeIDE.app/Contents/Eclipse/plugins/com.st.stm32cube.ide.mcu.externaltools.gnu-tools-for-stm32.12.3.rel1.macos64_1.0.200.202406191456/tools/bin/../lib/gcc/arm-none-eabi/12.3.1/../../../../arm-none-eabi/lib/thumb/v7e-m+fp/hard/libc_nano.a(libc_a-mlock.o)
                0x08006e0c                __malloc_unlock
 .text.__sread  0x08006e18       0x22 /Applications/STM32CubeIDE.app/Contents/Eclipse/plugins/com.st.stm32cube.ide.mcu.externaltools.gnu-tools-for-stm32.12.3.rel1.macos64_1.0.200.202406191456/tools/bin/../lib/gcc/arm-none-eabi/12.3.1/../../../../arm-none-eabi/lib/thumb/v7e-m+fp/hard/libc_nano.a(libc_a-stdio.o)
                0x08006e18                __sread
 .text.__swrite
                0x08006e3a       0x38 /Applications/STM32CubeIDE.app/Contents/Eclipse/plugins/com.st.stm32cube.ide.mcu.externaltools.gnu-tools-for-stm32.12.3.rel1.macos64_1.0.200.202406191456/tools/bin/../lib/gcc/arm-none-eabi/12.3.1/../../../../arm-none-eabi/lib/thumb/v7e-m+fp/hard/libc_nano.a(libc_a-stdio.o)
                0x08006e3a                __swrite
 .text.__sseek  0x08006e72       0x24 /Applications/STM32CubeIDE.app/Contents/Eclipse/plugins/com.st.stm32cube.ide.mcu.externaltools.gnu-tools-for-stm32.12.3.rel1.macos64_1.0.200.202406191456/tools/bin/../lib/gcc/arm-none-eabi/12.3.1/../../../../arm-none-eabi/lib/thumb/v7e-m+fp/hard/libc_nano.a(libc_a-stdio.o)
                0x08006e72                __sseek
 .text.__sclose
                0x08006e96        0x8 /Applications/STM32CubeIDE.app/Contents/Eclipse/plugins/com.st.stm32cube.ide.mcu.externaltools.gnu-tools-for-stm32.12.3.rel1.macos64_1.0.200.202406191456/tools/bin/../lib/gcc/arm-none-eabi/12.3.1/../../../../arm-none-eabi/lib/thumb/v7e-m+fp/hard/libc_nano.a(libc_a-stdio.o)
                0x08006e96                __sclose
 *fill*         0x08006e9e        0x2 
 .text._close_r
                0x08006ea0       0x20 /Applications/STM32CubeIDE.app/Contents/Eclipse/plugins/com.st.stm32cube.ide.mcu.externaltools.gnu-tools-for-stm32.12.3.rel1.macos64_1.0.200.202406191456/tools/bin/../lib/gcc/arm-none-eabi/12.3.1/../../../../arm-none-eabi/lib/thumb/v7e-m+fp/hard/libc_nano.a(libc_a-closer.o)
                0x08006ea0                _close_r
 .text._lseek_r
                0x08006ec0       0x24 /Applications/STM32CubeIDE.app/Contents/Eclipse/plugins/com.st.stm32cube.ide.mcu.externaltools.gnu-tools-for-stm32.12.3.rel1.macos64_1.0.200.202406191456/tools/bin/../lib/gcc/arm-none-eabi/12.3.1/../../../../arm-none-eabi/lib/thumb/v7e-m+fp/hard/libc_nano.a(libc_a-lseekr.o)
                0x08006ec0                _lseek_r
 .text._read_r  0x08006ee4       0x24 /Applications/STM32CubeIDE.app/Contents/Eclipse/plugins/com.st.stm32cube.ide.mcu.externaltools.gnu-tools-for-stm32.12.3.rel1.macos64_1.0.200.202406191456/tools/bin/../lib/gcc/arm-none-eabi/12.3.1/../../../../arm-none-eabi/lib/thumb/v7e-m+fp/hard/libc_nano.a(libc_a-readr.o)
                0x08006ee4                _read_r
 .text._write_r
                0x08006f08       0x24 /Applications/STM32CubeIDE.app/Contents/Eclipse/plugins/com.st.stm32cube.ide.mcu.externaltools.gnu-tools-for-stm32.12.3.rel1.macos64_1.0.200.202406191456/tools/bin/../lib/gcc/arm-none-eabi/12.3.1/../../../../arm-none-eabi/lib/thumb/v7e-m+fp/hard/libc_nano.a(libc_a-writer.o)
                0x08006f08                _write_r
 .text._free_r  0x08006f2c       0x94 /Applications/STM32CubeIDE.app/Contents/Eclipse/plugins/com.st.stm32cube.ide.mcu.externaltools.gnu-tools-for-stm32.12.3.rel1.macos64_1.0.200.202406191456/tools/bin/../lib/gcc/arm-none-eabi/12.3.1/../../../../arm-none-eabi/lib/thumb/v7e-m+fp/hard/libc_nano.a(libc_a-freer.o)
                0x08006f2c                _free_r
 *(.glue_7)
 .glue_7        0x08006fc0        0x0 linker stubs
 *(.glue_7t)
 .glue_7t       0x08006fc0        0x0 linker stubs
 *(.eh_frame)
 .eh_frame      0x08006fc0        0x0 /Applications/STM32CubeIDE.app/Contents/Eclipse/plugins/com.st.stm32cube.ide.mcu.externaltools.gnu-tools-for-stm32.12.3.rel1.macos64_1.0.200.202406191456/tools/bin/../lib/gcc/arm-none-eabi/12.3.1/thumb/v7e-m+fp/hard/crtbegin.o
 *(.init)
 .init          0x08006fc0        0x4 /Applications/STM32CubeIDE.app/Contents/Eclipse/plugins/com.st.stm32cube.ide.mcu.externaltools.gnu-tools-for-stm32.12.3.rel1.macos64_1.0.200.202406191456/tools/bin/../lib/gcc/arm-none-eabi/12.3.1/thumb/v7e-m+fp/hard/crti.o
                0x08006fc0                _init
 .init          0x08006fc4        0x8 /Applications/STM32CubeIDE.app/Contents/Eclipse/plugins/com.st.stm32cube.ide.mcu.externaltools.gnu-tools-for-stm32.12.3.rel1.macos64_1.0.200.202406191456/tools/bin/../lib/gcc/arm-none-eabi/12.3.1/thumb/v7e-m+fp/hard/crtn.o
 *(.fini)
 .fini          0x08006fcc        0x4 /Applications/STM32CubeIDE.app/Contents/Eclipse/plugins/com.st.stm32cube.ide.mcu.externaltools.gnu-tools-for-stm32.12.3.rel1.macos64_1.0.200.202406191456/tools/bin/../lib/gcc/arm-none-eabi/12.3.1/thumb/v7e-m+fp/hard/crti.o
                0x08006fcc                _fini
 .fini          0x08006fd0        0x8 /Applications/STM32CubeIDE.app/Contents/Eclipse/plugins/com.st.stm32cube.ide.mcu.externaltools.gnu-tools-for-stm32.12.3.rel1.macos64_1.0.200.202406191456/tools/bin/../lib/gcc/arm-none-eabi/12.3.1/thumb/v7e-m+fp/hard/crtn.o
                0x08006fd8                        . = ALIGN (0x4)
                0x08006fd8                        _etext = .

.vfp11_veneer   0x08006fd8        0x0
 .vfp11_veneer  0x08006fd8        0x0 linker stubs

.v4_bx          0x08006fd8        0x0
 .v4_bx         0x08006fd8        0x0 linker stubs

.iplt           0x08006fd8        0x0
 .iplt          0x08006fd8        0x0 /Applications/STM32CubeIDE.app/Contents/Eclipse/plugins/com.st.stm32cube.ide.mcu.externaltools.gnu-tools-for-stm32.12.3.rel1.macos64_1.0.200.202406191456/tools/bin/../lib/gcc/arm-none-eabi/12.3.1/thumb/v7e-m+fp/hard/crtbegin.o

.rodata         0x08006fd8     0x1b30
                0x08006fd8                        . = ALIGN (0x4)
 *(.rodata)
 .rodata        0x08006fd8        0x5 ./Core/Src/Tetris.o
 *(.rodata*)
 *fill*         0x08006fdd        0x3 
 .rodata.ASCII16x24_Table
                0x08006fe0     0x11d0 ./Core/Src/fonts.o
                0x08006fe0                ASCII16x24_Table
 .rodata.ASCII12x12_Table
                0x080081b0      0x900 ./Core/Src/fonts.o
                0x080081b0                ASCII12x12_Table
 .rodata.AHBPrescTable
                0x08008ab0       0x10 ./Core/Src/system_stm32f4xx.o
                0x08008ab0                AHBPrescTable
 .rodata.APBPrescTable
                0x08008ac0        0x8 ./Core/Src/system_stm32f4xx.o
                0x08008ac0                APBPrescTable
 .rodata._get_semihosting_exts.str1.1
                0x08008ac8       0x16 /Applications/STM32CubeIDE.app/Contents/Eclipse/plugins/com.st.stm32cube.ide.mcu.externaltools.gnu-tools-for-stm32.12.3.rel1.macos64_1.0.200.202406191456/tools/bin/../lib/gcc/arm-none-eabi/12.3.1/../../../../arm-none-eabi/lib/thumb/v7e-m+fp/hard/librdimon_nano.a(arm_librdimon_a-syscalls.o)
 .rodata.initialise_monitor_handles.str1.1
                0x08008ade        0x4 /Applications/STM32CubeIDE.app/Contents/Eclipse/plugins/com.st.stm32cube.ide.mcu.externaltools.gnu-tools-for-stm32.12.3.rel1.macos64_1.0.200.202406191456/tools/bin/../lib/gcc/arm-none-eabi/12.3.1/../../../../arm-none-eabi/lib/thumb/v7e-m+fp/hard/librdimon_nano.a(arm_librdimon_a-syscalls.o)
 .rodata.__utoa.str1.1
                0x08008ae2       0x25 /Applications/STM32CubeIDE.app/Contents/Eclipse/plugins/com.st.stm32cube.ide.mcu.externaltools.gnu-tools-for-stm32.12.3.rel1.macos64_1.0.200.202406191456/tools/bin/../lib/gcc/arm-none-eabi/12.3.1/../../../../arm-none-eabi/lib/thumb/v7e-m+fp/hard/libc_nano.a(libc_a-utoa.o)
                0x08008b08                        . = ALIGN (0x4)
 *fill*         0x08008b07        0x1 

.ARM.extab      0x08008b08        0x0
                0x08008b08                        . = ALIGN (0x4)
 *(.ARM.extab* .gnu.linkonce.armextab.*)
                0x08008b08                        . = ALIGN (0x4)

.ARM            0x08008b08        0x8
                0x08008b08                        . = ALIGN (0x4)
                0x08008b08                        __exidx_start = .
 *(.ARM.exidx*)
 .ARM.exidx     0x08008b08        0x8 /Applications/STM32CubeIDE.app/Contents/Eclipse/plugins/com.st.stm32cube.ide.mcu.externaltools.gnu-tools-for-stm32.12.3.rel1.macos64_1.0.200.202406191456/tools/bin/../lib/gcc/arm-none-eabi/12.3.1/../../../../arm-none-eabi/lib/thumb/v7e-m+fp/hard/libc_nano.a(libc_a-strlen.o)
 .ARM.exidx     0x08008b10        0x0 /Applications/STM32CubeIDE.app/Contents/Eclipse/plugins/com.st.stm32cube.ide.mcu.externaltools.gnu-tools-for-stm32.12.3.rel1.macos64_1.0.200.202406191456/tools/bin/../lib/gcc/arm-none-eabi/12.3.1/thumb/v7e-m+fp/hard/libgcc.a(_udivmoddi4.o)
                                  0x8 (size before relaxing)
                0x08008b10                        __exidx_end = .
                0x08008b10                        . = ALIGN (0x4)

.preinit_array  0x08008b10        0x0
                0x08008b10                        . = ALIGN (0x4)
                0x08008b10                        PROVIDE (__preinit_array_start = .)
 *(.preinit_array*)
                0x08008b10                        PROVIDE (__preinit_array_end = .)
                0x08008b10                        . = ALIGN (0x4)

.init_array     0x08008b10        0x4
                0x08008b10                        . = ALIGN (0x4)
                0x08008b10                        PROVIDE (__init_array_start = .)
 *(SORT_BY_NAME(.init_array.*))
 *(.init_array*)
 .init_array    0x08008b10        0x4 /Applications/STM32CubeIDE.app/Contents/Eclipse/plugins/com.st.stm32cube.ide.mcu.externaltools.gnu-tools-for-stm32.12.3.rel1.macos64_1.0.200.202406191456/tools/bin/../lib/gcc/arm-none-eabi/12.3.1/thumb/v7e-m+fp/hard/crtbegin.o
                0x08008b14                        PROVIDE (__init_array_end = .)
                0x08008b14                        . = ALIGN (0x4)

.fini_array     0x08008b14        0x4
                0x08008b14                        . = ALIGN (0x4)
                [!provide]                        PROVIDE (__fini_array_start = .)
 *(SORT_BY_NAME(.fini_array.*))
 *(.fini_array*)
 .fini_array    0x08008b14        0x4 /Applications/STM32CubeIDE.app/Contents/Eclipse/plugins/com.st.stm32cube.ide.mcu.externaltools.gnu-tools-for-stm32.12.3.rel1.macos64_1.0.200.202406191456/tools/bin/../lib/gcc/arm-none-eabi/12.3.1/thumb/v7e-m+fp/hard/crtbegin.o
                [!provide]                        PROVIDE (__fini_array_end = .)
                0x08008b18                        . = ALIGN (0x4)
                0x08008b18                        _sidata = LOADADDR (.data)

.rel.dyn        0x08008b18        0x0
 .rel.iplt      0x08008b18        0x0 /Applications/STM32CubeIDE.app/Contents/Eclipse/plugins/com.st.stm32cube.ide.mcu.externaltools.gnu-tools-for-stm32.12.3.rel1.macos64_1.0.200.202406191456/tools/bin/../lib/gcc/arm-none-eabi/12.3.1/thumb/v7e-m+fp/hard/crtbegin.o

.data           0x20000000      0x1b8 load address 0x08008b18
                0x20000000                        . = ALIGN (0x4)
                0x20000000                        _sdata = .
 *(.data)
 *(.data*)
 .data.CurrentTextColor
                0x20000000        0x2 ./Core/Src/LCD_Driver.o
 .data.LOWRFLAG
                0x20000002        0x1 ./Core/Src/Tetris.o
 *fill*         0x20000003        0x1 
 .data.O        0x20000004       0x10 ./Core/Src/Tetris.o
 .data.I        0x20000014       0x10 ./Core/Src/Tetris.o
 .data.S        0x20000024       0x10 ./Core/Src/Tetris.o
 .data.Z        0x20000034       0x10 ./Core/Src/Tetris.o
 .data.L        0x20000044       0x10 ./Core/Src/Tetris.o
 .data.J        0x20000054       0x10 ./Core/Src/Tetris.o
 .data.T        0x20000064       0x10 ./Core/Src/Tetris.o
 .data.Board    0x20000074       0xc0 ./Core/Src/Tetris.o
 .data.Font16x24
                0x20000134        0x8 ./Core/Src/fonts.o
                0x20000134                Font16x24
 .data.Font12x12
                0x2000013c        0x8 ./Core/Src/fonts.o
                0x2000013c                Font12x12
 .data.SpiTimeout
                0x20000144        0x4 ./Core/Src/ili9341.o
                0x20000144                SpiTimeout
 .data.SystemCoreClock
                0x20000148        0x4 ./Core/Src/system_stm32f4xx.o
                0x20000148                SystemCoreClock
 .data.uwTickPrio
                0x2000014c        0x4 ./Drivers/STM32F4xx_HAL_Driver/Src/stm32f4xx_hal.o
                0x2000014c                uwTickPrio
 .data.uwTickFreq
                0x20000150        0x1 ./Drivers/STM32F4xx_HAL_Driver/Src/stm32f4xx_hal.o
                0x20000150                uwTickFreq
 *fill*         0x20000151        0x3 
 .data.supports_ext_stdout_stderr
                0x20000154        0x4 /Applications/STM32CubeIDE.app/Contents/Eclipse/plugins/com.st.stm32cube.ide.mcu.externaltools.gnu-tools-for-stm32.12.3.rel1.macos64_1.0.200.202406191456/tools/bin/../lib/gcc/arm-none-eabi/12.3.1/../../../../arm-none-eabi/lib/thumb/v7e-m+fp/hard/librdimon_nano.a(arm_librdimon_a-syscalls.o)
 .data.supports_ext_exit_extended
                0x20000158        0x4 /Applications/STM32CubeIDE.app/Contents/Eclipse/plugins/com.st.stm32cube.ide.mcu.externaltools.gnu-tools-for-stm32.12.3.rel1.macos64_1.0.200.202406191456/tools/bin/../lib/gcc/arm-none-eabi/12.3.1/../../../../arm-none-eabi/lib/thumb/v7e-m+fp/hard/librdimon_nano.a(arm_librdimon_a-syscalls.o)
 .data.__sglue  0x2000015c        0xc /Applications/STM32CubeIDE.app/Contents/Eclipse/plugins/com.st.stm32cube.ide.mcu.externaltools.gnu-tools-for-stm32.12.3.rel1.macos64_1.0.200.202406191456/tools/bin/../lib/gcc/arm-none-eabi/12.3.1/../../../../arm-none-eabi/lib/thumb/v7e-m+fp/hard/libc_nano.a(libc_a-findfp.o)
                0x2000015c                __sglue
 .data._impure_ptr
                0x20000168        0x4 /Applications/STM32CubeIDE.app/Contents/Eclipse/plugins/com.st.stm32cube.ide.mcu.externaltools.gnu-tools-for-stm32.12.3.rel1.macos64_1.0.200.202406191456/tools/bin/../lib/gcc/arm-none-eabi/12.3.1/../../../../arm-none-eabi/lib/thumb/v7e-m+fp/hard/libc_nano.a(libc_a-impure.o)
                0x20000168                _impure_ptr
 .data._impure_data
                0x2000016c       0x4c /Applications/STM32CubeIDE.app/Contents/Eclipse/plugins/com.st.stm32cube.ide.mcu.externaltools.gnu-tools-for-stm32.12.3.rel1.macos64_1.0.200.202406191456/tools/bin/../lib/gcc/arm-none-eabi/12.3.1/../../../../arm-none-eabi/lib/thumb/v7e-m+fp/hard/libc_nano.a(libc_a-impure.o)
                0x2000016c                _impure_data
 *(.RamFunc)
 *(.RamFunc*)
                0x200001b8                        . = ALIGN (0x4)
                0x200001b8                        _edata = .
                0x08008cd0                        _siccmram = LOADADDR (.ccmram)

.igot.plt       0x200001b8        0x0 load address 0x08008cd0
 .igot.plt      0x200001b8        0x0 /Applications/STM32CubeIDE.app/Contents/Eclipse/plugins/com.st.stm32cube.ide.mcu.externaltools.gnu-tools-for-stm32.12.3.rel1.macos64_1.0.200.202406191456/tools/bin/../lib/gcc/arm-none-eabi/12.3.1/thumb/v7e-m+fp/hard/crtbegin.o

.ccmram         0x10000000        0x0 load address 0x08008cd0
                0x10000000                        . = ALIGN (0x4)
                0x10000000                        _sccmram = .
 *(.ccmram)
 *(.ccmram*)
                0x10000000                        . = ALIGN (0x4)
                0x10000000                        _eccmram = .
                0x10000000                        . = ALIGN (0x4)

.bss            0x200001b8    0x25c80
                0x200001b8                        _sbss = .
                0x200001b8                        __bss_start__ = _sbss
 *(.bss)
 .bss           0x200001b8       0x1c /Applications/STM32CubeIDE.app/Contents/Eclipse/plugins/com.st.stm32cube.ide.mcu.externaltools.gnu-tools-for-stm32.12.3.rel1.macos64_1.0.200.202406191456/tools/bin/../lib/gcc/arm-none-eabi/12.3.1/thumb/v7e-m+fp/hard/crtbegin.o
 *(.bss*)
 .bss.START_FLAG
                0x200001d4        0x1 ./Core/Src/ApplicationCode.o
                0x200001d4                START_FLAG
 *fill*         0x200001d5        0x3 
 .bss.StaticTouchData
                0x200001d8        0x8 ./Core/Src/ApplicationCode.o
 .bss.reg_select
                0x200001e0        0x1 ./Core/Src/InterruptControl.o
 *fill*         0x200001e1        0x3 
 .bss.bit_select
                0x200001e4        0x4 ./Core/Src/InterruptControl.o
 .bss.hltdc     0x200001e8       0xa8 ./Core/Src/LCD_Driver.o
 .bss.PeriphClkInitStruct
                0x20000290       0x30 ./Core/Src/LCD_Driver.o
 .bss.LCD_Currentfonts
                0x200002c0        0x4 ./Core/Src/LCD_Driver.o
 .bss.frameBuffer
                0x200002c4    0x25800 ./Core/Src/LCD_Driver.o
                0x200002c4                frameBuffer
 .bss.ii.0      0x20025ac4        0x2 ./Core/Src/LCD_Driver.o
 .bss.rngHALStatus
                0x20025ac6        0x1 ./Core/Src/RNG.o
 *fill*         0x20025ac7        0x1 
 .bss.hrng      0x20025ac8       0x10 ./Core/Src/RNG.o
 .bss.scheduledEvents
                0x20025ad8        0x4 ./Core/Src/Scheduler.o
 .bss.ENDGAME_FLAG
                0x20025adc        0x1 ./Core/Src/Tetris.o
                0x20025adc                ENDGAME_FLAG
 .bss.ELAPSE_FLAG
                0x20025add        0x1 ./Core/Src/Tetris.o
                0x20025add                ELAPSE_FLAG
 .bss.lowest_row
                0x20025ade        0x1 ./Core/Src/Tetris.o
 .bss.far_overal_l_col
                0x20025adf        0x1 ./Core/Src/Tetris.o
 .bss.far_overal_r_col
                0x20025ae0        0x1 ./Core/Src/Tetris.o
 .bss.Ran_Numb  0x20025ae1        0x1 ./Core/Src/Tetris.o
 *fill*         0x20025ae2        0x2 
 .bss.block_struct
                0x20025ae4       0x16 ./Core/Src/Tetris.o
 .bss.timHALStatus
                0x20025afa        0x1 ./Core/Src/Timer.o
 *fill*         0x20025afb        0x1 
 .bss.htim2     0x20025afc       0x48 ./Core/Src/Timer.o
 .bss.htim5     0x20025b44       0x48 ./Core/Src/Timer.o
 .bss.SpiHandle
                0x20025b8c       0x58 ./Core/Src/ili9341.o
 .bss.Is_LCD_IO_Initialized
                0x20025be4        0x1 ./Core/Src/ili9341.o
 *fill*         0x20025be5        0x3 
 .bss.hI2C3     0x20025be8       0x54 ./Core/Src/stmpe811.o
 .bss.HAL_status
                0x20025c3c        0x1 ./Core/Src/stmpe811.o
 *fill*         0x20025c3d        0x3 
 .bss.uwTick    0x20025c40        0x4 ./Drivers/STM32F4xx_HAL_Driver/Src/stm32f4xx_hal.o
                0x20025c40                uwTick
 .bss.monitor_stderr
                0x20025c44        0x4 /Applications/STM32CubeIDE.app/Contents/Eclipse/plugins/com.st.stm32cube.ide.mcu.externaltools.gnu-tools-for-stm32.12.3.rel1.macos64_1.0.200.202406191456/tools/bin/../lib/gcc/arm-none-eabi/12.3.1/../../../../arm-none-eabi/lib/thumb/v7e-m+fp/hard/librdimon_nano.a(arm_librdimon_a-syscalls.o)
 .bss.monitor_stdout
                0x20025c48        0x4 /Applications/STM32CubeIDE.app/Contents/Eclipse/plugins/com.st.stm32cube.ide.mcu.externaltools.gnu-tools-for-stm32.12.3.rel1.macos64_1.0.200.202406191456/tools/bin/../lib/gcc/arm-none-eabi/12.3.1/../../../../arm-none-eabi/lib/thumb/v7e-m+fp/hard/librdimon_nano.a(arm_librdimon_a-syscalls.o)
 .bss.monitor_stdin
                0x20025c4c        0x4 /Applications/STM32CubeIDE.app/Contents/Eclipse/plugins/com.st.stm32cube.ide.mcu.externaltools.gnu-tools-for-stm32.12.3.rel1.macos64_1.0.200.202406191456/tools/bin/../lib/gcc/arm-none-eabi/12.3.1/../../../../arm-none-eabi/lib/thumb/v7e-m+fp/hard/librdimon_nano.a(arm_librdimon_a-syscalls.o)
 .bss.openfiles
                0x20025c50       0xa0 /Applications/STM32CubeIDE.app/Contents/Eclipse/plugins/com.st.stm32cube.ide.mcu.externaltools.gnu-tools-for-stm32.12.3.rel1.macos64_1.0.200.202406191456/tools/bin/../lib/gcc/arm-none-eabi/12.3.1/../../../../arm-none-eabi/lib/thumb/v7e-m+fp/hard/librdimon_nano.a(arm_librdimon_a-syscalls.o)
 .bss.__sf      0x20025cf0      0x138 /Applications/STM32CubeIDE.app/Contents/Eclipse/plugins/com.st.stm32cube.ide.mcu.externaltools.gnu-tools-for-stm32.12.3.rel1.macos64_1.0.200.202406191456/tools/bin/../lib/gcc/arm-none-eabi/12.3.1/../../../../arm-none-eabi/lib/thumb/v7e-m+fp/hard/libc_nano.a(libc_a-findfp.o)
                0x20025cf0                __sf
 .bss.__stdio_exit_handler
                0x20025e28        0x4 /Applications/STM32CubeIDE.app/Contents/Eclipse/plugins/com.st.stm32cube.ide.mcu.externaltools.gnu-tools-for-stm32.12.3.rel1.macos64_1.0.200.202406191456/tools/bin/../lib/gcc/arm-none-eabi/12.3.1/../../../../arm-none-eabi/lib/thumb/v7e-m+fp/hard/libc_nano.a(libc_a-findfp.o)
                0x20025e28                __stdio_exit_handler
 .bss.__lock___malloc_recursive_mutex
                0x20025e2c        0x1 /Applications/STM32CubeIDE.app/Contents/Eclipse/plugins/com.st.stm32cube.ide.mcu.externaltools.gnu-tools-for-stm32.12.3.rel1.macos64_1.0.200.202406191456/tools/bin/../lib/gcc/arm-none-eabi/12.3.1/../../../../arm-none-eabi/lib/thumb/v7e-m+fp/hard/libc_nano.a(libc_a-lock.o)
                0x20025e2c                __lock___malloc_recursive_mutex
 .bss.__lock___sfp_recursive_mutex
                0x20025e2d        0x1 /Applications/STM32CubeIDE.app/Contents/Eclipse/plugins/com.st.stm32cube.ide.mcu.externaltools.gnu-tools-for-stm32.12.3.rel1.macos64_1.0.200.202406191456/tools/bin/../lib/gcc/arm-none-eabi/12.3.1/../../../../arm-none-eabi/lib/thumb/v7e-m+fp/hard/libc_nano.a(libc_a-lock.o)
                0x20025e2d                __lock___sfp_recursive_mutex
 *fill*         0x20025e2e        0x2 
 .bss.__malloc_free_list
                0x20025e30        0x4 /Applications/STM32CubeIDE.app/Contents/Eclipse/plugins/com.st.stm32cube.ide.mcu.externaltools.gnu-tools-for-stm32.12.3.rel1.macos64_1.0.200.202406191456/tools/bin/../lib/gcc/arm-none-eabi/12.3.1/../../../../arm-none-eabi/lib/thumb/v7e-m+fp/hard/libc_nano.a(libc_a-mallocr.o)
                0x20025e30                __malloc_free_list
 .bss.errno     0x20025e34        0x4 /Applications/STM32CubeIDE.app/Contents/Eclipse/plugins/com.st.stm32cube.ide.mcu.externaltools.gnu-tools-for-stm32.12.3.rel1.macos64_1.0.200.202406191456/tools/bin/../lib/gcc/arm-none-eabi/12.3.1/../../../../arm-none-eabi/lib/thumb/v7e-m+fp/hard/libc_nano.a(libc_a-reent.o)
                0x20025e34                errno
 *(COMMON)
                0x20025e38                        . = ALIGN (0x4)
                0x20025e38                        _ebss = .
                0x20025e38                        __bss_end__ = _ebss

._user_heap_stack
                0x20025e38      0x600
                0x20025e38                        . = ALIGN (0x8)
                0x20025e38                        PROVIDE (end = .)
                0x20025e38                        PROVIDE (_end = .)
                0x20026038                        . = (. + _Min_Heap_Size)
 *fill*         0x20025e38      0x200 
                0x20026438                        . = (. + _Min_Stack_Size)
 *fill*         0x20026038      0x400 
                0x20026438                        . = ALIGN (0x8)

/DISCARD/
 libc.a(*)
 libm.a(*)
 libgcc.a(*)

.ARM.attributes
                0x00000000       0x30
 *(.ARM.attributes)
 .ARM.attributes
                0x00000000       0x22 /Applications/STM32CubeIDE.app/Contents/Eclipse/plugins/com.st.stm32cube.ide.mcu.externaltools.gnu-tools-for-stm32.12.3.rel1.macos64_1.0.200.202406191456/tools/bin/../lib/gcc/arm-none-eabi/12.3.1/thumb/v7e-m+fp/hard/crti.o
 .ARM.attributes
                0x00000022       0x34 /Applications/STM32CubeIDE.app/Contents/Eclipse/plugins/com.st.stm32cube.ide.mcu.externaltools.gnu-tools-for-stm32.12.3.rel1.macos64_1.0.200.202406191456/tools/bin/../lib/gcc/arm-none-eabi/12.3.1/thumb/v7e-m+fp/hard/crtbegin.o
 .ARM.attributes
                0x00000056       0x34 ./Core/Src/ApplicationCode.o
 .ARM.attributes
                0x0000008a       0x34 ./Core/Src/Button_Driver.o
 .ARM.attributes
                0x000000be       0x34 ./Core/Src/InterruptControl.o
 .ARM.attributes
                0x000000f2       0x34 ./Core/Src/LCD_Driver.o
 .ARM.attributes
                0x00000126       0x34 ./Core/Src/RNG.o
 .ARM.attributes
                0x0000015a       0x34 ./Core/Src/Scheduler.o
 .ARM.attributes
                0x0000018e       0x34 ./Core/Src/Tetris.o
 .ARM.attributes
                0x000001c2       0x34 ./Core/Src/Timer.o
 .ARM.attributes
                0x000001f6       0x34 ./Core/Src/fonts.o
 .ARM.attributes
                0x0000022a       0x34 ./Core/Src/ili9341.o
 .ARM.attributes
                0x0000025e       0x34 ./Core/Src/main.o
 .ARM.attributes
                0x00000292       0x34 ./Core/Src/stm32f4xx_hal_msp.o
 .ARM.attributes
                0x000002c6       0x34 ./Core/Src/stm32f4xx_it.o
 .ARM.attributes
                0x000002fa       0x34 ./Core/Src/stmpe811.o
 .ARM.attributes
                0x0000032e       0x34 ./Core/Src/system_stm32f4xx.o
 .ARM.attributes
                0x00000362       0x21 ./Core/Startup/startup_stm32f429zitx.o
 .ARM.attributes
                0x00000383       0x34 ./Drivers/STM32F4xx_HAL_Driver/Src/stm32f4xx_hal.o
 .ARM.attributes
                0x000003b7       0x34 ./Drivers/STM32F4xx_HAL_Driver/Src/stm32f4xx_hal_cortex.o
 .ARM.attributes
                0x000003eb       0x34 ./Drivers/STM32F4xx_HAL_Driver/Src/stm32f4xx_hal_gpio.o
 .ARM.attributes
                0x0000041f       0x34 ./Drivers/STM32F4xx_HAL_Driver/Src/stm32f4xx_hal_i2c.o
 .ARM.attributes
                0x00000453       0x34 ./Drivers/STM32F4xx_HAL_Driver/Src/stm32f4xx_hal_ltdc.o
 .ARM.attributes
                0x00000487       0x34 ./Drivers/STM32F4xx_HAL_Driver/Src/stm32f4xx_hal_rcc.o
 .ARM.attributes
                0x000004bb       0x34 ./Drivers/STM32F4xx_HAL_Driver/Src/stm32f4xx_hal_rcc_ex.o
 .ARM.attributes
                0x000004ef       0x34 ./Drivers/STM32F4xx_HAL_Driver/Src/stm32f4xx_hal_rng.o
 .ARM.attributes
                0x00000523       0x34 ./Drivers/STM32F4xx_HAL_Driver/Src/stm32f4xx_hal_spi.o
 .ARM.attributes
                0x00000557       0x34 ./Drivers/STM32F4xx_HAL_Driver/Src/stm32f4xx_hal_tim.o
 .ARM.attributes
                0x0000058b       0x34 /Applications/STM32CubeIDE.app/Contents/Eclipse/plugins/com.st.stm32cube.ide.mcu.externaltools.gnu-tools-for-stm32.12.3.rel1.macos64_1.0.200.202406191456/tools/bin/../lib/gcc/arm-none-eabi/12.3.1/../../../../arm-none-eabi/lib/thumb/v7e-m+fp/hard/librdimon_nano.a(arm_librdimon_a-syscalls.o)
 .ARM.attributes
                0x000005bf       0x34 /Applications/STM32CubeIDE.app/Contents/Eclipse/plugins/com.st.stm32cube.ide.mcu.externaltools.gnu-tools-for-stm32.12.3.rel1.macos64_1.0.200.202406191456/tools/bin/../lib/gcc/arm-none-eabi/12.3.1/../../../../arm-none-eabi/lib/thumb/v7e-m+fp/hard/libc_nano.a(libc_a-itoa.o)
 .ARM.attributes
                0x000005f3       0x34 /Applications/STM32CubeIDE.app/Contents/Eclipse/plugins/com.st.stm32cube.ide.mcu.externaltools.gnu-tools-for-stm32.12.3.rel1.macos64_1.0.200.202406191456/tools/bin/../lib/gcc/arm-none-eabi/12.3.1/../../../../arm-none-eabi/lib/thumb/v7e-m+fp/hard/libc_nano.a(libc_a-findfp.o)
 .ARM.attributes
                0x00000627       0x34 /Applications/STM32CubeIDE.app/Contents/Eclipse/plugins/com.st.stm32cube.ide.mcu.externaltools.gnu-tools-for-stm32.12.3.rel1.macos64_1.0.200.202406191456/tools/bin/../lib/gcc/arm-none-eabi/12.3.1/../../../../arm-none-eabi/lib/thumb/v7e-m+fp/hard/libc_nano.a(libc_a-utoa.o)
 .ARM.attributes
                0x0000065b       0x34 /Applications/STM32CubeIDE.app/Contents/Eclipse/plugins/com.st.stm32cube.ide.mcu.externaltools.gnu-tools-for-stm32.12.3.rel1.macos64_1.0.200.202406191456/tools/bin/../lib/gcc/arm-none-eabi/12.3.1/../../../../arm-none-eabi/lib/thumb/v7e-m+fp/hard/libc_nano.a(libc_a-fwalk.o)
 .ARM.attributes
                0x0000068f       0x34 /Applications/STM32CubeIDE.app/Contents/Eclipse/plugins/com.st.stm32cube.ide.mcu.externaltools.gnu-tools-for-stm32.12.3.rel1.macos64_1.0.200.202406191456/tools/bin/../lib/gcc/arm-none-eabi/12.3.1/../../../../arm-none-eabi/lib/thumb/v7e-m+fp/hard/libc_nano.a(libc_a-memset.o)
 .ARM.attributes
                0x000006c3       0x34 /Applications/STM32CubeIDE.app/Contents/Eclipse/plugins/com.st.stm32cube.ide.mcu.externaltools.gnu-tools-for-stm32.12.3.rel1.macos64_1.0.200.202406191456/tools/bin/../lib/gcc/arm-none-eabi/12.3.1/../../../../arm-none-eabi/lib/thumb/v7e-m+fp/hard/libc_nano.a(libc_a-impure.o)
 .ARM.attributes
                0x000006f7       0x34 /Applications/STM32CubeIDE.app/Contents/Eclipse/plugins/com.st.stm32cube.ide.mcu.externaltools.gnu-tools-for-stm32.12.3.rel1.macos64_1.0.200.202406191456/tools/bin/../lib/gcc/arm-none-eabi/12.3.1/../../../../arm-none-eabi/lib/thumb/v7e-m+fp/hard/libc_nano.a(libc_a-errno.o)
 .ARM.attributes
                0x0000072b       0x34 /Applications/STM32CubeIDE.app/Contents/Eclipse/plugins/com.st.stm32cube.ide.mcu.externaltools.gnu-tools-for-stm32.12.3.rel1.macos64_1.0.200.202406191456/tools/bin/../lib/gcc/arm-none-eabi/12.3.1/../../../../arm-none-eabi/lib/thumb/v7e-m+fp/hard/libc_nano.a(libc_a-init.o)
 .ARM.attributes
                0x0000075f       0x34 /Applications/STM32CubeIDE.app/Contents/Eclipse/plugins/com.st.stm32cube.ide.mcu.externaltools.gnu-tools-for-stm32.12.3.rel1.macos64_1.0.200.202406191456/tools/bin/../lib/gcc/arm-none-eabi/12.3.1/../../../../arm-none-eabi/lib/thumb/v7e-m+fp/hard/libc_nano.a(libc_a-lock.o)
 .ARM.attributes
                0x00000793       0x17 /Applications/STM32CubeIDE.app/Contents/Eclipse/plugins/com.st.stm32cube.ide.mcu.externaltools.gnu-tools-for-stm32.12.3.rel1.macos64_1.0.200.202406191456/tools/bin/../lib/gcc/arm-none-eabi/12.3.1/../../../../arm-none-eabi/lib/thumb/v7e-m+fp/hard/libc_nano.a(libc_a-strlen.o)
 .ARM.attributes
                0x000007aa       0x34 /Applications/STM32CubeIDE.app/Contents/Eclipse/plugins/com.st.stm32cube.ide.mcu.externaltools.gnu-tools-for-stm32.12.3.rel1.macos64_1.0.200.202406191456/tools/bin/../lib/gcc/arm-none-eabi/12.3.1/../../../../arm-none-eabi/lib/thumb/v7e-m+fp/hard/libc_nano.a(libc_a-mallocr.o)
 .ARM.attributes
                0x000007de       0x34 /Applications/STM32CubeIDE.app/Contents/Eclipse/plugins/com.st.stm32cube.ide.mcu.externaltools.gnu-tools-for-stm32.12.3.rel1.macos64_1.0.200.202406191456/tools/bin/../lib/gcc/arm-none-eabi/12.3.1/../../../../arm-none-eabi/lib/thumb/v7e-m+fp/hard/libc_nano.a(libc_a-fflush.o)
 .ARM.attributes
                0x00000812       0x34 /Applications/STM32CubeIDE.app/Contents/Eclipse/plugins/com.st.stm32cube.ide.mcu.externaltools.gnu-tools-for-stm32.12.3.rel1.macos64_1.0.200.202406191456/tools/bin/../lib/gcc/arm-none-eabi/12.3.1/../../../../arm-none-eabi/lib/thumb/v7e-m+fp/hard/libc_nano.a(libc_a-mlock.o)
 .ARM.attributes
                0x00000846       0x34 /Applications/STM32CubeIDE.app/Contents/Eclipse/plugins/com.st.stm32cube.ide.mcu.externaltools.gnu-tools-for-stm32.12.3.rel1.macos64_1.0.200.202406191456/tools/bin/../lib/gcc/arm-none-eabi/12.3.1/../../../../arm-none-eabi/lib/thumb/v7e-m+fp/hard/libc_nano.a(libc_a-stdio.o)
 .ARM.attributes
                0x0000087a       0x34 /Applications/STM32CubeIDE.app/Contents/Eclipse/plugins/com.st.stm32cube.ide.mcu.externaltools.gnu-tools-for-stm32.12.3.rel1.macos64_1.0.200.202406191456/tools/bin/../lib/gcc/arm-none-eabi/12.3.1/../../../../arm-none-eabi/lib/thumb/v7e-m+fp/hard/libc_nano.a(libc_a-closer.o)
 .ARM.attributes
                0x000008ae       0x34 /Applications/STM32CubeIDE.app/Contents/Eclipse/plugins/com.st.stm32cube.ide.mcu.externaltools.gnu-tools-for-stm32.12.3.rel1.macos64_1.0.200.202406191456/tools/bin/../lib/gcc/arm-none-eabi/12.3.1/../../../../arm-none-eabi/lib/thumb/v7e-m+fp/hard/libc_nano.a(libc_a-reent.o)
 .ARM.attributes
                0x000008e2       0x34 /Applications/STM32CubeIDE.app/Contents/Eclipse/plugins/com.st.stm32cube.ide.mcu.externaltools.gnu-tools-for-stm32.12.3.rel1.macos64_1.0.200.202406191456/tools/bin/../lib/gcc/arm-none-eabi/12.3.1/../../../../arm-none-eabi/lib/thumb/v7e-m+fp/hard/libc_nano.a(libc_a-lseekr.o)
 .ARM.attributes
                0x00000916       0x34 /Applications/STM32CubeIDE.app/Contents/Eclipse/plugins/com.st.stm32cube.ide.mcu.externaltools.gnu-tools-for-stm32.12.3.rel1.macos64_1.0.200.202406191456/tools/bin/../lib/gcc/arm-none-eabi/12.3.1/../../../../arm-none-eabi/lib/thumb/v7e-m+fp/hard/libc_nano.a(libc_a-readr.o)
 .ARM.attributes
                0x0000094a       0x34 /Applications/STM32CubeIDE.app/Contents/Eclipse/plugins/com.st.stm32cube.ide.mcu.externaltools.gnu-tools-for-stm32.12.3.rel1.macos64_1.0.200.202406191456/tools/bin/../lib/gcc/arm-none-eabi/12.3.1/../../../../arm-none-eabi/lib/thumb/v7e-m+fp/hard/libc_nano.a(libc_a-writer.o)
 .ARM.attributes
                0x0000097e       0x34 /Applications/STM32CubeIDE.app/Contents/Eclipse/plugins/com.st.stm32cube.ide.mcu.externaltools.gnu-tools-for-stm32.12.3.rel1.macos64_1.0.200.202406191456/tools/bin/../lib/gcc/arm-none-eabi/12.3.1/../../../../arm-none-eabi/lib/thumb/v7e-m+fp/hard/libc_nano.a(libc_a-freer.o)
 .ARM.attributes
                0x000009b2       0x22 /Applications/STM32CubeIDE.app/Contents/Eclipse/plugins/com.st.stm32cube.ide.mcu.externaltools.gnu-tools-for-stm32.12.3.rel1.macos64_1.0.200.202406191456/tools/bin/../lib/gcc/arm-none-eabi/12.3.1/thumb/v7e-m+fp/hard/libgcc.a(_aeabi_uldivmod.o)
 .ARM.attributes
                0x000009d4       0x34 /Applications/STM32CubeIDE.app/Contents/Eclipse/plugins/com.st.stm32cube.ide.mcu.externaltools.gnu-tools-for-stm32.12.3.rel1.macos64_1.0.200.202406191456/tools/bin/../lib/gcc/arm-none-eabi/12.3.1/thumb/v7e-m+fp/hard/libgcc.a(_udivmoddi4.o)
 .ARM.attributes
                0x00000a08       0x22 /Applications/STM32CubeIDE.app/Contents/Eclipse/plugins/com.st.stm32cube.ide.mcu.externaltools.gnu-tools-for-stm32.12.3.rel1.macos64_1.0.200.202406191456/tools/bin/../lib/gcc/arm-none-eabi/12.3.1/thumb/v7e-m+fp/hard/libgcc.a(_dvmd_tls.o)
 .ARM.attributes
                0x00000a2a       0x22 /Applications/STM32CubeIDE.app/Contents/Eclipse/plugins/com.st.stm32cube.ide.mcu.externaltools.gnu-tools-for-stm32.12.3.rel1.macos64_1.0.200.202406191456/tools/bin/../lib/gcc/arm-none-eabi/12.3.1/thumb/v7e-m+fp/hard/crtn.o
OUTPUT(FContrerasAcostaFinal.elf elf32-littlearm)
LOAD linker stubs
LOAD /Applications/STM32CubeIDE.app/Contents/Eclipse/plugins/com.st.stm32cube.ide.mcu.externaltools.gnu-tools-for-stm32.12.3.rel1.macos64_1.0.200.202406191456/tools/bin/../lib/gcc/arm-none-eabi/12.3.1/../../../../arm-none-eabi/lib/thumb/v7e-m+fp/hard/libc.a
LOAD /Applications/STM32CubeIDE.app/Contents/Eclipse/plugins/com.st.stm32cube.ide.mcu.externaltools.gnu-tools-for-stm32.12.3.rel1.macos64_1.0.200.202406191456/tools/bin/../lib/gcc/arm-none-eabi/12.3.1/../../../../arm-none-eabi/lib/thumb/v7e-m+fp/hard/libm.a
LOAD /Applications/STM32CubeIDE.app/Contents/Eclipse/plugins/com.st.stm32cube.ide.mcu.externaltools.gnu-tools-for-stm32.12.3.rel1.macos64_1.0.200.202406191456/tools/bin/../lib/gcc/arm-none-eabi/12.3.1/thumb/v7e-m+fp/hard/libgcc.a

.debug_info     0x00000000    0x117d2
 .debug_info    0x00000000      0x414 ./Core/Src/ApplicationCode.o
 .debug_info    0x00000414      0x479 ./Core/Src/Button_Driver.o
 .debug_info    0x0000088d      0x1db ./Core/Src/InterruptControl.o
 .debug_info    0x00000a68     0x1329 ./Core/Src/LCD_Driver.o
 .debug_info    0x00001d91      0x41a ./Core/Src/RNG.o
 .debug_info    0x000021ab       0xf7 ./Core/Src/Scheduler.o
 .debug_info    0x000022a2      0x61a ./Core/Src/Tetris.o
 .debug_info    0x000028bc      0x9ba ./Core/Src/Timer.o
 .debug_info    0x00003276      0x145 ./Core/Src/fonts.o
 .debug_info    0x000033bb      0xc85 ./Core/Src/ili9341.o
 .debug_info    0x00004040      0x684 ./Core/Src/main.o
 .debug_info    0x000046c4     0x17bd ./Core/Src/stm32f4xx_hal_msp.o
 .debug_info    0x00005e81      0x119 ./Core/Src/stm32f4xx_it.o
 .debug_info    0x00005f9a      0xdd8 ./Core/Src/stmpe811.o
 .debug_info    0x00006d72      0x52e ./Core/Src/system_stm32f4xx.o
 .debug_info    0x000072a0       0x30 ./Core/Startup/startup_stm32f429zitx.o
 .debug_info    0x000072d0      0x9ba ./Drivers/STM32F4xx_HAL_Driver/Src/stm32f4xx_hal.o
 .debug_info    0x00007c8a      0xdc2 ./Drivers/STM32F4xx_HAL_Driver/Src/stm32f4xx_hal_cortex.o
 .debug_info    0x00008a4c      0x6db ./Drivers/STM32F4xx_HAL_Driver/Src/stm32f4xx_hal_gpio.o
 .debug_info    0x00009127     0x2421 ./Drivers/STM32F4xx_HAL_Driver/Src/stm32f4xx_hal_i2c.o
 .debug_info    0x0000b548     0x1022 ./Drivers/STM32F4xx_HAL_Driver/Src/stm32f4xx_hal_ltdc.o
 .debug_info    0x0000c56a      0x8c7 ./Drivers/STM32F4xx_HAL_Driver/Src/stm32f4xx_hal_rcc.o
 .debug_info    0x0000ce31      0x64c ./Drivers/STM32F4xx_HAL_Driver/Src/stm32f4xx_hal_rcc_ex.o
 .debug_info    0x0000d47d      0x493 ./Drivers/STM32F4xx_HAL_Driver/Src/stm32f4xx_hal_rng.o
 .debug_info    0x0000d910     0x1525 ./Drivers/STM32F4xx_HAL_Driver/Src/stm32f4xx_hal_spi.o
 .debug_info    0x0000ee35     0x299d ./Drivers/STM32F4xx_HAL_Driver/Src/stm32f4xx_hal_tim.o

.debug_abbrev   0x00000000     0x3131
 .debug_abbrev  0x00000000      0x170 ./Core/Src/ApplicationCode.o
 .debug_abbrev  0x00000170      0x1bc ./Core/Src/Button_Driver.o
 .debug_abbrev  0x0000032c       0xe0 ./Core/Src/InterruptControl.o
 .debug_abbrev  0x0000040c      0x32b ./Core/Src/LCD_Driver.o
 .debug_abbrev  0x00000737      0x157 ./Core/Src/RNG.o
 .debug_abbrev  0x0000088e       0xad ./Core/Src/Scheduler.o
 .debug_abbrev  0x0000093b      0x25b ./Core/Src/Tetris.o
 .debug_abbrev  0x00000b96      0x1ea ./Core/Src/Timer.o
 .debug_abbrev  0x00000d80       0xc6 ./Core/Src/fonts.o
 .debug_abbrev  0x00000e46      0x2c9 ./Core/Src/ili9341.o
 .debug_abbrev  0x0000110f      0x24a ./Core/Src/main.o
 .debug_abbrev  0x00001359      0x25c ./Core/Src/stm32f4xx_hal_msp.o
 .debug_abbrev  0x000015b5       0x73 ./Core/Src/stm32f4xx_it.o
 .debug_abbrev  0x00001628      0x2c9 ./Core/Src/stmpe811.o
 .debug_abbrev  0x000018f1      0x11a ./Core/Src/system_stm32f4xx.o
 .debug_abbrev  0x00001a0b       0x24 ./Core/Startup/startup_stm32f429zitx.o
 .debug_abbrev  0x00001a2f      0x214 ./Drivers/STM32F4xx_HAL_Driver/Src/stm32f4xx_hal.o
 .debug_abbrev  0x00001c43      0x31d ./Drivers/STM32F4xx_HAL_Driver/Src/stm32f4xx_hal_cortex.o
 .debug_abbrev  0x00001f60      0x1d4 ./Drivers/STM32F4xx_HAL_Driver/Src/stm32f4xx_hal_gpio.o
 .debug_abbrev  0x00002134      0x2ad ./Drivers/STM32F4xx_HAL_Driver/Src/stm32f4xx_hal_i2c.o
 .debug_abbrev  0x000023e1      0x233 ./Drivers/STM32F4xx_HAL_Driver/Src/stm32f4xx_hal_ltdc.o
 .debug_abbrev  0x00002614      0x2b7 ./Drivers/STM32F4xx_HAL_Driver/Src/stm32f4xx_hal_rcc.o
 .debug_abbrev  0x000028cb      0x1b0 ./Drivers/STM32F4xx_HAL_Driver/Src/stm32f4xx_hal_rcc_ex.o
 .debug_abbrev  0x00002a7b      0x1c4 ./Drivers/STM32F4xx_HAL_Driver/Src/stm32f4xx_hal_rng.o
 .debug_abbrev  0x00002c3f      0x27a ./Drivers/STM32F4xx_HAL_Driver/Src/stm32f4xx_hal_spi.o
 .debug_abbrev  0x00002eb9      0x278 ./Drivers/STM32F4xx_HAL_Driver/Src/stm32f4xx_hal_tim.o

.debug_aranges  0x00000000     0x12e8
 .debug_aranges
                0x00000000       0x58 ./Core/Src/ApplicationCode.o
 .debug_aranges
                0x00000058       0x38 ./Core/Src/Button_Driver.o
 .debug_aranges
                0x00000090       0x40 ./Core/Src/InterruptControl.o
 .debug_aranges
                0x000000d0       0xe0 ./Core/Src/LCD_Driver.o
 .debug_aranges
                0x000001b0       0x28 ./Core/Src/RNG.o
 .debug_aranges
                0x000001d8       0x30 ./Core/Src/Scheduler.o
 .debug_aranges
                0x00000208       0x60 ./Core/Src/Tetris.o
 .debug_aranges
                0x00000268       0x58 ./Core/Src/Timer.o
 .debug_aranges
                0x000002c0       0x18 ./Core/Src/fonts.o
 .debug_aranges
                0x000002d8       0x98 ./Core/Src/ili9341.o
 .debug_aranges
                0x00000370       0x40 ./Core/Src/main.o
 .debug_aranges
                0x000003b0       0x70 ./Core/Src/stm32f4xx_hal_msp.o
 .debug_aranges
                0x00000420       0x60 ./Core/Src/stm32f4xx_it.o
 .debug_aranges
                0x00000480       0x88 ./Core/Src/stmpe811.o
 .debug_aranges
                0x00000508       0x28 ./Core/Src/system_stm32f4xx.o
 .debug_aranges
                0x00000530       0x28 ./Core/Startup/startup_stm32f429zitx.o
 .debug_aranges
                0x00000558      0x100 ./Drivers/STM32F4xx_HAL_Driver/Src/stm32f4xx_hal.o
 .debug_aranges
                0x00000658      0x130 ./Drivers/STM32F4xx_HAL_Driver/Src/stm32f4xx_hal_cortex.o
 .debug_aranges
                0x00000788       0x58 ./Drivers/STM32F4xx_HAL_Driver/Src/stm32f4xx_hal_gpio.o
 .debug_aranges
                0x000007e0      0x2a8 ./Drivers/STM32F4xx_HAL_Driver/Src/stm32f4xx_hal_i2c.o
 .debug_aranges
                0x00000a88      0x158 ./Drivers/STM32F4xx_HAL_Driver/Src/stm32f4xx_hal_ltdc.o
 .debug_aranges
                0x00000be0       0x88 ./Drivers/STM32F4xx_HAL_Driver/Src/stm32f4xx_hal_rcc.o
 .debug_aranges
                0x00000c68       0x58 ./Drivers/STM32F4xx_HAL_Driver/Src/stm32f4xx_hal_rcc_ex.o
 .debug_aranges
                0x00000cc0       0x88 ./Drivers/STM32F4xx_HAL_Driver/Src/stm32f4xx_hal_rng.o
 .debug_aranges
                0x00000d48      0x1d0 ./Drivers/STM32F4xx_HAL_Driver/Src/stm32f4xx_hal_spi.o
 .debug_aranges
                0x00000f18      0x3d0 ./Drivers/STM32F4xx_HAL_Driver/Src/stm32f4xx_hal_tim.o

.debug_rnglists
                0x00000000      0xe91
 .debug_rnglists
                0x00000000       0x3d ./Core/Src/ApplicationCode.o
 .debug_rnglists
                0x0000003d       0x25 ./Core/Src/Button_Driver.o
 .debug_rnglists
                0x00000062       0x2b ./Core/Src/InterruptControl.o
 .debug_rnglists
                0x0000008d       0xad ./Core/Src/LCD_Driver.o
 .debug_rnglists
                0x0000013a       0x19 ./Core/Src/RNG.o
 .debug_rnglists
                0x00000153       0x1f ./Core/Src/Scheduler.o
 .debug_rnglists
                0x00000172       0x5f ./Core/Src/Tetris.o
 .debug_rnglists
                0x000001d1       0x3e ./Core/Src/Timer.o
 .debug_rnglists
                0x0000020f       0x6f ./Core/Src/ili9341.o
 .debug_rnglists
                0x0000027e       0x2e ./Core/Src/main.o
 .debug_rnglists
                0x000002ac       0x53 ./Core/Src/stm32f4xx_hal_msp.o
 .debug_rnglists
                0x000002ff       0x43 ./Core/Src/stm32f4xx_it.o
 .debug_rnglists
                0x00000342       0x67 ./Core/Src/stmpe811.o
 .debug_rnglists
                0x000003a9       0x1a ./Core/Src/system_stm32f4xx.o
 .debug_rnglists
                0x000003c3       0x19 ./Core/Startup/startup_stm32f429zitx.o
 .debug_rnglists
                0x000003dc       0xbb ./Drivers/STM32F4xx_HAL_Driver/Src/stm32f4xx_hal.o
 .debug_rnglists
                0x00000497       0xe0 ./Drivers/STM32F4xx_HAL_Driver/Src/stm32f4xx_hal_cortex.o
 .debug_rnglists
                0x00000577       0x3f ./Drivers/STM32F4xx_HAL_Driver/Src/stm32f4xx_hal_gpio.o
 .debug_rnglists
                0x000005b6      0x23c ./Drivers/STM32F4xx_HAL_Driver/Src/stm32f4xx_hal_i2c.o
 .debug_rnglists
                0x000007f2      0x10a ./Drivers/STM32F4xx_HAL_Driver/Src/stm32f4xx_hal_ltdc.o
 .debug_rnglists
                0x000008fc       0x66 ./Drivers/STM32F4xx_HAL_Driver/Src/stm32f4xx_hal_rcc.o
 .debug_rnglists