../Core/Src/LCD_Driver.c:37:6:LCD_GPIO_Init	56	static
../Core/Src/LCD_Driver.c:120:6:LTCD_Layer_Init	72	static
../Core/Src/LCD_Driver.c:149:6:clearScreen	8	static
../Core/Src/LCD_Driver.c:154:6:LTCD__Init	8	static
../Core/Src/LCD_Driver.c:213:6:LCD_Draw_Pixel	16	static
../Core/Src/LCD_Driver.c:250:6:LCD_Clear	24	static
../Core/Src/LCD_Driver.c:261:6:LCD_SetTextColor	16	static
../Core/Src/LCD_Driver.c:267:6:LCD_SetFont	16	static
../Core/Src/LCD_Driver.c:273:6:LCD_Draw_Char	24	static
../Core/Src/LCD_Driver.c:293:6:LCD_DisplayChar	16	static
../Core/Src/LCD_Driver.c:349:6:LCD_Error_Handler	4	static,ignoring_inline_asm
../Core/Src/LCD_Driver.c:364:6:InitializeLCDTouch	8	static
../Core/Src/LCD_Driver.c:372:18:returnTouchStateAndLocation	16	static
../Core/Src/LCD_Driver.c:377:6:DetermineTouchPosition	16	static
../Core/Src/LCD_Driver.c:382:9:ReadRegisterFromTouchModule	16	static
../Core/Src/LCD_Driver.c:387:6:WriteDataToTouchModule	16	static
../Core/Src/LCD_Driver.c:395:6:Start_Screen	8	static
../Core/Src/LCD_Driver.c:442:6:O_Shape	32	static
../Core/Src/LCD_Driver.c:453:6:I_Shape	32	static
../Core/Src/LCD_Driver.c:463:6:S_Shape	32	static
../Core/Src/LCD_Driver.c:478:6:Z_Shape	32	static
../Core/Src/LCD_Driver.c:493:6:L_Shape	32	static
../Core/Src/LCD_Driver.c:517:6:J_Shape	32	static
../Core/Src/LCD_Driver.c:539:6:T_Shape	32	static
../Core/Src/LCD_Driver.c:558:6:Draw_Block	24	static
